******************************************************************************
                  TI ARM Linker PC v18.12.1                    
******************************************************************************
>> Linked Tue Sep 24 15:16:53 2019

OUTPUT FILE NAME:   <Senscar_teste.out>
ENTRY POINT SYMBOL: "_c_int00_noargs"  address: 00004c41


MEMORY CONFIGURATION

         name            origin    length      used     unused   attr    fill
----------------------  --------  ---------  --------  --------  ----  --------
  MAIN                  00000000   00040000  00005463  0003ab9d  R  X
  INFO                  00200000   00004000  00000000  00004000  R  X
  SRAM_CODE             01000000   00010000  00000000  00010000  RW X
  SRAM_DATA             20000000   00010000  00000439  0000fbc7  RW  


SEGMENT ALLOCATION MAP

run origin  load origin   length   init length attrs members
----------  ----------- ---------- ----------- ----- -------
00000000    00000000    00005468   00005468    r-x
  00000000    00000000    00000140   00000140    r-- .intvecs
  00000140    00000140    00004fac   00004fac    r-x .text
  000050ec    000050ec    0000028f   0000028f    r-- .const
  00005380    00005380    000000e8   000000e8    r-- .cinit
20000000    20000000    00000239   00000000    rw-
  20000000    20000000    00000178   00000000    rw- .data
  20000178    20000178    000000c1   00000000    rw- .bss
2000fe00    2000fe00    00000200   00000000    rw-
  2000fe00    2000fe00    00000200   00000000    rw- .stack


SECTION ALLOCATION MAP

 output                                  attributes/
section   page    origin      length       input sections
--------  ----  ----------  ----------   ----------------
.intvecs   0    00000000    00000140     
                  00000000    00000140     startup_msp432p401r_ccs.obj (.intvecs:retain)

.text      0    00000140    00004fac     
                  00000140    000021e4     uart_pc_echo_12mhz_brclk.obj (.text)
                  00002324    00000a4e     rtsv7M4_T_le_v4SPD16_eabi.lib : _printfi.c.obj (.text:__TI_printfi)
                  00002d72    00000002                                   : div0.asm.obj (.text)
                  00002d74    00000328     system_msp432p401r.obj (.text)
                  0000309c    00000270     rtsv7M4_T_le_v4SPD16_eabi.lib : _printfi.c.obj (.text:_pconv_a)
                  0000330c    00000254     printf.obj (.text)
                  00003560    000001d0     rtsv7M4_T_le_v4SPD16_eabi.lib : _printfi.c.obj (.text:_pconv_g)
                  00003730    000001c8     dht11.obj (.text)
                  000038f8    000001b6     rtsv7M4_T_le_v4SPD16_eabi.lib : fd_add_t2.asm.obj (.text)
                  00003aae    00000002     --HOLE-- [fill = 0]
                  00003ab0    00000154     msp432p4xx_driverlib.lib : adc14.o (.text:_getIndexForMemRegister)
                  00003c04    0000013c     rtsv7M4_T_le_v4SPD16_eabi.lib : _printfi.c.obj (.text:_pconv_e)
                  00003d40    00000136                                   : fd_div_t2.asm.obj (.text)
                  00003e76    00000002     --HOLE-- [fill = 0]
                  00003e78    00000124                                   : _printfi.c.obj (.text:fcvt)
                  00003f9c    00000110                                   : s_scalbn.c.obj (.text:scalbn)
                  000040ac    000000fc                                   : fd_mul_t2.asm.obj (.text)
                  000041a8    000000b2     msp432p4xx_driverlib.lib : timer_a.o (.text:privateTimer_AProcessClockSourceDivider)
                  0000425a    00000002     --HOLE-- [fill = 0]
                  0000425c    000000b1     rtsv7M4_T_le_v4SPD16_eabi.lib : _printfi.c.obj (.text:_ltostr)
                  0000430d    00000001     --HOLE-- [fill = 0]
                  0000430e    0000009c                                   : memcpy_t2.asm.obj (.text)
                  000043aa    00000096                                   : ull_div_t2.asm.obj (.text)
                  00004440    00000094     msp432p4xx_driverlib.lib : uart.o (.text:UART_initModule)
                  000044d4    00000086     rtsv7M4_T_le_v4SPD16_eabi.lib : fd_cmp_t2.asm.obj (.text:__aeabi_cdcmple)
                  0000455a    00000086                                   : fd_cmp_t2.asm.obj (.text:__aeabi_cdrcmple)
                  000045e0    0000007a                                   : memset_t2.asm.obj (.text)
                  0000465a    00000002     --HOLE-- [fill = 0]
                  0000465c    00000078     msp432p4xx_driverlib.lib : adc14.o (.text:ADC14_configureMultiSequenceMode)
                  000046d4    0000006e     rtsv7M4_T_le_v4SPD16_eabi.lib : _printfi.c.obj (.text:_mcpy)
                  00004742    00000002     --HOLE-- [fill = 0]
                  00004744    0000006c     msp432p4xx_driverlib.lib : adc14.o (.text:ADC14_configureConversionMemory)
                  000047b0    00000068     rtsv7M4_T_le_v4SPD16_eabi.lib : copy_decompress_lzss.c.obj (.text:decompress:lzss:__TI_decompress_lzss)
                  00004818    00000064     msp432p4xx_driverlib.lib : interrupt.o (.text:Interrupt_enableInterrupt)
                  0000487c    00000064     rtsv7M4_T_le_v4SPD16_eabi.lib : s_frexp.c.obj (.text:frexp)
                  000048e0    00000056                                   : _printfi.c.obj (.text:_pconv_f)
                  00004936    00000054                                   : ltoa.c.obj (.text:ltoa)
                  0000498a    00000052                                   : _printfi.c.obj (.text:_ecpy)
                  000049dc    0000004c                                   : atoi.c.obj (.text:atoi)
                  00004a28    00000048     msp432p4xx_driverlib.lib : gpio.o (.text:GPIO_setAsPeripheralModuleFunctionInputPin)
                  00004a70    00000048                              : timer32.o (.text:Timer32_initModule)
                  00004ab8    00000048     rtsv7M4_T_le_v4SPD16_eabi.lib : fd_toi_t2.asm.obj (.text)
                  00004b00    00000044     msp432p4xx_driverlib.lib : adc14.o (.text:ADC14_getMultiSequenceResult)
                  00004b44    00000044     rtsv7M4_T_le_v4SPD16_eabi.lib : autoinit.c.obj (.text:__TI_auto_init_nobinit_nopinit:__TI_auto_init_nobinit_nopinit)
                  00004b88    00000040                                   : sprintf.c.obj (.text:sprintf)
                  00004bc8    0000003e                                   : _printfi.c.obj (.text:_fcpy)
                  00004c06    00000002     --HOLE-- [fill = 0]
                  00004c08    00000038     msp432p4xx_driverlib.lib : adc14.o (.text:ADC14_initModule)
                  00004c40    00000034     rtsv7M4_T_le_v4SPD16_eabi.lib : boot_cortex_m.c.obj (.text:_c_int00_noargs:_c_int00_noargs)
                  00004c74    0000002e                                   : i_tofd_t2.asm.obj (.text)
                  00004ca2    00000002     --HOLE-- [fill = 0]
                  00004ca4    0000002c     msp432p4xx_driverlib.lib : adc14.o (.text:ADC14_enableConversion)
                  00004cd0    0000002c                              : gpio.o (.text:GPIO_setAsInputPin)
                  00004cfc    00000028                              : adc14.o (.text:ADC14_enableSampleTimer)
                  00004d24    00000024                              : adc14.o (.text:ADC14_getEnabledInterruptStatus)
                  00004d48    00000024                              : cs.o (.text:CS_setDCOCenteredFrequency)
                  00004d6c    00000024                              : gpio.o (.text:GPIO_setAsOutputPin)
                  00004d90    00000024                              : timer32.o (.text:Timer32_setCount)
                  00004db4    00000024                              : timer_a.o (.text:Timer_A_configureContinuousMode)
                  00004dd8    00000024                              : uart.o (.text:UART_receiveData)
                  00004dfc    00000024                              : uart.o (.text:UART_transmitData)
                  00004e20    00000020                              : adc14.o (.text:ADC14_clearInterruptFlag)
                  00004e40    00000020                              : adc14.o (.text:ADC14_disableModule)
                  00004e60    00000020                              : adc14.o (.text:ADC14_enableInterrupt)
                  00004e80    00000020                              : adc14.o (.text:ADC14_toggleConversionTrigger)
                  00004ea0    00000020                              : timer32.o (.text:Timer32_startTimer)
                  00004ec0    0000001e     rtsv7M4_T_le_v4SPD16_eabi.lib : strcat.c.obj (.text:strcat)
                  00004ede    00000002     --HOLE-- [fill = 0]
                  00004ee0    0000001c     msp432p4xx_driverlib.lib : adc14.o (.text:ADC14_getInterruptStatus)
                  00004efc    0000001c     rtsv7M4_T_le_v4SPD16_eabi.lib : memccpy.c.obj (.text:memccpy)
                  00004f18    0000001a                                   : s_copysign.c.obj (.text:copysign)
                  00004f32    00000002     --HOLE-- [fill = 0]
                  00004f34    00000018     msp432p4xx_driverlib.lib : gpio.o (.text:GPIO_getInputPinValue)
                  00004f4c    00000018                              : gpio.o (.text:GPIO_setOutputLowOnPin)
                  00004f64    00000018                              : wdt_a.o (.text:WDT_A_holdTimer)
                  00004f7c    00000018     rtsv7M4_T_le_v4SPD16_eabi.lib : sprintf.c.obj (.text:_outs)
                  00004f94    00000018                                   : strcmp.c.obj (.text:strcmp)
                  00004fac    00000016     msp432p4xx_driverlib.lib : uart.o (.text:UART_enableInterrupt)
                  00004fc2    00000016     rtsv7M4_T_le_v4SPD16_eabi.lib : strchr.c.obj (.text:strchr)
                  00004fd8    00000014     msp432p4xx_driverlib.lib : adc14.o (.text:ADCIsConversionRunning)
                  00004fec    00000014                              : gpio.o (.text:GPIO_setOutputHighOnPin)
                  00005000    00000014                              : gpio.o (.text:GPIO_toggleOutputOnPin)
                  00005014    00000014     rtsv7M4_T_le_v4SPD16_eabi.lib : strlen.c.obj (.text:strlen)
                  00005028    00000012                                   : copy_zero_init.c.obj (.text:decompress:ZI:__TI_zero_init_nomemset:__TI_zero_init_nomemset)
                  0000503a    00000012     startup_msp432p401r_ccs.obj (.text)
                  0000504c    00000012     rtsv7M4_T_le_v4SPD16_eabi.lib : wcslen.c.obj (.text:wcslen)
                  0000505e    00000002     --HOLE-- [fill = 0]
                  00005060    00000010     msp432p4xx_driverlib.lib : adc14.o (.text:ADC14_enableModule)
                  00005070    00000010                              : interrupt.o (.text:Interrupt_enableMaster)
                  00005080    0000000e     rtsv7M4_T_le_v4SPD16_eabi.lib : copy_decompress_none.c.obj (.text:decompress:none:__TI_decompress_none)
                  0000508e    0000000c     msp432p4xx_driverlib.lib : cpu.o (.text:CPU_cpsie)
                  0000509a    0000000c                              : timer_a.o (.text:Timer_A_clearInterruptFlag)
                  000050a6    0000000c                              : uart.o (.text:UART_enableModule)
                  000050b2    0000000a                              : timer32.o (.text:Timer32_disableInterrupt)
                  000050bc    0000000a                              : timer32.o (.text:Timer32_haltTimer)
                  000050c6    0000000a     rtsv7M4_T_le_v4SPD16_eabi.lib : sprintf.c.obj (.text:_outc)
                  000050d0    00000008     msp432p4xx_driverlib.lib : timer_a.o (.text:Timer_A_startCounter)
                  000050d8    00000008     rtsv7M4_T_le_v4SPD16_eabi.lib : errno.c.obj (.text:__aeabi_errno_addr)
                  000050e0    00000004     msp432p4xx_driverlib.lib : timer32.o (.text:Timer32_getValue)
                  000050e4    00000004     rtsv7M4_T_le_v4SPD16_eabi.lib : pre_init.c.obj (.text:_system_pre_init)
                  000050e8    00000004                                   : exit.c.obj (.text:abort:abort)

.const     0    000050ec    0000028f     
                  000050ec    00000101     rtsv7M4_T_le_v4SPD16_eabi.lib : ctype.c.obj (.const:.string:_ctypes_)
                  000051ed    00000002     uart_pc_echo_12mhz_brclk.obj (.const:.string:$P$T3$4)
                  000051ef    00000001     --HOLE-- [fill = 0]
                  000051f0    00000080     msp432p4xx_driverlib.lib : adc14.o (.const:_ctlRegs)
                  00005270    00000040                              : interrupt.o (.const)
                  000052b0    00000028     printf.obj (.const:dv)
                  000052d8    00000024     uart_pc_echo_12mhz_brclk.obj (.const:GSM_Config)
                  000052fc    00000024     uart_pc_echo_12mhz_brclk.obj (.const:uartConfig)
                  00005320    0000001e     uart_pc_echo_12mhz_brclk.obj (.const:.string:$P$T0$1)
                  0000533e    00000014     uart_pc_echo_12mhz_brclk.obj (.const:.string:$P$T2$3)
                  00005352    00000010     printf.obj (.const:.string:hex$1)
                  00005362    00000002     uart_pc_echo_12mhz_brclk.obj (.const:.string:$P$T4$5)
                  00005364    00000010     uart_pc_echo_12mhz_brclk.obj (.const:continuousModeConfig)
                  00005374    00000007     uart_pc_echo_12mhz_brclk.obj (.const:.string:$P$T1$2)

.cinit     0    00005380    000000e8     
                  00005380    000000c1     (.cinit..data.load) [load image, compression = lzss]
                  00005441    00000003     --HOLE-- [fill = 0]
                  00005444    0000000c     (__TI_handler_table)
                  00005450    00000008     (.cinit..bss.load) [load image, compression = zero_init]
                  00005458    00000010     (__TI_cinit_table)

.init_array 
*          0    00000000    00000000     UNINITIALIZED

.data      0    20000000    00000178     UNINITIALIZED
                  20000000    000000b4     uart_pc_echo_12mhz_brclk.obj (.data:funcoes_programadas)
                  200000b4    00000050     uart_pc_echo_12mhz_brclk.obj (.data)
                  20000104    00000030     msp432p4xx_driverlib.lib : gpio.o (.data:GPIO_PORT_TO_BASE)
                  20000134    0000000f     uart_pc_echo_12mhz_brclk.obj (.data:telefone1)
                  20000143    0000000f     uart_pc_echo_12mhz_brclk.obj (.data:telefone2)
                  20000152    0000000f     uart_pc_echo_12mhz_brclk.obj (.data:telefone3)
                  20000161    0000000f     uart_pc_echo_12mhz_brclk.obj (.data:telefoneBackdoor)
                  20000170    00000004     rtsv7M4_T_le_v4SPD16_eabi.lib : errno.c.obj (.data)
                  20000174    00000004     system_msp432p401r.obj (.data)

.bss       0    20000178    000000c1     UNINITIALIZED
                  20000178    00000064     (.common:rxbuff)
                  200001dc    00000020     (.common:mensagem_recebida)
                  200001fc    00000020     (.common:num_identificado)
                  2000021c    00000010     uart_pc_echo_12mhz_brclk.obj (.bss:resultsBuffer)
                  2000022c    00000008     (.common:values)
                  20000234    00000004     uart_pc_echo_12mhz_brclk.obj (.bss)
                  20000238    00000001     dht11.obj (.bss)

.stack     0    2000fe00    00000200     UNINITIALIZED
                  2000fe00    00000004     rtsv7M4_T_le_v4SPD16_eabi.lib : boot_cortex_m.c.obj (.stack)
                  2000fe04    000001fc     --HOLE--

MODULE SUMMARY

       Module                         code    ro data   rw data
       ------                         ----    -------   -------
    .\
       uart_pc_echo_12mhz_brclk.obj   8676    149       504    
       system_msp432p401r.obj         808     0         4      
       printf.obj                     596     56        0      
       dht11.obj                      456     0         9      
       startup_msp432p401r_ccs.obj    18      320       0      
    +--+------------------------------+-------+---------+---------+
       Total:                         10554   525       517    
                                                               
    C:/Users/Charles/workspace_v9/msp432_driverlib_3_21_00_05/msp432_driverlib_3_21_00_05/driverlib/MSP432P4xx/ccs/msp432p4xx_driverlib.lib
       adc14.o                        1004    128       0      
       gpio.o                         240     0         48     
       uart.o                         254     0         0      
       timer_a.o                      234     0         0      
       interrupt.o                    116     64        0      
       timer32.o                      164     0         0      
       cs.o                           36      0         0      
       wdt_a.o                        24      0         0      
       cpu.o                          12      0         0      
    +--+------------------------------+-------+---------+---------+
       Total:                         2084    192       48     
                                                               
    C:\ti\ccs901\ccs\tools\compiler\ti-cgt-arm_18.12.1.LTS\lib\rtsv7M4_T_le_v4SPD16_eabi.lib
       _printfi.c.obj                 4851    0         0      
       fd_add_t2.asm.obj              438     0         0      
       fd_div_t2.asm.obj              310     0         0      
       s_scalbn.c.obj                 272     0         0      
       fd_cmp_t2.asm.obj              268     0         0      
       ctype.c.obj                    0       257       0      
       fd_mul_t2.asm.obj              252     0         0      
       memcpy_t2.asm.obj              156     0         0      
       ull_div_t2.asm.obj             150     0         0      
       memset_t2.asm.obj              122     0         0      
       copy_decompress_lzss.c.obj     104     0         0      
       s_frexp.c.obj                  100     0         0      
       sprintf.c.obj                  98      0         0      
       ltoa.c.obj                     84      0         0      
       atoi.c.obj                     76      0         0      
       fd_toi_t2.asm.obj              72      0         0      
       autoinit.c.obj                 68      0         0      
       boot_cortex_m.c.obj            52      0         0      
       i_tofd_t2.asm.obj              46      0         0      
       strcat.c.obj                   30      0         0      
       memccpy.c.obj                  28      0         0      
       s_copysign.c.obj               26      0         0      
       strcmp.c.obj                   24      0         0      
       strchr.c.obj                   22      0         0      
       strlen.c.obj                   20      0         0      
       copy_zero_init.c.obj           18      0         0      
       wcslen.c.obj                   18      0         0      
       copy_decompress_none.c.obj     14      0         0      
       errno.c.obj                    8       0         4      
       exit.c.obj                     4       0         0      
       pre_init.c.obj                 4       0         0      
       div0.asm.obj                   2       0         0      
    +--+------------------------------+-------+---------+---------+
       Total:                         7737    257       4      
                                                               
       Stack:                         0       0         512    
       Linker Generated:              0       229       0      
    +--+------------------------------+-------+---------+---------+
       Grand Total:                   20375   1203      1081   


LINKER GENERATED COPY TABLES

__TI_cinit_table @ 00005458 records: 2, size/record: 8, table size: 16
	.data: load addr=00005380, load size=000000c1 bytes, run addr=20000000, run size=00000178 bytes, compression=lzss
	.bss: load addr=00005450, load size=00000008 bytes, run addr=20000178, run size=000000c1 bytes, compression=zero_init


LINKER GENERATED HANDLER TABLE

__TI_handler_table @ 00005444 records: 3, size/record: 4, table size: 12
	index: 0, handler: __TI_decompress_lzss
	index: 1, handler: __TI_decompress_none
	index: 2, handler: __TI_zero_init


GLOBAL SYMBOLS: SORTED ALPHABETICALLY BY Name 

address   name                                      
-------   ----                                      
000011eb  ADC14_IRQHandler                          
00004e21  ADC14_clearInterruptFlag                  
00004745  ADC14_configureConversionMemory           
0000465d  ADC14_configureMultiSequenceMode          
00004e41  ADC14_disableModule                       
00004ca5  ADC14_enableConversion                    
00004e61  ADC14_enableInterrupt                     
00005061  ADC14_enableModule                        
00004cfd  ADC14_enableSampleTimer                   
00004d25  ADC14_getEnabledInterruptStatus           
00004ee1  ADC14_getInterruptStatus                  
00004b01  ADC14_getMultiSequenceResult              
00004c09  ADC14_initModule                          
00004e81  ADC14_toggleConversionTrigger             
000050e9  C$$EXIT                                   
0000508f  CPU_cpsie                                 
00004d49  CS_setDCOCenteredFrequency                
00001229  EUSCIA0_IRQHandler                        
00001369  EUSCIA2_IRQHandler                        
00004f35  GPIO_getInputPinValue                     
00004cd1  GPIO_setAsInputPin                        
00004d6d  GPIO_setAsOutputPin                       
00004a29  GPIO_setAsPeripheralModuleFunctionInputPin
00004fed  GPIO_setOutputHighOnPin                   
00004f4d  GPIO_setOutputLowOnPin                    
00005001  GPIO_toggleOutputOnPin                    
000052d8  GSM_Config                                
00004819  Interrupt_enableInterrupt                 
00005071  Interrupt_enableMaster                    
20000174  SystemCoreClock                           
00002d75  SystemCoreClockUpdate                     
00002fe9  SystemInit                                
00001185  TA0_N_IRQHandler                          
000050b3  Timer32_disableInterrupt                  
000050e1  Timer32_getValue                          
000050bd  Timer32_haltTimer                         
00004a71  Timer32_initModule                        
00004d91  Timer32_setCount                          
00004ea1  Timer32_startTimer                        
0000509b  Timer_A_clearInterruptFlag                
00004db5  Timer_A_configureContinuousMode           
000050d1  Timer_A_startCounter                      
00004fad  UART_enableInterrupt                      
000050a7  UART_enableModule                         
00004441  UART_initModule                           
00004dd9  UART_receiveData                          
00004dfd  UART_transmitData                         
4000480c  WDTCTL_SYM                                
00004f65  WDT_A_holdTimer                           
20010000  __STACK_END                               
00000200  __STACK_SIZE                              
00005458  __TI_CINIT_Base                           
00005468  __TI_CINIT_Limit                          
00005444  __TI_Handler_Table_Base                   
00005450  __TI_Handler_Table_Limit                  
00004b45  __TI_auto_init_nobinit_nopinit            
000047b1  __TI_decompress_lzss                      
00005081  __TI_decompress_none                      
ffffffff  __TI_pprof_out_hndl                       
00002325  __TI_printfi                              
ffffffff  __TI_prof_data_size                       
ffffffff  __TI_prof_data_start                      
00000000  __TI_static_base__                        
00005029  __TI_zero_init_nomemset                   
000044d5  __aeabi_cdcmpeq                           
000044d5  __aeabi_cdcmple                           
0000455b  __aeabi_cdrcmple                          
00004ab9  __aeabi_d2iz                              
00003903  __aeabi_dadd                              
00003d41  __aeabi_ddiv                              
000040ad  __aeabi_dmul                              
000038f9  __aeabi_dsub                              
000050d9  __aeabi_errno_addr                        
00004c75  __aeabi_i2d                               
00002d73  __aeabi_idiv0                             
00002d73  __aeabi_ldiv0                             
000045e1  __aeabi_memclr                            
000045e1  __aeabi_memclr4                           
000045e1  __aeabi_memclr8                           
0000430f  __aeabi_memcpy                            
0000430f  __aeabi_memcpy4                           
0000430f  __aeabi_memcpy8                           
000045e3  __aeabi_memset                            
000045e3  __aeabi_memset4                           
000045e3  __aeabi_memset8                           
000043ab  __aeabi_uldivmod                          
ffffffff  __binit__                                 
ffffffff  __c_args__                                
UNDEFED   __mpu_init                                
2000fe00  __stack                                   
00004c41  _c_int00_noargs                           
000050ec  _ctypes_                                  
UNDEFED   _system_post_cinit                        
000050e5  _system_pre_init                          
000050e9  abort                                     
000049dd  atoi                                      
ffffffff  binit                                     
200000bc  confirma                                  
200000e4  cont_erro                                 
200000f4  cont_init                                 
20000100  cont_min                                  
200000fc  cont_tempo                                
00005364  continuousModeConfig                      
00004f19  copysign                                  
00004f19  copysignl                                 
200000b4  dadosFlash                                
00003747  delay                                     
00003731  delay_init                                
000017b1  enviarDados_backdoor                      
20000170  errno                                     
200000e0  erro                                      
200000f8  flag_erro                                 
200000d8  flag_mensagem                             
200000cc  flag_numero                               
0000487d  frexp                                     
0000487d  frexpl                                    
20000000  funcoes_programadas                       
00003773  get_byte                                  
000037ed  get_data                                  
200000c4  identifica                                
200000f0  init_flag                                 
00000000  interruptVectors                          
00003f9d  ldexp                                     
00003f9d  ldexpl                                    
00000d41  leituraSensorEtanol                       
00000e79  leituraSensorGas                          
00000fcd  leituraSensores                           
00000cd5  leituraSensoresMensagem                   
00000f55  leituraTemperatura                        
00000f79  leituraUmidade                            
200000e8  limiarAlc                                 
200000ec  limiarFumo                                
00004937  ltoa                                      
00000141  main                                      
00004efd  memccpy                                   
0000430f  memcpy                                    
000045e9  memset                                    
00001d89  mensagem_SMS                              
000020cd  mensagem_SMS_Extra                        
000018e5  mensagem_backdoor                         
00001b01  mensagem_inicial                          
200001dc  mensagem_recebida                         
200001fc  num_identificado                          
200000c0  podeEnviar                                
200000c8  pos_identificado                          
200000d4  pos_mensagem                              
000033f1  printf                                    
0000334b  putc                                      
00003327  puts                                      
00000c29  reinicializaSistema                       
20000178  rxbuff                                    
200000b8  rxposin                                   
00003f9d  scalbn                                    
00003f9d  scalbnl                                   
0000330d  sendByte                                  
00004b89  sprintf                                   
00004ec1  strcat                                    
00004fc3  strchr                                    
00004f95  strcmp                                    
00005015  strlen                                    
200000dc  tamanho_mensagem                          
200000d0  tamanho_numero                            
20000134  telefone1                                 
20000143  telefone2                                 
20000152  telefone3                                 
20000161  telefoneBackdoor                          
000052fc  uartConfig                                
2000022c  values                                    
0000504d  wcslen                                    


GLOBAL SYMBOLS: SORTED BY Symbol Address 

address   name                                      
-------   ----                                      
00000000  __TI_static_base__                        
00000000  interruptVectors                          
00000141  main                                      
00000200  __STACK_SIZE                              
00000c29  reinicializaSistema                       
00000cd5  leituraSensoresMensagem                   
00000d41  leituraSensorEtanol                       
00000e79  leituraSensorGas                          
00000f55  leituraTemperatura                        
00000f79  leituraUmidade                            
00000fcd  leituraSensores                           
00001185  TA0_N_IRQHandler                          
000011eb  ADC14_IRQHandler                          
00001229  EUSCIA0_IRQHandler                        
00001369  EUSCIA2_IRQHandler                        
000017b1  enviarDados_backdoor                      
000018e5  mensagem_backdoor                         
00001b01  mensagem_inicial                          
00001d89  mensagem_SMS                              
000020cd  mensagem_SMS_Extra                        
00002325  __TI_printfi                              
00002d73  __aeabi_idiv0                             
00002d73  __aeabi_ldiv0                             
00002d75  SystemCoreClockUpdate                     
00002fe9  SystemInit                                
0000330d  sendByte                                  
00003327  puts                                      
0000334b  putc                                      
000033f1  printf                                    
00003731  delay_init                                
00003747  delay                                     
00003773  get_byte                                  
000037ed  get_data                                  
000038f9  __aeabi_dsub                              
00003903  __aeabi_dadd                              
00003d41  __aeabi_ddiv                              
00003f9d  ldexp                                     
00003f9d  ldexpl                                    
00003f9d  scalbn                                    
00003f9d  scalbnl                                   
000040ad  __aeabi_dmul                              
0000430f  __aeabi_memcpy                            
0000430f  __aeabi_memcpy4                           
0000430f  __aeabi_memcpy8                           
0000430f  memcpy                                    
000043ab  __aeabi_uldivmod                          
00004441  UART_initModule                           
000044d5  __aeabi_cdcmpeq                           
000044d5  __aeabi_cdcmple                           
0000455b  __aeabi_cdrcmple                          
000045e1  __aeabi_memclr                            
000045e1  __aeabi_memclr4                           
000045e1  __aeabi_memclr8                           
000045e3  __aeabi_memset                            
000045e3  __aeabi_memset4                           
000045e3  __aeabi_memset8                           
000045e9  memset                                    
0000465d  ADC14_configureMultiSequenceMode          
00004745  ADC14_configureConversionMemory           
000047b1  __TI_decompress_lzss                      
00004819  Interrupt_enableInterrupt                 
0000487d  frexp                                     
0000487d  frexpl                                    
00004937  ltoa                                      
000049dd  atoi                                      
00004a29  GPIO_setAsPeripheralModuleFunctionInputPin
00004a71  Timer32_initModule                        
00004ab9  __aeabi_d2iz                              
00004b01  ADC14_getMultiSequenceResult              
00004b45  __TI_auto_init_nobinit_nopinit            
00004b89  sprintf                                   
00004c09  ADC14_initModule                          
00004c41  _c_int00_noargs                           
00004c75  __aeabi_i2d                               
00004ca5  ADC14_enableConversion                    
00004cd1  GPIO_setAsInputPin                        
00004cfd  ADC14_enableSampleTimer                   
00004d25  ADC14_getEnabledInterruptStatus           
00004d49  CS_setDCOCenteredFrequency                
00004d6d  GPIO_setAsOutputPin                       
00004d91  Timer32_setCount                          
00004db5  Timer_A_configureContinuousMode           
00004dd9  UART_receiveData                          
00004dfd  UART_transmitData                         
00004e21  ADC14_clearInterruptFlag                  
00004e41  ADC14_disableModule                       
00004e61  ADC14_enableInterrupt                     
00004e81  ADC14_toggleConversionTrigger             
00004ea1  Timer32_startTimer                        
00004ec1  strcat                                    
00004ee1  ADC14_getInterruptStatus                  
00004efd  memccpy                                   
00004f19  copysign                                  
00004f19  copysignl                                 
00004f35  GPIO_getInputPinValue                     
00004f4d  GPIO_setOutputLowOnPin                    
00004f65  WDT_A_holdTimer                           
00004f95  strcmp                                    
00004fad  UART_enableInterrupt                      
00004fc3  strchr                                    
00004fed  GPIO_setOutputHighOnPin                   
00005001  GPIO_toggleOutputOnPin                    
00005015  strlen                                    
00005029  __TI_zero_init_nomemset                   
0000504d  wcslen                                    
00005061  ADC14_enableModule                        
00005071  Interrupt_enableMaster                    
00005081  __TI_decompress_none                      
0000508f  CPU_cpsie                                 
0000509b  Timer_A_clearInterruptFlag                
000050a7  UART_enableModule                         
000050b3  Timer32_disableInterrupt                  
000050bd  Timer32_haltTimer                         
000050d1  Timer_A_startCounter                      
000050d9  __aeabi_errno_addr                        
000050e1  Timer32_getValue                          
000050e5  _system_pre_init                          
000050e9  C$$EXIT                                   
000050e9  abort                                     
000050ec  _ctypes_                                  
000052d8  GSM_Config                                
000052fc  uartConfig                                
00005364  continuousModeConfig                      
00005444  __TI_Handler_Table_Base                   
00005450  __TI_Handler_Table_Limit                  
00005458  __TI_CINIT_Base                           
00005468  __TI_CINIT_Limit                          
20000000  funcoes_programadas                       
200000b4  dadosFlash                                
200000b8  rxposin                                   
200000bc  confirma                                  
200000c0  podeEnviar                                
200000c4  identifica                                
200000c8  pos_identificado                          
200000cc  flag_numero                               
200000d0  tamanho_numero                            
200000d4  pos_mensagem                              
200000d8  flag_mensagem                             
200000dc  tamanho_mensagem                          
200000e0  erro                                      
200000e4  cont_erro                                 
200000e8  limiarAlc                                 
200000ec  limiarFumo                                
200000f0  init_flag                                 
200000f4  cont_init                                 
200000f8  flag_erro                                 
200000fc  cont_tempo                                
20000100  cont_min                                  
20000134  telefone1                                 
20000143  telefone2                                 
20000152  telefone3                                 
20000161  telefoneBackdoor                          
20000170  errno                                     
20000174  SystemCoreClock                           
20000178  rxbuff                                    
200001dc  mensagem_recebida                         
200001fc  num_identificado                          
2000022c  values                                    
2000fe00  __stack                                   
20010000  __STACK_END                               
4000480c  WDTCTL_SYM                                
ffffffff  __TI_pprof_out_hndl                       
ffffffff  __TI_prof_data_size                       
ffffffff  __TI_prof_data_start                      
ffffffff  __binit__                                 
ffffffff  __c_args__                                
ffffffff  binit                                     
UNDEFED   __mpu_init                                
UNDEFED   _system_post_cinit                        

[169 symbols]
