<?xml version="1.0" encoding="ISO-8859-1" ?>
<link_info>
   <banner>TI ARM Linker PC v18.12.1.LTS</banner>
   <copyright>Copyright (c) 1996-2018 Texas Instruments Incorporated</copyright>
   <link_time>0x5d7bcc6e</link_time>
   <link_errors>0x0</link_errors>
   <output_file>Senscar_v3.out</output_file>
   <entry_point>
      <name>_c_int00_noargs</name>
      <address>0x3f31</address>
   </entry_point>
   <input_file_list>
      <input_file id="fl-2">
         <path>.\</path>
         <kind>object</kind>
         <file>dht11.obj</file>
         <name>dht11.obj</name>
      </input_file>
      <input_file id="fl-3">
         <path>.\</path>
         <kind>object</kind>
         <file>printf.obj</file>
         <name>printf.obj</name>
      </input_file>
      <input_file id="fl-4">
         <path>.\</path>
         <kind>object</kind>
         <file>startup_msp432p401r_ccs.obj</file>
         <name>startup_msp432p401r_ccs.obj</name>
      </input_file>
      <input_file id="fl-5">
         <path>.\</path>
         <kind>object</kind>
         <file>system_msp432p401r.obj</file>
         <name>system_msp432p401r.obj</name>
      </input_file>
      <input_file id="fl-6">
         <path>.\</path>
         <kind>object</kind>
         <file>uart_pc_echo_12mhz_brclk.obj</file>
         <name>uart_pc_echo_12mhz_brclk.obj</name>
      </input_file>
      <input_file id="fl-b">
         <kind>object</kind>
         <file>&lt;internal&gt;</file>
         <name>&lt;internal&gt;</name>
      </input_file>
      <input_file id="fl-c">
         <path>C:\Users\Charles\workspace_v9\msp432_driverlib_3_21_00_05\msp432_driverlib_3_21_00_05\driverlib\MSP432P4xx\ccs\</path>
         <kind>archive</kind>
         <file>msp432p4xx_driverlib.lib</file>
         <name>adc14.o</name>
      </input_file>
      <input_file id="fl-d">
         <path>C:\Users\Charles\workspace_v9\msp432_driverlib_3_21_00_05\msp432_driverlib_3_21_00_05\driverlib\MSP432P4xx\ccs\</path>
         <kind>archive</kind>
         <file>msp432p4xx_driverlib.lib</file>
         <name>cs.o</name>
      </input_file>
      <input_file id="fl-e">
         <path>C:\Users\Charles\workspace_v9\msp432_driverlib_3_21_00_05\msp432_driverlib_3_21_00_05\driverlib\MSP432P4xx\ccs\</path>
         <kind>archive</kind>
         <file>msp432p4xx_driverlib.lib</file>
         <name>gpio.o</name>
      </input_file>
      <input_file id="fl-f">
         <path>C:\Users\Charles\workspace_v9\msp432_driverlib_3_21_00_05\msp432_driverlib_3_21_00_05\driverlib\MSP432P4xx\ccs\</path>
         <kind>archive</kind>
         <file>msp432p4xx_driverlib.lib</file>
         <name>interrupt.o</name>
      </input_file>
      <input_file id="fl-10">
         <path>C:\Users\Charles\workspace_v9\msp432_driverlib_3_21_00_05\msp432_driverlib_3_21_00_05\driverlib\MSP432P4xx\ccs\</path>
         <kind>archive</kind>
         <file>msp432p4xx_driverlib.lib</file>
         <name>sysctl.o</name>
      </input_file>
      <input_file id="fl-11">
         <path>C:\Users\Charles\workspace_v9\msp432_driverlib_3_21_00_05\msp432_driverlib_3_21_00_05\driverlib\MSP432P4xx\ccs\</path>
         <kind>archive</kind>
         <file>msp432p4xx_driverlib.lib</file>
         <name>timer_a.o</name>
      </input_file>
      <input_file id="fl-12">
         <path>C:\Users\Charles\workspace_v9\msp432_driverlib_3_21_00_05\msp432_driverlib_3_21_00_05\driverlib\MSP432P4xx\ccs\</path>
         <kind>archive</kind>
         <file>msp432p4xx_driverlib.lib</file>
         <name>timer32.o</name>
      </input_file>
      <input_file id="fl-13">
         <path>C:\Users\Charles\workspace_v9\msp432_driverlib_3_21_00_05\msp432_driverlib_3_21_00_05\driverlib\MSP432P4xx\ccs\</path>
         <kind>archive</kind>
         <file>msp432p4xx_driverlib.lib</file>
         <name>uart.o</name>
      </input_file>
      <input_file id="fl-14">
         <path>C:\Users\Charles\workspace_v9\msp432_driverlib_3_21_00_05\msp432_driverlib_3_21_00_05\driverlib\MSP432P4xx\ccs\</path>
         <kind>archive</kind>
         <file>msp432p4xx_driverlib.lib</file>
         <name>wdt_a.o</name>
      </input_file>
      <input_file id="fl-15">
         <path>C:\Users\Charles\workspace_v9\msp432_driverlib_3_21_00_05\msp432_driverlib_3_21_00_05\driverlib\MSP432P4xx\ccs\</path>
         <kind>archive</kind>
         <file>msp432p4xx_driverlib.lib</file>
         <name>cpu.o</name>
      </input_file>
      <input_file id="fl-cb">
         <path>C:\ti\ccs901\ccs\tools\compiler\ti-cgt-arm_18.12.1.LTS\lib\</path>
         <kind>archive</kind>
         <file>rtsv7M4_T_le_v4SPD16_eabi.lib</file>
         <name>sprintf.c.obj</name>
      </input_file>
      <input_file id="fl-cc">
         <path>C:\ti\ccs901\ccs\tools\compiler\ti-cgt-arm_18.12.1.LTS\lib\</path>
         <kind>archive</kind>
         <file>rtsv7M4_T_le_v4SPD16_eabi.lib</file>
         <name>memcpy_t2.asm.obj</name>
      </input_file>
      <input_file id="fl-cd">
         <path>C:\ti\ccs901\ccs\tools\compiler\ti-cgt-arm_18.12.1.LTS\lib\</path>
         <kind>archive</kind>
         <file>rtsv7M4_T_le_v4SPD16_eabi.lib</file>
         <name>copy_zero_init.c.obj</name>
      </input_file>
      <input_file id="fl-ce">
         <path>C:\ti\ccs901\ccs\tools\compiler\ti-cgt-arm_18.12.1.LTS\lib\</path>
         <kind>archive</kind>
         <file>rtsv7M4_T_le_v4SPD16_eabi.lib</file>
         <name>copy_decompress_none.c.obj</name>
      </input_file>
      <input_file id="fl-cf">
         <path>C:\ti\ccs901\ccs\tools\compiler\ti-cgt-arm_18.12.1.LTS\lib\</path>
         <kind>archive</kind>
         <file>rtsv7M4_T_le_v4SPD16_eabi.lib</file>
         <name>copy_decompress_lzss.c.obj</name>
      </input_file>
      <input_file id="fl-d0">
         <path>C:\ti\ccs901\ccs\tools\compiler\ti-cgt-arm_18.12.1.LTS\lib\</path>
         <kind>archive</kind>
         <file>rtsv7M4_T_le_v4SPD16_eabi.lib</file>
         <name>strcat.c.obj</name>
      </input_file>
      <input_file id="fl-d1">
         <path>C:\ti\ccs901\ccs\tools\compiler\ti-cgt-arm_18.12.1.LTS\lib\</path>
         <kind>archive</kind>
         <file>rtsv7M4_T_le_v4SPD16_eabi.lib</file>
         <name>strcmp.c.obj</name>
      </input_file>
      <input_file id="fl-d2">
         <path>C:\ti\ccs901\ccs\tools\compiler\ti-cgt-arm_18.12.1.LTS\lib\</path>
         <kind>archive</kind>
         <file>rtsv7M4_T_le_v4SPD16_eabi.lib</file>
         <name>boot_cortex_m.c.obj</name>
      </input_file>
      <input_file id="fl-d3">
         <path>C:\ti\ccs901\ccs\tools\compiler\ti-cgt-arm_18.12.1.LTS\lib\</path>
         <kind>archive</kind>
         <file>rtsv7M4_T_le_v4SPD16_eabi.lib</file>
         <name>_printfi.c.obj</name>
      </input_file>
      <input_file id="fl-d4">
         <path>C:\ti\ccs901\ccs\tools\compiler\ti-cgt-arm_18.12.1.LTS\lib\</path>
         <kind>archive</kind>
         <file>rtsv7M4_T_le_v4SPD16_eabi.lib</file>
         <name>s_frexp.c.obj</name>
      </input_file>
      <input_file id="fl-d5">
         <path>C:\ti\ccs901\ccs\tools\compiler\ti-cgt-arm_18.12.1.LTS\lib\</path>
         <kind>archive</kind>
         <file>rtsv7M4_T_le_v4SPD16_eabi.lib</file>
         <name>s_scalbn.c.obj</name>
      </input_file>
      <input_file id="fl-d6">
         <path>C:\ti\ccs901\ccs\tools\compiler\ti-cgt-arm_18.12.1.LTS\lib\</path>
         <kind>archive</kind>
         <file>rtsv7M4_T_le_v4SPD16_eabi.lib</file>
         <name>s_copysign.c.obj</name>
      </input_file>
      <input_file id="fl-d7">
         <path>C:\ti\ccs901\ccs\tools\compiler\ti-cgt-arm_18.12.1.LTS\lib\</path>
         <kind>archive</kind>
         <file>rtsv7M4_T_le_v4SPD16_eabi.lib</file>
         <name>ull_div_t2.asm.obj</name>
      </input_file>
      <input_file id="fl-d8">
         <path>C:\ti\ccs901\ccs\tools\compiler\ti-cgt-arm_18.12.1.LTS\lib\</path>
         <kind>archive</kind>
         <file>rtsv7M4_T_le_v4SPD16_eabi.lib</file>
         <name>fd_add_t2.asm.obj</name>
      </input_file>
      <input_file id="fl-d9">
         <path>C:\ti\ccs901\ccs\tools\compiler\ti-cgt-arm_18.12.1.LTS\lib\</path>
         <kind>archive</kind>
         <file>rtsv7M4_T_le_v4SPD16_eabi.lib</file>
         <name>fd_cmp_t2.asm.obj</name>
      </input_file>
      <input_file id="fl-da">
         <path>C:\ti\ccs901\ccs\tools\compiler\ti-cgt-arm_18.12.1.LTS\lib\</path>
         <kind>archive</kind>
         <file>rtsv7M4_T_le_v4SPD16_eabi.lib</file>
         <name>fd_div_t2.asm.obj</name>
      </input_file>
      <input_file id="fl-db">
         <path>C:\ti\ccs901\ccs\tools\compiler\ti-cgt-arm_18.12.1.LTS\lib\</path>
         <kind>archive</kind>
         <file>rtsv7M4_T_le_v4SPD16_eabi.lib</file>
         <name>fd_mul_t2.asm.obj</name>
      </input_file>
      <input_file id="fl-dc">
         <path>C:\ti\ccs901\ccs\tools\compiler\ti-cgt-arm_18.12.1.LTS\lib\</path>
         <kind>archive</kind>
         <file>rtsv7M4_T_le_v4SPD16_eabi.lib</file>
         <name>fd_toi_t2.asm.obj</name>
      </input_file>
      <input_file id="fl-dd">
         <path>C:\ti\ccs901\ccs\tools\compiler\ti-cgt-arm_18.12.1.LTS\lib\</path>
         <kind>archive</kind>
         <file>rtsv7M4_T_le_v4SPD16_eabi.lib</file>
         <name>i_tofd_t2.asm.obj</name>
      </input_file>
      <input_file id="fl-de">
         <path>C:\ti\ccs901\ccs\tools\compiler\ti-cgt-arm_18.12.1.LTS\lib\</path>
         <kind>archive</kind>
         <file>rtsv7M4_T_le_v4SPD16_eabi.lib</file>
         <name>memset_t2.asm.obj</name>
      </input_file>
      <input_file id="fl-df">
         <path>C:\ti\ccs901\ccs\tools\compiler\ti-cgt-arm_18.12.1.LTS\lib\</path>
         <kind>archive</kind>
         <file>rtsv7M4_T_le_v4SPD16_eabi.lib</file>
         <name>autoinit.c.obj</name>
      </input_file>
      <input_file id="fl-e0">
         <path>C:\ti\ccs901\ccs\tools\compiler\ti-cgt-arm_18.12.1.LTS\lib\</path>
         <kind>archive</kind>
         <file>rtsv7M4_T_le_v4SPD16_eabi.lib</file>
         <name>pre_init.c.obj</name>
      </input_file>
      <input_file id="fl-e1">
         <path>C:\ti\ccs901\ccs\tools\compiler\ti-cgt-arm_18.12.1.LTS\lib\</path>
         <kind>archive</kind>
         <file>rtsv7M4_T_le_v4SPD16_eabi.lib</file>
         <name>cpy_tbl.c.obj</name>
      </input_file>
      <input_file id="fl-e2">
         <path>C:\ti\ccs901\ccs\tools\compiler\ti-cgt-arm_18.12.1.LTS\lib\</path>
         <kind>archive</kind>
         <file>rtsv7M4_T_le_v4SPD16_eabi.lib</file>
         <name>exit.c.obj</name>
      </input_file>
      <input_file id="fl-e3">
         <path>C:\ti\ccs901\ccs\tools\compiler\ti-cgt-arm_18.12.1.LTS\lib\</path>
         <kind>archive</kind>
         <file>rtsv7M4_T_le_v4SPD16_eabi.lib</file>
         <name>_lock.c.obj</name>
      </input_file>
      <input_file id="fl-e4">
         <path>C:\ti\ccs901\ccs\tools\compiler\ti-cgt-arm_18.12.1.LTS\lib\</path>
         <kind>archive</kind>
         <file>rtsv7M4_T_le_v4SPD16_eabi.lib</file>
         <name>args_main.c.obj</name>
      </input_file>
      <input_file id="fl-e5">
         <path>C:\ti\ccs901\ccs\tools\compiler\ti-cgt-arm_18.12.1.LTS\lib\</path>
         <kind>archive</kind>
         <file>rtsv7M4_T_le_v4SPD16_eabi.lib</file>
         <name>atoi.c.obj</name>
      </input_file>
      <input_file id="fl-e6">
         <path>C:\ti\ccs901\ccs\tools\compiler\ti-cgt-arm_18.12.1.LTS\lib\</path>
         <kind>archive</kind>
         <file>rtsv7M4_T_le_v4SPD16_eabi.lib</file>
         <name>ctype.c.obj</name>
      </input_file>
      <input_file id="fl-e7">
         <path>C:\ti\ccs901\ccs\tools\compiler\ti-cgt-arm_18.12.1.LTS\lib\</path>
         <kind>archive</kind>
         <file>rtsv7M4_T_le_v4SPD16_eabi.lib</file>
         <name>ltoa.c.obj</name>
      </input_file>
      <input_file id="fl-e8">
         <path>C:\ti\ccs901\ccs\tools\compiler\ti-cgt-arm_18.12.1.LTS\lib\</path>
         <kind>archive</kind>
         <file>rtsv7M4_T_le_v4SPD16_eabi.lib</file>
         <name>memccpy.c.obj</name>
      </input_file>
      <input_file id="fl-e9">
         <path>C:\ti\ccs901\ccs\tools\compiler\ti-cgt-arm_18.12.1.LTS\lib\</path>
         <kind>archive</kind>
         <file>rtsv7M4_T_le_v4SPD16_eabi.lib</file>
         <name>strchr.c.obj</name>
      </input_file>
      <input_file id="fl-ea">
         <path>C:\ti\ccs901\ccs\tools\compiler\ti-cgt-arm_18.12.1.LTS\lib\</path>
         <kind>archive</kind>
         <file>rtsv7M4_T_le_v4SPD16_eabi.lib</file>
         <name>strlen.c.obj</name>
      </input_file>
      <input_file id="fl-eb">
         <path>C:\ti\ccs901\ccs\tools\compiler\ti-cgt-arm_18.12.1.LTS\lib\</path>
         <kind>archive</kind>
         <file>rtsv7M4_T_le_v4SPD16_eabi.lib</file>
         <name>errno.c.obj</name>
      </input_file>
      <input_file id="fl-ec">
         <path>C:\ti\ccs901\ccs\tools\compiler\ti-cgt-arm_18.12.1.LTS\lib\</path>
         <kind>archive</kind>
         <file>rtsv7M4_T_le_v4SPD16_eabi.lib</file>
         <name>wcslen.c.obj</name>
      </input_file>
      <input_file id="fl-ed">
         <path>C:\ti\ccs901\ccs\tools\compiler\ti-cgt-arm_18.12.1.LTS\lib\</path>
         <kind>archive</kind>
         <file>rtsv7M4_T_le_v4SPD16_eabi.lib</file>
         <name>div0.asm.obj</name>
      </input_file>
   </input_file_list>
   <object_component_list>
      <object_component id="oc-1f">
         <name>.intvecs:retain</name>
         <load_address>0x0</load_address>
         <run_address>0x0</run_address>
         <size>0x140</size>
         <input_file_ref idref="fl-4"/>
      </object_component>
      <object_component id="oc-66">
         <name>.text</name>
         <load_address>0x140</load_address>
         <run_address>0x140</run_address>
         <size>0x14d4</size>
         <input_file_ref idref="fl-6"/>
      </object_component>
      <object_component id="oc-2b9">
         <name>.text:__TI_printfi</name>
         <load_address>0x1614</load_address>
         <run_address>0x1614</run_address>
         <size>0xa4e</size>
         <input_file_ref idref="fl-d3"/>
      </object_component>
      <object_component id="oc-45f">
         <name>.text</name>
         <load_address>0x2062</load_address>
         <run_address>0x2062</run_address>
         <size>0x2</size>
         <input_file_ref idref="fl-ed"/>
      </object_component>
      <object_component id="oc-9e">
         <name>.text</name>
         <load_address>0x2064</load_address>
         <run_address>0x2064</run_address>
         <size>0x328</size>
         <input_file_ref idref="fl-5"/>
      </object_component>
      <object_component id="oc-37c">
         <name>.text:_pconv_a</name>
         <load_address>0x238c</load_address>
         <run_address>0x238c</run_address>
         <size>0x270</size>
         <input_file_ref idref="fl-d3"/>
      </object_component>
      <object_component id="oc-12f">
         <name>.text</name>
         <load_address>0x25fc</load_address>
         <run_address>0x25fc</run_address>
         <size>0x254</size>
         <input_file_ref idref="fl-3"/>
      </object_component>
      <object_component id="oc-36a">
         <name>.text:_pconv_g</name>
         <load_address>0x2850</load_address>
         <run_address>0x2850</run_address>
         <size>0x1d0</size>
         <input_file_ref idref="fl-d3"/>
      </object_component>
      <object_component id="oc-11d">
         <name>.text</name>
         <load_address>0x2a20</load_address>
         <run_address>0x2a20</run_address>
         <size>0x1c8</size>
         <input_file_ref idref="fl-2"/>
      </object_component>
      <object_component id="oc-3f7">
         <name>.text</name>
         <load_address>0x2be8</load_address>
         <run_address>0x2be8</run_address>
         <size>0x1b6</size>
         <input_file_ref idref="fl-d8"/>
      </object_component>
      <object_component id="oc-221">
         <name>.text:_getIndexForMemRegister</name>
         <load_address>0x2da0</load_address>
         <run_address>0x2da0</run_address>
         <size>0x154</size>
         <input_file_ref idref="fl-c"/>
      </object_component>
      <object_component id="oc-376">
         <name>.text:_pconv_e</name>
         <load_address>0x2ef4</load_address>
         <run_address>0x2ef4</run_address>
         <size>0x13c</size>
         <input_file_ref idref="fl-d3"/>
      </object_component>
      <object_component id="oc-3dd">
         <name>.text</name>
         <load_address>0x3030</load_address>
         <run_address>0x3030</run_address>
         <size>0x136</size>
         <input_file_ref idref="fl-da"/>
      </object_component>
      <object_component id="oc-409">
         <name>.text:fcvt</name>
         <load_address>0x3168</load_address>
         <run_address>0x3168</run_address>
         <size>0x124</size>
         <input_file_ref idref="fl-d3"/>
      </object_component>
      <object_component id="oc-41d">
         <name>.text:scalbn</name>
         <load_address>0x328c</load_address>
         <run_address>0x328c</run_address>
         <size>0x110</size>
         <input_file_ref idref="fl-d5"/>
      </object_component>
      <object_component id="oc-3d8">
         <name>.text</name>
         <load_address>0x339c</load_address>
         <run_address>0x339c</run_address>
         <size>0xfc</size>
         <input_file_ref idref="fl-db"/>
      </object_component>
      <object_component id="oc-23c">
         <name>.text:privateTimer_AProcessClockSourceDivider</name>
         <load_address>0x3498</load_address>
         <run_address>0x3498</run_address>
         <size>0xb2</size>
         <input_file_ref idref="fl-11"/>
      </object_component>
      <object_component id="oc-35f">
         <name>.text:_ltostr</name>
         <load_address>0x354c</load_address>
         <run_address>0x354c</run_address>
         <size>0xb1</size>
         <input_file_ref idref="fl-d3"/>
      </object_component>
      <object_component id="oc-30">
         <name>.text</name>
         <load_address>0x35fe</load_address>
         <run_address>0x35fe</run_address>
         <size>0x9c</size>
         <input_file_ref idref="fl-cc"/>
      </object_component>
      <object_component id="oc-3d1">
         <name>.text</name>
         <load_address>0x369a</load_address>
         <run_address>0x369a</run_address>
         <size>0x96</size>
         <input_file_ref idref="fl-d7"/>
      </object_component>
      <object_component id="oc-ff">
         <name>.text:UART_initModule</name>
         <load_address>0x3730</load_address>
         <run_address>0x3730</run_address>
         <size>0x94</size>
         <input_file_ref idref="fl-13"/>
      </object_component>
      <object_component id="oc-365">
         <name>.text:__aeabi_cdcmple</name>
         <load_address>0x37c4</load_address>
         <run_address>0x37c4</run_address>
         <size>0x86</size>
         <input_file_ref idref="fl-d9"/>
      </object_component>
      <object_component id="oc-3e2">
         <name>.text:__aeabi_cdrcmple</name>
         <load_address>0x384a</load_address>
         <run_address>0x384a</run_address>
         <size>0x86</size>
         <input_file_ref idref="fl-d9"/>
      </object_component>
      <object_component id="oc-86">
         <name>.text</name>
         <load_address>0x38d0</load_address>
         <run_address>0x38d0</run_address>
         <size>0x7a</size>
         <input_file_ref idref="fl-de"/>
      </object_component>
      <object_component id="oc-c3">
         <name>.text:ADC14_configureMultiSequenceMode</name>
         <load_address>0x394c</load_address>
         <run_address>0x394c</run_address>
         <size>0x78</size>
         <input_file_ref idref="fl-c"/>
      </object_component>
      <object_component id="oc-402">
         <name>.text:_mcpy</name>
         <load_address>0x39c4</load_address>
         <run_address>0x39c4</run_address>
         <size>0x6e</size>
         <input_file_ref idref="fl-d3"/>
      </object_component>
      <object_component id="oc-c9">
         <name>.text:ADC14_configureConversionMemory</name>
         <load_address>0x3a34</load_address>
         <run_address>0x3a34</run_address>
         <size>0x6c</size>
         <input_file_ref idref="fl-c"/>
      </object_component>
      <object_component id="oc-10">
         <name>.text:decompress:lzss:__TI_decompress_lzss</name>
         <load_address>0x3aa0</load_address>
         <run_address>0x3aa0</run_address>
         <size>0x68</size>
         <input_file_ref idref="fl-cf"/>
      </object_component>
      <object_component id="oc-d5">
         <name>.text:Interrupt_enableInterrupt</name>
         <load_address>0x3b08</load_address>
         <run_address>0x3b08</run_address>
         <size>0x64</size>
         <input_file_ref idref="fl-f"/>
      </object_component>
      <object_component id="oc-417">
         <name>.text:frexp</name>
         <load_address>0x3b6c</load_address>
         <run_address>0x3b6c</run_address>
         <size>0x64</size>
         <input_file_ref idref="fl-d4"/>
      </object_component>
      <object_component id="oc-370">
         <name>.text:_pconv_f</name>
         <load_address>0x3bd0</load_address>
         <run_address>0x3bd0</run_address>
         <size>0x56</size>
         <input_file_ref idref="fl-d3"/>
      </object_component>
      <object_component id="oc-3ec">
         <name>.text:ltoa</name>
         <load_address>0x3c26</load_address>
         <run_address>0x3c26</run_address>
         <size>0x54</size>
         <input_file_ref idref="fl-e7"/>
      </object_component>
      <object_component id="oc-3fc">
         <name>.text:_ecpy</name>
         <load_address>0x3c7a</load_address>
         <run_address>0x3c7a</run_address>
         <size>0x52</size>
         <input_file_ref idref="fl-d3"/>
      </object_component>
      <object_component id="oc-359">
         <name>.text:atoi</name>
         <load_address>0x3ccc</load_address>
         <run_address>0x3ccc</run_address>
         <size>0x4c</size>
         <input_file_ref idref="fl-e5"/>
      </object_component>
      <object_component id="oc-bd">
         <name>.text:GPIO_setAsPeripheralModuleFunctionInputPin</name>
         <load_address>0x3d18</load_address>
         <run_address>0x3d18</run_address>
         <size>0x48</size>
         <input_file_ref idref="fl-e"/>
      </object_component>
      <object_component id="oc-24b">
         <name>.text:Timer32_initModule</name>
         <load_address>0x3d60</load_address>
         <run_address>0x3d60</run_address>
         <size>0x48</size>
         <input_file_ref idref="fl-12"/>
      </object_component>
      <object_component id="oc-3e7">
         <name>.text</name>
         <load_address>0x3da8</load_address>
         <run_address>0x3da8</run_address>
         <size>0x48</size>
         <input_file_ref idref="fl-dc"/>
      </object_component>
      <object_component id="oc-175">
         <name>.text:ADC14_getMultiSequenceResult</name>
         <load_address>0x3df0</load_address>
         <run_address>0x3df0</run_address>
         <size>0x44</size>
         <input_file_ref idref="fl-c"/>
      </object_component>
      <object_component id="oc-1d4">
         <name>.text:__TI_auto_init_nobinit_nopinit:__TI_auto_init_nobinit_nopinit</name>
         <load_address>0x3e34</load_address>
         <run_address>0x3e34</run_address>
         <size>0x44</size>
         <input_file_ref idref="fl-df"/>
      </object_component>
      <object_component id="oc-157">
         <name>.text:sprintf</name>
         <load_address>0x3e78</load_address>
         <run_address>0x3e78</run_address>
         <size>0x40</size>
         <input_file_ref idref="fl-cb"/>
      </object_component>
      <object_component id="oc-40f">
         <name>.text:_fcpy</name>
         <load_address>0x3eb8</load_address>
         <run_address>0x3eb8</run_address>
         <size>0x3e</size>
         <input_file_ref idref="fl-d3"/>
      </object_component>
      <object_component id="oc-b7">
         <name>.text:ADC14_initModule</name>
         <load_address>0x3ef8</load_address>
         <run_address>0x3ef8</run_address>
         <size>0x38</size>
         <input_file_ref idref="fl-c"/>
      </object_component>
      <object_component id="oc-4e">
         <name>.text:_c_int00_noargs:_c_int00_noargs</name>
         <load_address>0x3f30</load_address>
         <run_address>0x3f30</run_address>
         <size>0x34</size>
         <input_file_ref idref="fl-d2"/>
      </object_component>
      <object_component id="oc-3f2">
         <name>.text</name>
         <load_address>0x3f64</load_address>
         <run_address>0x3f64</run_address>
         <size>0x2e</size>
         <input_file_ref idref="fl-dd"/>
      </object_component>
      <object_component id="oc-e7">
         <name>.text:ADC14_enableConversion</name>
         <load_address>0x3f94</load_address>
         <run_address>0x3f94</run_address>
         <size>0x2c</size>
         <input_file_ref idref="fl-c"/>
      </object_component>
      <object_component id="oc-275">
         <name>.text:GPIO_setAsInputPin</name>
         <load_address>0x3fc0</load_address>
         <run_address>0x3fc0</run_address>
         <size>0x2c</size>
         <input_file_ref idref="fl-e"/>
      </object_component>
      <object_component id="oc-e1">
         <name>.text:ADC14_enableSampleTimer</name>
         <load_address>0x3fec</load_address>
         <run_address>0x3fec</run_address>
         <size>0x28</size>
         <input_file_ref idref="fl-c"/>
      </object_component>
      <object_component id="oc-169">
         <name>.text:ADC14_getEnabledInterruptStatus</name>
         <load_address>0x4014</load_address>
         <run_address>0x4014</run_address>
         <size>0x24</size>
         <input_file_ref idref="fl-c"/>
      </object_component>
      <object_component id="oc-ab">
         <name>.text:CS_setDCOCenteredFrequency</name>
         <load_address>0x4038</load_address>
         <run_address>0x4038</run_address>
         <size>0x24</size>
         <input_file_ref idref="fl-d"/>
      </object_component>
      <object_component id="oc-111">
         <name>.text:GPIO_setAsOutputPin</name>
         <load_address>0x405c</load_address>
         <run_address>0x405c</run_address>
         <size>0x24</size>
         <input_file_ref idref="fl-e"/>
      </object_component>
      <object_component id="oc-25d">
         <name>.text:Timer32_setCount</name>
         <load_address>0x4080</load_address>
         <run_address>0x4080</run_address>
         <size>0x24</size>
         <input_file_ref idref="fl-12"/>
      </object_component>
      <object_component id="oc-f3">
         <name>.text:Timer_A_configureContinuousMode</name>
         <load_address>0x40a4</load_address>
         <run_address>0x40a4</run_address>
         <size>0x24</size>
         <input_file_ref idref="fl-11"/>
      </object_component>
      <object_component id="oc-18d">
         <name>.text:UART_receiveData</name>
         <load_address>0x40c8</load_address>
         <run_address>0x40c8</run_address>
         <size>0x24</size>
         <input_file_ref idref="fl-13"/>
      </object_component>
      <object_component id="oc-19d">
         <name>.text:UART_transmitData</name>
         <load_address>0x40ec</load_address>
         <run_address>0x40ec</run_address>
         <size>0x24</size>
         <input_file_ref idref="fl-13"/>
      </object_component>
      <object_component id="oc-16f">
         <name>.text:ADC14_clearInterruptFlag</name>
         <load_address>0x4110</load_address>
         <run_address>0x4110</run_address>
         <size>0x20</size>
         <input_file_ref idref="fl-c"/>
      </object_component>
      <object_component id="oc-17b">
         <name>.text:ADC14_disableModule</name>
         <load_address>0x4130</load_address>
         <run_address>0x4130</run_address>
         <size>0x20</size>
         <input_file_ref idref="fl-c"/>
      </object_component>
      <object_component id="oc-cf">
         <name>.text:ADC14_enableInterrupt</name>
         <load_address>0x4150</load_address>
         <run_address>0x4150</run_address>
         <size>0x20</size>
         <input_file_ref idref="fl-c"/>
      </object_component>
      <object_component id="oc-ed">
         <name>.text:ADC14_toggleConversionTrigger</name>
         <load_address>0x4170</load_address>
         <run_address>0x4170</run_address>
         <size>0x20</size>
         <input_file_ref idref="fl-c"/>
      </object_component>
      <object_component id="oc-263">
         <name>.text:Timer32_startTimer</name>
         <load_address>0x4190</load_address>
         <run_address>0x4190</run_address>
         <size>0x20</size>
         <input_file_ref idref="fl-12"/>
      </object_component>
      <object_component id="oc-15d">
         <name>.text:strcat</name>
         <load_address>0x41b0</load_address>
         <run_address>0x41b0</run_address>
         <size>0x1e</size>
         <input_file_ref idref="fl-d0"/>
      </object_component>
      <object_component id="oc-2d0">
         <name>.text:ADC14_getInterruptStatus</name>
         <load_address>0x41d0</load_address>
         <run_address>0x41d0</run_address>
         <size>0x1c</size>
         <input_file_ref idref="fl-c"/>
      </object_component>
      <object_component id="oc-382">
         <name>.text:memccpy</name>
         <load_address>0x41ec</load_address>
         <run_address>0x41ec</run_address>
         <size>0x1c</size>
         <input_file_ref idref="fl-e8"/>
      </object_component>
      <object_component id="oc-478">
         <name>.text:copysign</name>
         <load_address>0x4208</load_address>
         <run_address>0x4208</run_address>
         <size>0x1a</size>
         <input_file_ref idref="fl-d6"/>
      </object_component>
      <object_component id="oc-26f">
         <name>.text:GPIO_getInputPinValue</name>
         <load_address>0x4224</load_address>
         <run_address>0x4224</run_address>
         <size>0x18</size>
         <input_file_ref idref="fl-e"/>
      </object_component>
      <object_component id="oc-117">
         <name>.text:GPIO_setOutputLowOnPin</name>
         <load_address>0x423c</load_address>
         <run_address>0x423c</run_address>
         <size>0x18</size>
         <input_file_ref idref="fl-e"/>
      </object_component>
      <object_component id="oc-a5">
         <name>.text:WDT_A_holdTimer</name>
         <load_address>0x4254</load_address>
         <run_address>0x4254</run_address>
         <size>0x18</size>
         <input_file_ref idref="fl-14"/>
      </object_component>
      <object_component id="oc-2bf">
         <name>.text:_outs</name>
         <load_address>0x426c</load_address>
         <run_address>0x426c</run_address>
         <size>0x18</size>
         <input_file_ref idref="fl-cb"/>
      </object_component>
      <object_component id="oc-135">
         <name>.text:strcmp</name>
         <load_address>0x4284</load_address>
         <run_address>0x4284</run_address>
         <size>0x18</size>
         <input_file_ref idref="fl-d1"/>
      </object_component>
      <object_component id="oc-10b">
         <name>.text:UART_enableInterrupt</name>
         <load_address>0x429c</load_address>
         <run_address>0x429c</run_address>
         <size>0x16</size>
         <input_file_ref idref="fl-13"/>
      </object_component>
      <object_component id="oc-423">
         <name>.text:strchr</name>
         <load_address>0x42b2</load_address>
         <run_address>0x42b2</run_address>
         <size>0x16</size>
         <input_file_ref idref="fl-e9"/>
      </object_component>
      <object_component id="oc-214">
         <name>.text:ADCIsConversionRunning</name>
         <load_address>0x42c8</load_address>
         <run_address>0x42c8</run_address>
         <size>0x14</size>
         <input_file_ref idref="fl-c"/>
      </object_component>
      <object_component id="oc-123">
         <name>.text:GPIO_setOutputHighOnPin</name>
         <load_address>0x42dc</load_address>
         <run_address>0x42dc</run_address>
         <size>0x14</size>
         <input_file_ref idref="fl-e"/>
      </object_component>
      <object_component id="oc-129">
         <name>.text:GPIO_toggleOutputOnPin</name>
         <load_address>0x42f0</load_address>
         <run_address>0x42f0</run_address>
         <size>0x14</size>
         <input_file_ref idref="fl-e"/>
      </object_component>
      <object_component id="oc-353">
         <name>.text:strlen</name>
         <load_address>0x4304</load_address>
         <run_address>0x4304</run_address>
         <size>0x14</size>
         <input_file_ref idref="fl-ea"/>
      </object_component>
      <object_component id="oc-3c">
         <name>.text:decompress:ZI:__TI_zero_init_nomemset:__TI_zero_init_nomemset</name>
         <load_address>0x4318</load_address>
         <run_address>0x4318</run_address>
         <size>0x12</size>
         <input_file_ref idref="fl-cd"/>
      </object_component>
      <object_component id="oc-60">
         <name>.text</name>
         <load_address>0x432a</load_address>
         <run_address>0x432a</run_address>
         <size>0x12</size>
         <input_file_ref idref="fl-4"/>
      </object_component>
      <object_component id="oc-388">
         <name>.text:wcslen</name>
         <load_address>0x433c</load_address>
         <run_address>0x433c</run_address>
         <size>0x12</size>
         <input_file_ref idref="fl-ec"/>
      </object_component>
      <object_component id="oc-b1">
         <name>.text:ADC14_enableModule</name>
         <load_address>0x4350</load_address>
         <run_address>0x4350</run_address>
         <size>0x10</size>
         <input_file_ref idref="fl-c"/>
      </object_component>
      <object_component id="oc-db">
         <name>.text:Interrupt_enableMaster</name>
         <load_address>0x4360</load_address>
         <run_address>0x4360</run_address>
         <size>0x10</size>
         <input_file_ref idref="fl-f"/>
      </object_component>
      <object_component id="oc-16">
         <name>.text:decompress:none:__TI_decompress_none</name>
         <load_address>0x4370</load_address>
         <run_address>0x4370</run_address>
         <size>0xe</size>
         <input_file_ref idref="fl-ce"/>
      </object_component>
      <object_component id="oc-232">
         <name>.text:CPU_cpsie</name>
         <load_address>0x437e</load_address>
         <run_address>0x437e</run_address>
         <size>0xc</size>
         <input_file_ref idref="fl-15"/>
      </object_component>
      <object_component id="oc-163">
         <name>.text:Timer_A_clearInterruptFlag</name>
         <load_address>0x438a</load_address>
         <run_address>0x438a</run_address>
         <size>0xc</size>
         <input_file_ref idref="fl-11"/>
      </object_component>
      <object_component id="oc-105">
         <name>.text:UART_enableModule</name>
         <load_address>0x4396</load_address>
         <run_address>0x4396</run_address>
         <size>0xc</size>
         <input_file_ref idref="fl-13"/>
      </object_component>
      <object_component id="oc-251">
         <name>.text:Timer32_disableInterrupt</name>
         <load_address>0x43a2</load_address>
         <run_address>0x43a2</run_address>
         <size>0xa</size>
         <input_file_ref idref="fl-12"/>
      </object_component>
      <object_component id="oc-257">
         <name>.text:Timer32_haltTimer</name>
         <load_address>0x43ac</load_address>
         <run_address>0x43ac</run_address>
         <size>0xa</size>
         <input_file_ref idref="fl-12"/>
      </object_component>
      <object_component id="oc-2c5">
         <name>.text:_outc</name>
         <load_address>0x43b6</load_address>
         <run_address>0x43b6</run_address>
         <size>0xa</size>
         <input_file_ref idref="fl-cb"/>
      </object_component>
      <object_component id="oc-f9">
         <name>.text:Timer_A_startCounter</name>
         <load_address>0x43c0</load_address>
         <run_address>0x43c0</run_address>
         <size>0x8</size>
         <input_file_ref idref="fl-11"/>
      </object_component>
      <object_component id="oc-38e">
         <name>.text:__aeabi_errno_addr</name>
         <load_address>0x43c8</load_address>
         <run_address>0x43c8</run_address>
         <size>0x8</size>
         <input_file_ref idref="fl-eb"/>
      </object_component>
      <object_component id="oc-269">
         <name>.text:Timer32_getValue</name>
         <load_address>0x43d0</load_address>
         <run_address>0x43d0</run_address>
         <size>0x4</size>
         <input_file_ref idref="fl-12"/>
      </object_component>
      <object_component id="oc-8c">
         <name>.text:_system_pre_init</name>
         <load_address>0x43d4</load_address>
         <run_address>0x43d4</run_address>
         <size>0x4</size>
         <input_file_ref idref="fl-e0"/>
      </object_component>
      <object_component id="oc-1c8">
         <name>.text:abort:abort</name>
         <load_address>0x43d8</load_address>
         <run_address>0x43d8</run_address>
         <size>0x4</size>
         <input_file_ref idref="fl-e2"/>
      </object_component>
      <object_component id="oc-3cc">
         <name>.const:.string:_ctypes_</name>
         <load_address>0x43dc</load_address>
         <run_address>0x43dc</run_address>
         <size>0x101</size>
         <input_file_ref idref="fl-e6"/>
      </object_component>
      <object_component id="oc-197">
         <name>.const:.string:$P$T3$4</name>
         <load_address>0x44dd</load_address>
         <run_address>0x44dd</run_address>
         <size>0x2</size>
         <input_file_ref idref="fl-6"/>
      </object_component>
      <object_component id="oc-227">
         <name>.const:_ctlRegs</name>
         <load_address>0x44e0</load_address>
         <run_address>0x44e0</run_address>
         <size>0x80</size>
         <input_file_ref idref="fl-c"/>
      </object_component>
      <object_component id="oc-22d">
         <name>.const</name>
         <load_address>0x4560</load_address>
         <run_address>0x4560</run_address>
         <size>0x40</size>
         <input_file_ref idref="fl-f"/>
      </object_component>
      <object_component id="oc-282">
         <name>.const:dv</name>
         <load_address>0x45a0</load_address>
         <run_address>0x45a0</run_address>
         <size>0x28</size>
         <input_file_ref idref="fl-3"/>
      </object_component>
      <object_component id="oc-144">
         <name>.const:GSM_Config</name>
         <load_address>0x45c8</load_address>
         <run_address>0x45c8</run_address>
         <size>0x24</size>
         <input_file_ref idref="fl-6"/>
      </object_component>
      <object_component id="oc-141">
         <name>.const:uartConfig</name>
         <load_address>0x45ec</load_address>
         <run_address>0x45ec</run_address>
         <size>0x24</size>
         <input_file_ref idref="fl-6"/>
      </object_component>
      <object_component id="oc-181">
         <name>.const:.string:$P$T0$1</name>
         <load_address>0x4610</load_address>
         <run_address>0x4610</run_address>
         <size>0x1e</size>
         <input_file_ref idref="fl-6"/>
      </object_component>
      <object_component id="oc-194">
         <name>.const:.string:$P$T2$3</name>
         <load_address>0x462e</load_address>
         <run_address>0x462e</run_address>
         <size>0x14</size>
         <input_file_ref idref="fl-6"/>
      </object_component>
      <object_component id="oc-281">
         <name>.const:.string:hex$1</name>
         <load_address>0x4642</load_address>
         <run_address>0x4642</run_address>
         <size>0x10</size>
         <input_file_ref idref="fl-3"/>
      </object_component>
      <object_component id="oc-19a">
         <name>.const:.string:$P$T4$5</name>
         <load_address>0x4652</load_address>
         <run_address>0x4652</run_address>
         <size>0x2</size>
         <input_file_ref idref="fl-6"/>
      </object_component>
      <object_component id="oc-13e">
         <name>.const:continuousModeConfig</name>
         <load_address>0x4654</load_address>
         <run_address>0x4654</run_address>
         <size>0x10</size>
         <input_file_ref idref="fl-6"/>
      </object_component>
      <object_component id="oc-184">
         <name>.const:.string:$P$T1$2</name>
         <load_address>0x4664</load_address>
         <run_address>0x4664</run_address>
         <size>0x7</size>
         <input_file_ref idref="fl-6"/>
      </object_component>
      <object_component id="oc-4cf">
         <name>.cinit..data.load</name>
         <load_address>0x4670</load_address>
         <run_address>0x4670</run_address>
         <size>0x91</size>
      </object_component>
      <object_component id="oc-4cd">
         <name>__TI_handler_table</name>
         <load_address>0x4704</load_address>
         <run_address>0x4704</run_address>
         <size>0xc</size>
      </object_component>
      <object_component id="oc-4d0">
         <name>.cinit..bss.load</name>
         <load_address>0x4710</load_address>
         <run_address>0x4710</run_address>
         <size>0x8</size>
      </object_component>
      <object_component id="oc-4ce">
         <name>__TI_cinit_table</name>
         <load_address>0x4718</load_address>
         <run_address>0x4718</run_address>
         <size>0x10</size>
      </object_component>
      <object_component id="oc-206">
         <name>.data</name>
         <load_address>0x20000124</load_address>
         <run_address>0x20000124</run_address>
         <size>0x4</size>
         <input_file_ref idref="fl-5"/>
      </object_component>
      <object_component id="oc-147">
         <name>.data</name>
         <load_address>0x20000084</load_address>
         <run_address>0x20000084</run_address>
         <size>0x3c</size>
         <input_file_ref idref="fl-6"/>
      </object_component>
      <object_component id="oc-151">
         <name>.data:telefone1</name>
         <load_address>0x200000f0</load_address>
         <run_address>0x200000f0</run_address>
         <size>0xf</size>
         <input_file_ref idref="fl-6"/>
      </object_component>
      <object_component id="oc-154">
         <name>.data:telefone2</name>
         <load_address>0x200000ff</load_address>
         <run_address>0x200000ff</run_address>
         <size>0xf</size>
         <input_file_ref idref="fl-6"/>
      </object_component>
      <object_component id="oc-1a3">
         <name>.data:telefoneBackdoor</name>
         <load_address>0x2000010e</load_address>
         <run_address>0x2000010e</run_address>
         <size>0xf</size>
         <input_file_ref idref="fl-6"/>
      </object_component>
      <object_component id="oc-14e">
         <name>.data:funcoes_programadas</name>
         <load_address>0x20000000</load_address>
         <run_address>0x20000000</run_address>
         <size>0x82</size>
         <input_file_ref idref="fl-6"/>
      </object_component>
      <object_component id="oc-21c">
         <name>.data:GPIO_PORT_TO_BASE</name>
         <load_address>0x200000c0</load_address>
         <run_address>0x200000c0</run_address>
         <size>0x30</size>
         <input_file_ref idref="fl-e"/>
      </object_component>
      <object_component id="oc-433">
         <name>.data</name>
         <load_address>0x20000120</load_address>
         <run_address>0x20000120</run_address>
         <size>0x4</size>
         <input_file_ref idref="fl-eb"/>
      </object_component>
      <object_component id="oc-27b">
         <name>.bss</name>
         <uninitialized>true</uninitialized>
         <run_address>0x200001e8</run_address>
         <size>0x1</size>
         <input_file_ref idref="fl-2"/>
      </object_component>
      <object_component id="oc-187">
         <name>.bss:resultsBuffer</name>
         <uninitialized>true</uninitialized>
         <run_address>0x200001cc</run_address>
         <size>0x10</size>
         <input_file_ref idref="fl-6"/>
      </object_component>
      <object_component id="oc-13b">
         <name>.bss</name>
         <uninitialized>true</uninitialized>
         <run_address>0x200001e4</run_address>
         <size>0x4</size>
         <input_file_ref idref="fl-6"/>
      </object_component>
      <object_component id="oc-18a">
         <name>.common:values</name>
         <uninitialized>true</uninitialized>
         <run_address>0x200001dc</run_address>
         <size>0x8</size>
      </object_component>
      <object_component id="oc-193">
         <name>.common:rxbuff</name>
         <uninitialized>true</uninitialized>
         <run_address>0x20000128</run_address>
         <size>0x64</size>
      </object_component>
      <object_component id="oc-14a">
         <name>.common:num_identificado</name>
         <uninitialized>true</uninitialized>
         <run_address>0x200001ac</run_address>
         <size>0x20</size>
      </object_component>
      <object_component id="oc-14d">
         <name>.common:mensagem_recebida</name>
         <uninitialized>true</uninitialized>
         <run_address>0x2000018c</run_address>
         <size>0x20</size>
      </object_component>
      <object_component id="oc-22">
         <name>.stack</name>
         <uninitialized>true</uninitialized>
         <run_address>0x2000fe00</run_address>
         <size>0x4</size>
         <input_file_ref idref="fl-d2"/>
      </object_component>
      <object_component id="oc-4d1">
         <name>.stack</name>
         <uninitialized>true</uninitialized>
         <run_address>0x2000fe00</run_address>
         <size>0x0</size>
      </object_component>
      <object_component id="oc-18b">
         <name>.debug_info</name>
         <load_address>0x0</load_address>
         <run_address>0x0</run_address>
         <size>0x823</size>
         <input_file_ref idref="fl-2"/>
      </object_component>
      <object_component id="oc-27c">
         <name>.debug_info</name>
         <load_address>0x823</load_address>
         <run_address>0x823</run_address>
         <size>0xde</size>
         <input_file_ref idref="fl-2"/>
      </object_component>
      <object_component id="oc-11e">
         <name>.debug_info</name>
         <load_address>0x901</load_address>
         <run_address>0x901</run_address>
         <size>0x4a3</size>
         <input_file_ref idref="fl-2"/>
      </object_component>
      <object_component id="oc-1b3">
         <name>.debug_info</name>
         <load_address>0xda4</load_address>
         <run_address>0xda4</run_address>
         <size>0x26b</size>
         <input_file_ref idref="fl-2"/>
      </object_component>
      <object_component id="oc-29f">
         <name>.debug_info</name>
         <load_address>0x100f</load_address>
         <run_address>0x100f</run_address>
         <size>0x1055</size>
         <input_file_ref idref="fl-2"/>
      </object_component>
      <object_component id="oc-2e2">
         <name>.debug_info</name>
         <load_address>0x2064</load_address>
         <run_address>0x2064</run_address>
         <size>0x37e2</size>
         <input_file_ref idref="fl-2"/>
      </object_component>
      <object_component id="oc-2a4">
         <name>.debug_info</name>
         <load_address>0x5846</load_address>
         <run_address>0x5846</run_address>
         <size>0x341</size>
         <input_file_ref idref="fl-2"/>
      </object_component>
      <object_component id="oc-1a7">
         <name>.debug_info</name>
         <load_address>0x5b87</load_address>
         <run_address>0x5b87</run_address>
         <size>0x8b</size>
         <input_file_ref idref="fl-2"/>
      </object_component>
      <object_component id="oc-2f1">
         <name>.debug_info</name>
         <load_address>0x5c12</load_address>
         <run_address>0x5c12</run_address>
         <size>0x297</size>
         <input_file_ref idref="fl-2"/>
      </object_component>
      <object_component id="oc-2ae">
         <name>.debug_info</name>
         <load_address>0x5ea9</load_address>
         <run_address>0x5ea9</run_address>
         <size>0xef</size>
         <input_file_ref idref="fl-2"/>
      </object_component>
      <object_component id="oc-1ac">
         <name>.debug_info</name>
         <load_address>0x5f98</load_address>
         <run_address>0x5f98</run_address>
         <size>0xbb</size>
         <input_file_ref idref="fl-2"/>
      </object_component>
      <object_component id="oc-2a9">
         <name>.debug_info</name>
         <load_address>0x6053</load_address>
         <run_address>0x6053</run_address>
         <size>0xee</size>
         <input_file_ref idref="fl-2"/>
      </object_component>
      <object_component id="oc-286">
         <name>.debug_info</name>
         <load_address>0x6141</load_address>
         <run_address>0x6141</run_address>
         <size>0x57a</size>
         <input_file_ref idref="fl-3"/>
      </object_component>
      <object_component id="oc-283">
         <name>.debug_info</name>
         <load_address>0x66bb</load_address>
         <run_address>0x66bb</run_address>
         <size>0xd9</size>
         <input_file_ref idref="fl-3"/>
      </object_component>
      <object_component id="oc-130">
         <name>.debug_info</name>
         <load_address>0x6794</load_address>
         <run_address>0x6794</run_address>
         <size>0x5f5</size>
         <input_file_ref idref="fl-3"/>
      </object_component>
      <object_component id="oc-2b">
         <name>.debug_info</name>
         <load_address>0x6d89</load_address>
         <run_address>0x6d89</run_address>
         <size>0x84</size>
         <input_file_ref idref="fl-3"/>
      </object_component>
      <object_component id="oc-287">
         <name>.debug_info</name>
         <load_address>0x6e0d</load_address>
         <run_address>0x6e0d</run_address>
         <size>0x2c</size>
         <input_file_ref idref="fl-3"/>
      </object_component>
      <object_component id="oc-6e">
         <name>.debug_info</name>
         <load_address>0x6e39</load_address>
         <run_address>0x6e39</run_address>
         <size>0x384</size>
         <input_file_ref idref="fl-4"/>
      </object_component>
      <object_component id="oc-20">
         <name>.debug_info</name>
         <load_address>0x71bd</load_address>
         <run_address>0x71bd</run_address>
         <size>0x107</size>
         <input_file_ref idref="fl-4"/>
      </object_component>
      <object_component id="oc-62">
         <name>.debug_info</name>
         <load_address>0x72c4</load_address>
         <run_address>0x72c4</run_address>
         <size>0x26e</size>
         <input_file_ref idref="fl-4"/>
      </object_component>
      <object_component id="oc-207">
         <name>.debug_info</name>
         <load_address>0x7532</load_address>
         <run_address>0x7532</run_address>
         <size>0x100</size>
         <input_file_ref idref="fl-5"/>
      </object_component>
      <object_component id="oc-a0">
         <name>.debug_info</name>
         <load_address>0x7632</load_address>
         <run_address>0x7632</run_address>
         <size>0x272</size>
         <input_file_ref idref="fl-5"/>
      </object_component>
      <object_component id="oc-14b">
         <name>.debug_info</name>
         <load_address>0x78a4</load_address>
         <run_address>0x78a4</run_address>
         <size>0xf9d</size>
         <input_file_ref idref="fl-6"/>
      </object_component>
      <object_component id="oc-148">
         <name>.debug_info</name>
         <load_address>0x8841</load_address>
         <run_address>0x8841</run_address>
         <size>0x328</size>
         <input_file_ref idref="fl-6"/>
      </object_component>
      <object_component id="oc-152">
         <name>.debug_info</name>
         <load_address>0x8b69</load_address>
         <run_address>0x8b69</run_address>
         <size>0xfa</size>
         <input_file_ref idref="fl-6"/>
      </object_component>
      <object_component id="oc-155">
         <name>.debug_info</name>
         <load_address>0x8c63</load_address>
         <run_address>0x8c63</run_address>
         <size>0xfa</size>
         <input_file_ref idref="fl-6"/>
      </object_component>
      <object_component id="oc-1a4">
         <name>.debug_info</name>
         <load_address>0x8d5d</load_address>
         <run_address>0x8d5d</run_address>
         <size>0x108</size>
         <input_file_ref idref="fl-6"/>
      </object_component>
      <object_component id="oc-14f">
         <name>.debug_info</name>
         <load_address>0x8e65</load_address>
         <run_address>0x8e65</run_address>
         <size>0x10e</size>
         <input_file_ref idref="fl-6"/>
      </object_component>
      <object_component id="oc-188">
         <name>.debug_info</name>
         <load_address>0x8f73</load_address>
         <run_address>0x8f73</run_address>
         <size>0x101</size>
         <input_file_ref idref="fl-6"/>
      </object_component>
      <object_component id="oc-13c">
         <name>.debug_info</name>
         <load_address>0x9074</load_address>
         <run_address>0x9074</run_address>
         <size>0x155</size>
         <input_file_ref idref="fl-6"/>
      </object_component>
      <object_component id="oc-142">
         <name>.debug_info</name>
         <load_address>0x91c9</load_address>
         <run_address>0x91c9</run_address>
         <size>0xfc</size>
         <input_file_ref idref="fl-6"/>
      </object_component>
      <object_component id="oc-145">
         <name>.debug_info</name>
         <load_address>0x92c5</load_address>
         <run_address>0x92c5</run_address>
         <size>0xfc</size>
         <input_file_ref idref="fl-6"/>
      </object_component>
      <object_component id="oc-13f">
         <name>.debug_info</name>
         <load_address>0x93c1</load_address>
         <run_address>0x93c1</run_address>
         <size>0x110</size>
         <input_file_ref idref="fl-6"/>
      </object_component>
      <object_component id="oc-182">
         <name>.debug_info</name>
         <load_address>0x94d1</load_address>
         <run_address>0x94d1</run_address>
         <size>0xf6</size>
         <input_file_ref idref="fl-6"/>
      </object_component>
      <object_component id="oc-185">
         <name>.debug_info</name>
         <load_address>0x95c7</load_address>
         <run_address>0x95c7</run_address>
         <size>0xf6</size>
         <input_file_ref idref="fl-6"/>
      </object_component>
      <object_component id="oc-195">
         <name>.debug_info</name>
         <load_address>0x96bd</load_address>
         <run_address>0x96bd</run_address>
         <size>0xf6</size>
         <input_file_ref idref="fl-6"/>
      </object_component>
      <object_component id="oc-198">
         <name>.debug_info</name>
         <load_address>0x97b3</load_address>
         <run_address>0x97b3</run_address>
         <size>0xf6</size>
         <input_file_ref idref="fl-6"/>
      </object_component>
      <object_component id="oc-19b">
         <name>.debug_info</name>
         <load_address>0x98a9</load_address>
         <run_address>0x98a9</run_address>
         <size>0xf6</size>
         <input_file_ref idref="fl-6"/>
      </object_component>
      <object_component id="oc-67">
         <name>.debug_info</name>
         <load_address>0x999f</load_address>
         <run_address>0x999f</run_address>
         <size>0x1b03</size>
         <input_file_ref idref="fl-6"/>
      </object_component>
      <object_component id="oc-29a">
         <name>.debug_info</name>
         <load_address>0xb4a2</load_address>
         <run_address>0xb4a2</run_address>
         <size>0x37e2</size>
         <input_file_ref idref="fl-6"/>
      </object_component>
      <object_component id="oc-1bf">
         <name>.debug_info</name>
         <load_address>0xec84</load_address>
         <run_address>0xec84</run_address>
         <size>0x2c</size>
         <input_file_ref idref="fl-6"/>
      </object_component>
      <object_component id="oc-21b">
         <name>.debug_info</name>
         <load_address>0xecb0</load_address>
         <run_address>0xecb0</run_address>
         <size>0x4b3</size>
         <input_file_ref idref="fl-c"/>
      </object_component>
      <object_component id="oc-228">
         <name>.debug_info</name>
         <load_address>0xf163</load_address>
         <run_address>0xf163</run_address>
         <size>0xbf</size>
         <input_file_ref idref="fl-c"/>
      </object_component>
      <object_component id="oc-f1">
         <name>.debug_info</name>
         <load_address>0xf222</load_address>
         <run_address>0xf222</run_address>
         <size>0x117</size>
         <input_file_ref idref="fl-c"/>
      </object_component>
      <object_component id="oc-218">
         <name>.debug_info</name>
         <load_address>0xf339</load_address>
         <run_address>0xf339</run_address>
         <size>0x105</size>
         <input_file_ref idref="fl-c"/>
      </object_component>
      <object_component id="oc-bb">
         <name>.debug_info</name>
         <load_address>0xf43e</load_address>
         <run_address>0xf43e</run_address>
         <size>0x243</size>
         <input_file_ref idref="fl-c"/>
      </object_component>
      <object_component id="oc-225">
         <name>.debug_info</name>
         <load_address>0xf681</load_address>
         <run_address>0xf681</run_address>
         <size>0x1d6</size>
         <input_file_ref idref="fl-c"/>
      </object_component>
      <object_component id="oc-179">
         <name>.debug_info</name>
         <load_address>0xf857</load_address>
         <run_address>0xf857</run_address>
         <size>0x161</size>
         <input_file_ref idref="fl-c"/>
      </object_component>
      <object_component id="oc-2d4">
         <name>.debug_info</name>
         <load_address>0xf9b8</load_address>
         <run_address>0xf9b8</run_address>
         <size>0x122</size>
         <input_file_ref idref="fl-c"/>
      </object_component>
      <object_component id="oc-16d">
         <name>.debug_info</name>
         <load_address>0xfada</load_address>
         <run_address>0xfada</run_address>
         <size>0x14b</size>
         <input_file_ref idref="fl-c"/>
      </object_component>
      <object_component id="oc-e5">
         <name>.debug_info</name>
         <load_address>0xfc25</load_address>
         <run_address>0xfc25</run_address>
         <size>0x17f</size>
         <input_file_ref idref="fl-c"/>
      </object_component>
      <object_component id="oc-b5">
         <name>.debug_info</name>
         <load_address>0xfda4</load_address>
         <run_address>0xfda4</run_address>
         <size>0xfa</size>
         <input_file_ref idref="fl-c"/>
      </object_component>
      <object_component id="oc-d3">
         <name>.debug_info</name>
         <load_address>0xfe9e</load_address>
         <run_address>0xfe9e</run_address>
         <size>0x114</size>
         <input_file_ref idref="fl-c"/>
      </object_component>
      <object_component id="oc-eb">
         <name>.debug_info</name>
         <load_address>0xffb2</load_address>
         <run_address>0xffb2</run_address>
         <size>0x12c</size>
         <input_file_ref idref="fl-c"/>
      </object_component>
      <object_component id="oc-17f">
         <name>.debug_info</name>
         <load_address>0x100de</load_address>
         <run_address>0x100de</run_address>
         <size>0x11d</size>
         <input_file_ref idref="fl-c"/>
      </object_component>
      <object_component id="oc-c6">
         <name>.debug_info</name>
         <load_address>0x101fb</load_address>
         <run_address>0x101fb</run_address>
         <size>0x224</size>
         <input_file_ref idref="fl-c"/>
      </object_component>
      <object_component id="oc-cc">
         <name>.debug_info</name>
         <load_address>0x1041f</load_address>
         <run_address>0x1041f</run_address>
         <size>0x284</size>
         <input_file_ref idref="fl-c"/>
      </object_component>
      <object_component id="oc-172">
         <name>.debug_info</name>
         <load_address>0x106a3</load_address>
         <run_address>0x106a3</run_address>
         <size>0x11a</size>
         <input_file_ref idref="fl-c"/>
      </object_component>
      <object_component id="oc-31f">
         <name>.debug_info</name>
         <load_address>0x107bd</load_address>
         <run_address>0x107bd</run_address>
         <size>0x103e</size>
         <input_file_ref idref="fl-c"/>
      </object_component>
      <object_component id="oc-20c">
         <name>.debug_info</name>
         <load_address>0x117fb</load_address>
         <run_address>0x117fb</run_address>
         <size>0x18b</size>
         <input_file_ref idref="fl-c"/>
      </object_component>
      <object_component id="oc-211">
         <name>.debug_info</name>
         <load_address>0x11986</load_address>
         <run_address>0x11986</run_address>
         <size>0x5ef</size>
         <input_file_ref idref="fl-d"/>
      </object_component>
      <object_component id="oc-ad">
         <name>.debug_info</name>
         <load_address>0x11f75</load_address>
         <run_address>0x11f75</run_address>
         <size>0x132</size>
         <input_file_ref idref="fl-d"/>
      </object_component>
      <object_component id="oc-31a">
         <name>.debug_info</name>
         <load_address>0x120a7</load_address>
         <run_address>0x120a7</run_address>
         <size>0x1b5</size>
         <input_file_ref idref="fl-d"/>
      </object_component>
      <object_component id="oc-220">
         <name>.debug_info</name>
         <load_address>0x1225c</load_address>
         <run_address>0x1225c</run_address>
         <size>0x4a4</size>
         <input_file_ref idref="fl-e"/>
      </object_component>
      <object_component id="oc-21d">
         <name>.debug_info</name>
         <load_address>0x12700</load_address>
         <run_address>0x12700</run_address>
         <size>0xd0</size>
         <input_file_ref idref="fl-e"/>
      </object_component>
      <object_component id="oc-12b">
         <name>.debug_info</name>
         <load_address>0x127d0</load_address>
         <run_address>0x127d0</run_address>
         <size>0x183</size>
         <input_file_ref idref="fl-e"/>
      </object_component>
      <object_component id="oc-119">
         <name>.debug_info</name>
         <load_address>0x12953</load_address>
         <run_address>0x12953</run_address>
         <size>0x183</size>
         <input_file_ref idref="fl-e"/>
      </object_component>
      <object_component id="oc-125">
         <name>.debug_info</name>
         <load_address>0x12ad6</load_address>
         <run_address>0x12ad6</run_address>
         <size>0x185</size>
         <input_file_ref idref="fl-e"/>
      </object_component>
      <object_component id="oc-bf">
         <name>.debug_info</name>
         <load_address>0x12c5b</load_address>
         <run_address>0x12c5b</run_address>
         <size>0x1db</size>
         <input_file_ref idref="fl-e"/>
      </object_component>
      <object_component id="oc-113">
         <name>.debug_info</name>
         <load_address>0x12e36</load_address>
         <run_address>0x12e36</run_address>
         <size>0x19c</size>
         <input_file_ref idref="fl-e"/>
      </object_component>
      <object_component id="oc-277">
         <name>.debug_info</name>
         <load_address>0x12fd2</load_address>
         <run_address>0x12fd2</run_address>
         <size>0x19a</size>
         <input_file_ref idref="fl-e"/>
      </object_component>
      <object_component id="oc-271">
         <name>.debug_info</name>
         <load_address>0x1316c</load_address>
         <run_address>0x1316c</run_address>
         <size>0x185</size>
         <input_file_ref idref="fl-e"/>
      </object_component>
      <object_component id="oc-231">
         <name>.debug_info</name>
         <load_address>0x132f1</load_address>
         <run_address>0x132f1</run_address>
         <size>0x432</size>
         <input_file_ref idref="fl-f"/>
      </object_component>
      <object_component id="oc-22e">
         <name>.debug_info</name>
         <load_address>0x13723</load_address>
         <run_address>0x13723</run_address>
         <size>0x173</size>
         <input_file_ref idref="fl-f"/>
      </object_component>
      <object_component id="oc-de">
         <name>.debug_info</name>
         <load_address>0x13896</load_address>
         <run_address>0x13896</run_address>
         <size>0x122</size>
         <input_file_ref idref="fl-f"/>
      </object_component>
      <object_component id="oc-d7">
         <name>.debug_info</name>
         <load_address>0x139b8</load_address>
         <run_address>0x139b8</run_address>
         <size>0x16b</size>
         <input_file_ref idref="fl-f"/>
      </object_component>
      <object_component id="oc-243">
         <name>.debug_info</name>
         <load_address>0x13b23</load_address>
         <run_address>0x13b23</run_address>
         <size>0x4f5</size>
         <input_file_ref idref="fl-11"/>
      </object_component>
      <object_component id="oc-fa">
         <name>.debug_info</name>
         <load_address>0x14018</load_address>
         <run_address>0x14018</run_address>
         <size>0x160</size>
         <input_file_ref idref="fl-11"/>
      </object_component>
      <object_component id="oc-23d">
         <name>.debug_info</name>
         <load_address>0x14178</load_address>
         <run_address>0x14178</run_address>
         <size>0x1af</size>
         <input_file_ref idref="fl-11"/>
      </object_component>
      <object_component id="oc-f4">
         <name>.debug_info</name>
         <load_address>0x14327</load_address>
         <run_address>0x14327</run_address>
         <size>0x198</size>
         <input_file_ref idref="fl-11"/>
      </object_component>
      <object_component id="oc-164">
         <name>.debug_info</name>
         <load_address>0x144bf</load_address>
         <run_address>0x144bf</run_address>
         <size>0x139</size>
         <input_file_ref idref="fl-11"/>
      </object_component>
      <object_component id="oc-336">
         <name>.debug_info</name>
         <load_address>0x145f8</load_address>
         <run_address>0x145f8</run_address>
         <size>0x341</size>
         <input_file_ref idref="fl-11"/>
      </object_component>
      <object_component id="oc-343">
         <name>.debug_info</name>
         <load_address>0x14939</load_address>
         <run_address>0x14939</run_address>
         <size>0x486</size>
         <input_file_ref idref="fl-12"/>
      </object_component>
      <object_component id="oc-266">
         <name>.debug_info</name>
         <load_address>0x14dbf</load_address>
         <run_address>0x14dbf</run_address>
         <size>0x154</size>
         <input_file_ref idref="fl-12"/>
      </object_component>
      <object_component id="oc-260">
         <name>.debug_info</name>
         <load_address>0x14f13</load_address>
         <run_address>0x14f13</run_address>
         <size>0x148</size>
         <input_file_ref idref="fl-12"/>
      </object_component>
      <object_component id="oc-24f">
         <name>.debug_info</name>
         <load_address>0x1505b</load_address>
         <run_address>0x1505b</run_address>
         <size>0x1b8</size>
         <input_file_ref idref="fl-12"/>
      </object_component>
      <object_component id="oc-25a">
         <name>.debug_info</name>
         <load_address>0x15213</load_address>
         <run_address>0x15213</run_address>
         <size>0x124</size>
         <input_file_ref idref="fl-12"/>
      </object_component>
      <object_component id="oc-26c">
         <name>.debug_info</name>
         <load_address>0x15337</load_address>
         <run_address>0x15337</run_address>
         <size>0x126</size>
         <input_file_ref idref="fl-12"/>
      </object_component>
      <object_component id="oc-254">
         <name>.debug_info</name>
         <load_address>0x1545d</load_address>
         <run_address>0x1545d</run_address>
         <size>0x132</size>
         <input_file_ref idref="fl-12"/>
      </object_component>
      <object_component id="oc-246">
         <name>.debug_info</name>
         <load_address>0x1558f</load_address>
         <run_address>0x1558f</run_address>
         <size>0x498</size>
         <input_file_ref idref="fl-13"/>
      </object_component>
      <object_component id="oc-19e">
         <name>.debug_info</name>
         <load_address>0x15a27</load_address>
         <run_address>0x15a27</run_address>
         <size>0x181</size>
         <input_file_ref idref="fl-13"/>
      </object_component>
      <object_component id="oc-18f">
         <name>.debug_info</name>
         <load_address>0x15ba8</load_address>
         <run_address>0x15ba8</run_address>
         <size>0x141</size>
         <input_file_ref idref="fl-13"/>
      </object_component>
      <object_component id="oc-100">
         <name>.debug_info</name>
         <load_address>0x15ce9</load_address>
         <run_address>0x15ce9</run_address>
         <size>0x169</size>
         <input_file_ref idref="fl-13"/>
      </object_component>
      <object_component id="oc-107">
         <name>.debug_info</name>
         <load_address>0x15e52</load_address>
         <run_address>0x15e52</run_address>
         <size>0x13f</size>
         <input_file_ref idref="fl-13"/>
      </object_component>
      <object_component id="oc-10c">
         <name>.debug_info</name>
         <load_address>0x15f91</load_address>
         <run_address>0x15f91</run_address>
         <size>0x168</size>
         <input_file_ref idref="fl-13"/>
      </object_component>
      <object_component id="oc-33d">
         <name>.debug_info</name>
         <load_address>0x160f9</load_address>
         <run_address>0x160f9</run_address>
         <size>0xee</size>
         <input_file_ref idref="fl-13"/>
      </object_component>
      <object_component id="oc-a6">
         <name>.debug_info</name>
         <load_address>0x161e7</load_address>
         <run_address>0x161e7</run_address>
         <size>0x115</size>
         <input_file_ref idref="fl-14"/>
      </object_component>
      <object_component id="oc-236">
         <name>.debug_info</name>
         <load_address>0x162fc</load_address>
         <run_address>0x162fc</run_address>
         <size>0xe7</size>
         <input_file_ref idref="fl-15"/>
      </object_component>
      <object_component id="oc-2cc">
         <name>.debug_info</name>
         <load_address>0x163e3</load_address>
         <run_address>0x163e3</run_address>
         <size>0x337</size>
         <input_file_ref idref="fl-cb"/>
      </object_component>
      <object_component id="oc-15a">
         <name>.debug_info</name>
         <load_address>0x1671a</load_address>
         <run_address>0x1671a</run_address>
         <size>0x1d5</size>
         <input_file_ref idref="fl-cb"/>
      </object_component>
      <object_component id="oc-2c0">
         <name>.debug_info</name>
         <load_address>0x168ef</load_address>
         <run_address>0x168ef</run_address>
         <size>0x191</size>
         <input_file_ref idref="fl-cb"/>
      </object_component>
      <object_component id="oc-2c7">
         <name>.debug_info</name>
         <load_address>0x16a80</load_address>
         <run_address>0x16a80</run_address>
         <size>0x171</size>
         <input_file_ref idref="fl-cb"/>
      </object_component>
      <object_component id="oc-43a">
         <name>.debug_info</name>
         <load_address>0x16bf1</load_address>
         <run_address>0x16bf1</run_address>
         <size>0x2c</size>
         <input_file_ref idref="fl-cb"/>
      </object_component>
      <object_component id="oc-32">
         <name>.debug_info</name>
         <load_address>0x16c1d</load_address>
         <run_address>0x16c1d</run_address>
         <size>0x11d</size>
         <input_file_ref idref="fl-cc"/>
      </object_component>
      <object_component id="oc-85">
         <name>.debug_info</name>
         <load_address>0x16d3a</load_address>
         <run_address>0x16d3a</run_address>
         <size>0x2d8</size>
         <input_file_ref idref="fl-cd"/>
      </object_component>
      <object_component id="oc-40">
         <name>.debug_info</name>
         <load_address>0x17012</load_address>
         <run_address>0x17012</run_address>
         <size>0x1c3</size>
         <input_file_ref idref="fl-cd"/>
      </object_component>
      <object_component id="oc-80">
         <name>.debug_info</name>
         <load_address>0x171d5</load_address>
         <run_address>0x171d5</run_address>
         <size>0x46</size>
         <input_file_ref idref="fl-cd"/>
      </object_component>
      <object_component id="oc-3b">
         <name>.debug_info</name>
         <load_address>0x1721b</load_address>
         <run_address>0x1721b</run_address>
         <size>0x2ac</size>
         <input_file_ref idref="fl-ce"/>
      </object_component>
      <object_component id="oc-17">
         <name>.debug_info</name>
         <load_address>0x174c7</load_address>
         <run_address>0x174c7</run_address>
         <size>0x1ee</size>
         <input_file_ref idref="fl-ce"/>
      </object_component>
      <object_component id="oc-36">
         <name>.debug_info</name>
         <load_address>0x176b5</load_address>
         <run_address>0x176b5</run_address>
         <size>0x46</size>
         <input_file_ref idref="fl-ce"/>
      </object_component>
      <object_component id="oc-78">
         <name>.debug_info</name>
         <load_address>0x176fb</load_address>
         <run_address>0x176fb</run_address>
         <size>0x2c</size>
         <input_file_ref idref="fl-ce"/>
      </object_component>
      <object_component id="oc-76">
         <name>.debug_info</name>
         <load_address>0x17727</load_address>
         <run_address>0x17727</run_address>
         <size>0x2a2</size>
         <input_file_ref idref="fl-cf"/>
      </object_component>
      <object_component id="oc-14">
         <name>.debug_info</name>
         <load_address>0x179c9</load_address>
         <run_address>0x179c9</run_address>
         <size>0x254</size>
         <input_file_ref idref="fl-cf"/>
      </object_component>
      <object_component id="oc-26">
         <name>.debug_info</name>
         <load_address>0x17c1d</load_address>
         <run_address>0x17c1d</run_address>
         <size>0x60</size>
         <input_file_ref idref="fl-cf"/>
      </object_component>
      <object_component id="oc-1b8">
         <name>.debug_info</name>
         <load_address>0x17c7d</load_address>
         <run_address>0x17c7d</run_address>
         <size>0x46</size>
         <input_file_ref idref="fl-cf"/>
      </object_component>
      <object_component id="oc-71">
         <name>.debug_info</name>
         <load_address>0x17cc3</load_address>
         <run_address>0x17cc3</run_address>
         <size>0x39</size>
         <input_file_ref idref="fl-cf"/>
      </object_component>
      <object_component id="oc-2ce">
         <name>.debug_info</name>
         <load_address>0x17cfc</load_address>
         <run_address>0x17cfc</run_address>
         <size>0x2a8</size>
         <input_file_ref idref="fl-d0"/>
      </object_component>
      <object_component id="oc-15f">
         <name>.debug_info</name>
         <load_address>0x17fa4</load_address>
         <run_address>0x17fa4</run_address>
         <size>0x271</size>
         <input_file_ref idref="fl-d0"/>
      </object_component>
      <object_component id="oc-28d">
         <name>.debug_info</name>
         <load_address>0x18215</load_address>
         <run_address>0x18215</run_address>
         <size>0x28e</size>
         <input_file_ref idref="fl-d1"/>
      </object_component>
      <object_component id="oc-136">
         <name>.debug_info</name>
         <load_address>0x184a3</load_address>
         <run_address>0x184a3</run_address>
         <size>0x27d</size>
         <input_file_ref idref="fl-d1"/>
      </object_component>
      <object_component id="oc-23">
         <name>.debug_info</name>
         <load_address>0x18720</load_address>
         <run_address>0x18720</run_address>
         <size>0x10f</size>
         <input_file_ref idref="fl-d2"/>
      </object_component>
      <object_component id="oc-50">
         <name>.debug_info</name>
         <load_address>0x1882f</load_address>
         <run_address>0x1882f</run_address>
         <size>0x1ad</size>
         <input_file_ref idref="fl-d2"/>
      </object_component>
      <object_component id="oc-395">
         <name>.debug_info</name>
         <load_address>0x189dc</load_address>
         <run_address>0x189dc</run_address>
         <size>0x57f</size>
         <input_file_ref idref="fl-d3"/>
      </object_component>
      <object_component id="oc-360">
         <name>.debug_info</name>
         <load_address>0x18f5b</load_address>
         <run_address>0x18f5b</run_address>
         <size>0x222</size>
         <input_file_ref idref="fl-d3"/>
      </object_component>
      <object_component id="oc-3fd">
         <name>.debug_info</name>
         <load_address>0x1917d</load_address>
         <run_address>0x1917d</run_address>
         <size>0x1b7</size>
         <input_file_ref idref="fl-d3"/>
      </object_component>
      <object_component id="oc-403">
         <name>.debug_info</name>
         <load_address>0x19334</load_address>
         <run_address>0x19334</run_address>
         <size>0x21f</size>
         <input_file_ref idref="fl-d3"/>
      </object_component>
      <object_component id="oc-36b">
         <name>.debug_info</name>
         <load_address>0x19553</load_address>
         <run_address>0x19553</run_address>
         <size>0x3bf</size>
         <input_file_ref idref="fl-d3"/>
      </object_component>
      <object_component id="oc-40a">
         <name>.debug_info</name>
         <load_address>0x19912</load_address>
         <run_address>0x19912</run_address>
         <size>0x309</size>
         <input_file_ref idref="fl-d3"/>
      </object_component>
      <object_component id="oc-410">
         <name>.debug_info</name>
         <load_address>0x19c1b</load_address>
         <run_address>0x19c1b</run_address>
         <size>0x219</size>
         <input_file_ref idref="fl-d3"/>
      </object_component>
      <object_component id="oc-371">
         <name>.debug_info</name>
         <load_address>0x19e34</load_address>
         <run_address>0x19e34</run_address>
         <size>0x219</size>
         <input_file_ref idref="fl-d3"/>
      </object_component>
      <object_component id="oc-377">
         <name>.debug_info</name>
         <load_address>0x1a04d</load_address>
         <run_address>0x1a04d</run_address>
         <size>0x308</size>
         <input_file_ref idref="fl-d3"/>
      </object_component>
      <object_component id="oc-37d">
         <name>.debug_info</name>
         <load_address>0x1a355</load_address>
         <run_address>0x1a355</run_address>
         <size>0x4b4</size>
         <input_file_ref idref="fl-d3"/>
      </object_component>
      <object_component id="oc-2ba">
         <name>.debug_info</name>
         <load_address>0x1a809</load_address>
         <run_address>0x1a809</run_address>
         <size>0x5f8</size>
         <input_file_ref idref="fl-d3"/>
      </object_component>
      <object_component id="oc-396">
         <name>.debug_info</name>
         <load_address>0x1ae01</load_address>
         <run_address>0x1ae01</run_address>
         <size>0x86</size>
         <input_file_ref idref="fl-d3"/>
      </object_component>
      <object_component id="oc-43f">
         <name>.debug_info</name>
         <load_address>0x1ae87</load_address>
         <run_address>0x1ae87</run_address>
         <size>0x39</size>
         <input_file_ref idref="fl-d3"/>
      </object_component>
      <object_component id="oc-48f">
[...]
      </symbol>
      <symbol id="sm-2fc">
         <name>leituraSensorEtanol</name>
         <value>0x66b</value>
         <object_component_ref idref="oc-66"/>
      </symbol>
      <symbol id="sm-2fd">
         <name>flag_numero</name>
         <value>0x20000098</value>
         <object_component_ref idref="oc-147"/>
      </symbol>
      <symbol id="sm-2fe">
         <name>leituraSensores</name>
         <value>0x731</value>
         <object_component_ref idref="oc-66"/>
      </symbol>
      <symbol id="sm-2ff">
         <name>cont_tempo</name>
         <value>0x200000b8</value>
         <object_component_ref idref="oc-147"/>
      </symbol>
      <symbol id="sm-300">
         <name>mensagem_backdoor</name>
         <value>0xe05</value>
         <object_component_ref idref="oc-66"/>
      </symbol>
      <symbol id="sm-301">
         <name>mensagem_inicial</name>
         <value>0x1019</value>
         <object_component_ref idref="oc-66"/>
      </symbol>
      <symbol id="sm-302">
         <name>limiarAlc</name>
         <value>0x200000ac</value>
         <object_component_ref idref="oc-147"/>
      </symbol>
      <symbol id="sm-303">
         <name>mensagem_SMS</name>
         <value>0x12b3</value>
         <object_component_ref idref="oc-66"/>
      </symbol>
      <symbol id="sm-304">
         <name>leituraSensoresMensagem</name>
         <value>0x609</value>
         <object_component_ref idref="oc-66"/>
      </symbol>
      <symbol id="sm-305">
         <name>continuousModeConfig</name>
         <value>0x4654</value>
         <object_component_ref idref="oc-13e"/>
      </symbol>
      <symbol id="sm-306">
         <name>rxposin</name>
         <value>0x20000084</value>
         <object_component_ref idref="oc-147"/>
      </symbol>
      <symbol id="sm-307">
         <name>EUSCIA2_IRQHandler</name>
         <value>0x9bd</value>
         <object_component_ref idref="oc-66"/>
      </symbol>
      <symbol id="sm-308">
         <name>flag_mensagem</name>
         <value>0x200000a4</value>
         <object_component_ref idref="oc-147"/>
      </symbol>
      <symbol id="sm-309">
         <name>main</name>
         <value>0x141</value>
         <object_component_ref idref="oc-66"/>
      </symbol>
      <symbol id="sm-30a">
         <name>identifica</name>
         <value>0x20000090</value>
         <object_component_ref idref="oc-147"/>
      </symbol>
      <symbol id="sm-30b">
         <name>pos_mensagem</name>
         <value>0x200000a0</value>
         <object_component_ref idref="oc-147"/>
      </symbol>
      <symbol id="sm-30c">
         <name>ADC14_IRQHandler</name>
         <value>0x82d</value>
         <object_component_ref idref="oc-66"/>
      </symbol>
      <symbol id="sm-30d">
         <name>GSM_Config</name>
         <value>0x45c8</value>
         <object_component_ref idref="oc-144"/>
      </symbol>
      <symbol id="sm-30e">
         <name>cont_min</name>
         <value>0x200000bc</value>
         <object_component_ref idref="oc-147"/>
      </symbol>
      <symbol id="sm-30f">
         <name>funcoes_programadas</name>
         <value>0x20000000</value>
         <object_component_ref idref="oc-14e"/>
      </symbol>
      <symbol id="sm-310">
         <name>leituraSensorGas</name>
         <value>0x68d</value>
         <object_component_ref idref="oc-66"/>
      </symbol>
      <symbol id="sm-311">
         <name>EUSCIA0_IRQHandler</name>
         <value>0x865</value>
         <object_component_ref idref="oc-66"/>
      </symbol>
      <symbol id="sm-312">
         <name>enviarDados_backdoor</name>
         <value>0xcd1</value>
         <object_component_ref idref="oc-66"/>
      </symbol>
      <symbol id="sm-313">
         <name>telefone1</name>
         <value>0x200000f0</value>
         <object_component_ref idref="oc-151"/>
      </symbol>
      <symbol id="sm-314">
         <name>telefone2</name>
         <value>0x200000ff</value>
         <object_component_ref idref="oc-154"/>
      </symbol>
      <symbol id="sm-315">
         <name>tempo_mensagens</name>
         <value>0x200000b4</value>
         <object_component_ref idref="oc-147"/>
      </symbol>
      <symbol id="sm-316">
         <name>tamanho_mensagem</name>
         <value>0x200000a8</value>
         <object_component_ref idref="oc-147"/>
      </symbol>
      <symbol id="sm-317">
         <name>TA0_N_IRQHandler</name>
         <value>0x7d5</value>
         <object_component_ref idref="oc-66"/>
      </symbol>
      <symbol id="sm-318">
         <name>pos_identificado</name>
         <value>0x20000094</value>
         <object_component_ref idref="oc-147"/>
      </symbol>
      <symbol id="sm-319">
         <name>confirma</name>
         <value>0x20000088</value>
         <object_component_ref idref="oc-147"/>
      </symbol>
      <symbol id="sm-405">
         <name>ADC14_enableInterrupt</name>
         <value>0x4151</value>
         <object_component_ref idref="oc-cf"/>
      </symbol>
      <symbol id="sm-406">
         <name>ADC14_getInterruptStatus</name>
         <value>0x41d1</value>
         <object_component_ref idref="oc-2d0"/>
      </symbol>
      <symbol id="sm-407">
         <name>ADC14_disableModule</name>
         <value>0x4131</value>
         <object_component_ref idref="oc-17b"/>
      </symbol>
      <symbol id="sm-408">
         <name>ADC14_enableSampleTimer</name>
         <value>0x3fed</value>
         <object_component_ref idref="oc-e1"/>
      </symbol>
      <symbol id="sm-409">
         <name>ADC14_enableConversion</name>
         <value>0x3f95</value>
         <object_component_ref idref="oc-e7"/>
      </symbol>
      <symbol id="sm-40a">
         <name>ADC14_toggleConversionTrigger</name>
         <value>0x4171</value>
         <object_component_ref idref="oc-ed"/>
      </symbol>
      <symbol id="sm-40b">
         <name>ADC14_getEnabledInterruptStatus</name>
         <value>0x4015</value>
         <object_component_ref idref="oc-169"/>
      </symbol>
      <symbol id="sm-40c">
         <name>ADC14_getMultiSequenceResult</name>
         <value>0x3df1</value>
         <object_component_ref idref="oc-175"/>
      </symbol>
      <symbol id="sm-40d">
         <name>ADC14_initModule</name>
         <value>0x3ef9</value>
         <object_component_ref idref="oc-b7"/>
      </symbol>
      <symbol id="sm-40e">
         <name>ADC14_configureMultiSequenceMode</name>
         <value>0x394d</value>
         <object_component_ref idref="oc-c3"/>
      </symbol>
      <symbol id="sm-40f">
         <name>ADC14_clearInterruptFlag</name>
         <value>0x4111</value>
         <object_component_ref idref="oc-16f"/>
      </symbol>
      <symbol id="sm-410">
         <name>ADC14_configureConversionMemory</name>
         <value>0x3a35</value>
         <object_component_ref idref="oc-c9"/>
      </symbol>
      <symbol id="sm-411">
         <name>ADC14_enableModule</name>
         <value>0x4351</value>
         <object_component_ref idref="oc-b1"/>
      </symbol>
      <symbol id="sm-427">
         <name>CS_setDCOCenteredFrequency</name>
         <value>0x4039</value>
         <object_component_ref idref="oc-ab"/>
      </symbol>
      <symbol id="sm-47e">
         <name>GPIO_setAsInputPin</name>
         <value>0x3fc1</value>
         <object_component_ref idref="oc-275"/>
      </symbol>
      <symbol id="sm-47f">
         <name>GPIO_setOutputHighOnPin</name>
         <value>0x42dd</value>
         <object_component_ref idref="oc-123"/>
      </symbol>
      <symbol id="sm-480">
         <name>GPIO_setAsOutputPin</name>
         <value>0x405d</value>
         <object_component_ref idref="oc-111"/>
      </symbol>
      <symbol id="sm-481">
         <name>GPIO_setOutputLowOnPin</name>
         <value>0x423d</value>
         <object_component_ref idref="oc-117"/>
      </symbol>
      <symbol id="sm-482">
         <name>GPIO_toggleOutputOnPin</name>
         <value>0x42f1</value>
         <object_component_ref idref="oc-129"/>
      </symbol>
      <symbol id="sm-483">
         <name>GPIO_getInputPinValue</name>
         <value>0x4225</value>
         <object_component_ref idref="oc-26f"/>
      </symbol>
      <symbol id="sm-484">
         <name>GPIO_setAsPeripheralModuleFunctionInputPin</name>
         <value>0x3d19</value>
         <object_component_ref idref="oc-bd"/>
      </symbol>
      <symbol id="sm-4b4">
         <name>Interrupt_enableMaster</name>
         <value>0x4361</value>
         <object_component_ref idref="oc-db"/>
      </symbol>
      <symbol id="sm-4b5">
         <name>Interrupt_enableInterrupt</name>
         <value>0x3b09</value>
         <object_component_ref idref="oc-d5"/>
      </symbol>
      <symbol id="sm-4ed">
         <name>Timer_A_startCounter</name>
         <value>0x43c1</value>
         <object_component_ref idref="oc-f9"/>
      </symbol>
      <symbol id="sm-4ee">
         <name>Timer_A_clearInterruptFlag</name>
         <value>0x438b</value>
         <object_component_ref idref="oc-163"/>
      </symbol>
      <symbol id="sm-4ef">
         <name>Timer_A_configureContinuousMode</name>
         <value>0x40a5</value>
         <object_component_ref idref="oc-f3"/>
      </symbol>
      <symbol id="sm-530">
         <name>Timer32_startTimer</name>
         <value>0x4191</value>
         <object_component_ref idref="oc-263"/>
      </symbol>
      <symbol id="sm-531">
         <name>Timer32_setCount</name>
         <value>0x4081</value>
         <object_component_ref idref="oc-25d"/>
      </symbol>
      <symbol id="sm-532">
         <name>Timer32_getValue</name>
         <value>0x43d1</value>
         <object_component_ref idref="oc-269"/>
      </symbol>
      <symbol id="sm-533">
         <name>Timer32_haltTimer</name>
         <value>0x43ad</value>
         <object_component_ref idref="oc-257"/>
      </symbol>
      <symbol id="sm-534">
         <name>Timer32_disableInterrupt</name>
         <value>0x43a3</value>
         <object_component_ref idref="oc-251"/>
      </symbol>
      <symbol id="sm-535">
         <name>Timer32_initModule</name>
         <value>0x3d61</value>
         <object_component_ref idref="oc-24b"/>
      </symbol>
      <symbol id="sm-576">
         <name>UART_enableInterrupt</name>
         <value>0x429d</value>
         <object_component_ref idref="oc-10b"/>
      </symbol>
      <symbol id="sm-577">
         <name>UART_receiveData</name>
         <value>0x40c9</value>
         <object_component_ref idref="oc-18d"/>
      </symbol>
      <symbol id="sm-578">
         <name>UART_enableModule</name>
         <value>0x4397</value>
         <object_component_ref idref="oc-105"/>
      </symbol>
      <symbol id="sm-579">
         <name>UART_transmitData</name>
         <value>0x40ed</value>
         <object_component_ref idref="oc-19d"/>
      </symbol>
      <symbol id="sm-57a">
         <name>UART_initModule</name>
         <value>0x3731</value>
         <object_component_ref idref="oc-ff"/>
      </symbol>
      <symbol id="sm-586">
         <name>WDT_A_holdTimer</name>
         <value>0x4255</value>
         <object_component_ref idref="oc-a5"/>
      </symbol>
      <symbol id="sm-590">
         <name>CPU_cpsie</name>
         <value>0x437f</value>
         <object_component_ref idref="oc-232"/>
      </symbol>
      <symbol id="sm-5b7">
         <name>sprintf</name>
         <value>0x3e79</value>
         <object_component_ref idref="oc-157"/>
      </symbol>
      <symbol id="sm-5d2">
         <name>memcpy</name>
         <value>0x35ff</value>
         <object_component_ref idref="oc-30"/>
      </symbol>
      <symbol id="sm-5d3">
         <name>__aeabi_memcpy</name>
         <value>0x35ff</value>
         <object_component_ref idref="oc-30"/>
      </symbol>
      <symbol id="sm-5d4">
         <name>__aeabi_memcpy8</name>
         <value>0x35ff</value>
         <object_component_ref idref="oc-30"/>
      </symbol>
      <symbol id="sm-5d5">
         <name>__aeabi_memcpy4</name>
         <value>0x35ff</value>
         <object_component_ref idref="oc-30"/>
      </symbol>
      <symbol id="sm-5e9">
         <name>__TI_zero_init_nomemset</name>
         <value>0x4319</value>
         <object_component_ref idref="oc-3c"/>
      </symbol>
      <symbol id="sm-600">
         <name>__TI_decompress_none</name>
         <value>0x4371</value>
         <object_component_ref idref="oc-16"/>
      </symbol>
      <symbol id="sm-623">
         <name>__TI_decompress_lzss</name>
         <value>0x3aa1</value>
         <object_component_ref idref="oc-10"/>
      </symbol>
      <symbol id="sm-633">
         <name>strcat</name>
         <value>0x41b1</value>
         <object_component_ref idref="oc-15d"/>
      </symbol>
      <symbol id="sm-642">
         <name>strcmp</name>
         <value>0x4285</value>
         <object_component_ref idref="oc-135"/>
      </symbol>
      <symbol id="sm-655">
         <name>__stack</name>
         <value>0x2000fe00</value>
         <object_component_ref idref="oc-22"/>
      </symbol>
      <symbol id="sm-656">
         <name>_c_int00_noargs</name>
         <value>0x3f31</value>
         <object_component_ref idref="oc-4e"/>
      </symbol>
      <symbol id="sm-7bb">
         <name>__TI_printfi</name>
         <value>0x1615</value>
         <object_component_ref idref="oc-2b9"/>
      </symbol>
      <symbol id="sm-7db">
         <name>frexpl</name>
         <value>0x3b6d</value>
         <object_component_ref idref="oc-417"/>
      </symbol>
      <symbol id="sm-7dc">
         <name>frexp</name>
         <value>0x3b6d</value>
         <object_component_ref idref="oc-417"/>
      </symbol>
      <symbol id="sm-7f9">
         <name>scalbn</name>
         <value>0x328d</value>
         <object_component_ref idref="oc-41d"/>
      </symbol>
      <symbol id="sm-7fa">
         <name>scalbnl</name>
         <value>0x328d</value>
         <object_component_ref idref="oc-41d"/>
      </symbol>
      <symbol id="sm-7fb">
         <name>ldexpl</name>
         <value>0x328d</value>
         <object_component_ref idref="oc-41d"/>
      </symbol>
      <symbol id="sm-7fc">
         <name>ldexp</name>
         <value>0x328d</value>
         <object_component_ref idref="oc-41d"/>
      </symbol>
      <symbol id="sm-806">
         <name>copysign</name>
         <value>0x4209</value>
         <object_component_ref idref="oc-478"/>
      </symbol>
      <symbol id="sm-807">
         <name>copysignl</name>
         <value>0x4209</value>
         <object_component_ref idref="oc-478"/>
      </symbol>
      <symbol id="sm-814">
         <name>__aeabi_uldivmod</name>
         <value>0x369b</value>
         <object_component_ref idref="oc-3d1"/>
      </symbol>
      <symbol id="sm-82b">
         <name>__aeabi_dsub</name>
         <value>0x2be9</value>
         <object_component_ref idref="oc-3f7"/>
      </symbol>
      <symbol id="sm-82c">
         <name>__aeabi_dadd</name>
         <value>0x2bf3</value>
         <object_component_ref idref="oc-3f7"/>
      </symbol>
      <symbol id="sm-84e">
         <name>__aeabi_cdcmpeq</name>
         <value>0x37c5</value>
         <object_component_ref idref="oc-365"/>
      </symbol>
      <symbol id="sm-84f">
         <name>__aeabi_cdcmple</name>
         <value>0x37c5</value>
         <object_component_ref idref="oc-365"/>
      </symbol>
      <symbol id="sm-850">
         <name>__aeabi_cdrcmple</name>
         <value>0x384b</value>
         <object_component_ref idref="oc-3e2"/>
      </symbol>
      <symbol id="sm-864">
         <name>__aeabi_ddiv</name>
         <value>0x3031</value>
         <object_component_ref idref="oc-3dd"/>
      </symbol>
      <symbol id="sm-86f">
         <name>__aeabi_dmul</name>
         <value>0x339d</value>
         <object_component_ref idref="oc-3d8"/>
      </symbol>
      <symbol id="sm-879">
         <name>__aeabi_d2iz</name>
         <value>0x3da9</value>
         <object_component_ref idref="oc-3e7"/>
      </symbol>
      <symbol id="sm-883">
         <name>__aeabi_i2d</name>
         <value>0x3f65</value>
         <object_component_ref idref="oc-3f2"/>
      </symbol>
      <symbol id="sm-892">
         <name>__aeabi_memset</name>
         <value>0x38d3</value>
         <object_component_ref idref="oc-86"/>
      </symbol>
      <symbol id="sm-893">
         <name>memset</name>
         <value>0x38d9</value>
         <object_component_ref idref="oc-86"/>
      </symbol>
      <symbol id="sm-894">
         <name>__aeabi_memset8</name>
         <value>0x38d3</value>
         <object_component_ref idref="oc-86"/>
      </symbol>
      <symbol id="sm-895">
         <name>__aeabi_memset4</name>
         <value>0x38d3</value>
         <object_component_ref idref="oc-86"/>
      </symbol>
      <symbol id="sm-896">
         <name>__aeabi_memclr8</name>
         <value>0x38d1</value>
         <object_component_ref idref="oc-86"/>
      </symbol>
      <symbol id="sm-897">
         <name>__aeabi_memclr4</name>
         <value>0x38d1</value>
         <object_component_ref idref="oc-86"/>
      </symbol>
      <symbol id="sm-898">
         <name>__aeabi_memclr</name>
         <value>0x38d1</value>
         <object_component_ref idref="oc-86"/>
      </symbol>
      <symbol id="sm-8c0">
         <name>__TI_auto_init_nobinit_nopinit</name>
         <value>0x3e35</value>
         <object_component_ref idref="oc-1d4"/>
      </symbol>
      <symbol id="sm-8ca">
         <name>_system_pre_init</name>
         <value>0x43d5</value>
         <object_component_ref idref="oc-8c"/>
      </symbol>
      <symbol id="sm-8d6">
         <name>C$$EXIT</name>
         <value>0x43d9</value>
         <object_component_ref idref="oc-1c8"/>
      </symbol>
      <symbol id="sm-8d7">
         <name>abort</name>
         <value>0x43d9</value>
         <object_component_ref idref="oc-1c8"/>
      </symbol>
      <symbol id="sm-8ef">
         <name>atoi</name>
         <value>0x3ccd</value>
         <object_component_ref idref="oc-359"/>
      </symbol>
      <symbol id="sm-8fa">
         <name>_ctypes_</name>
         <value>0x43dc</value>
         <object_component_ref idref="oc-3cc"/>
      </symbol>
      <symbol id="sm-909">
         <name>ltoa</name>
         <value>0x3c27</value>
         <object_component_ref idref="oc-3ec"/>
      </symbol>
      <symbol id="sm-919">
         <name>memccpy</name>
         <value>0x41ed</value>
         <object_component_ref idref="oc-382"/>
      </symbol>
      <symbol id="sm-929">
         <name>strchr</name>
         <value>0x42b3</value>
         <object_component_ref idref="oc-423"/>
      </symbol>
      <symbol id="sm-937">
         <name>strlen</name>
         <value>0x4305</value>
         <object_component_ref idref="oc-353"/>
      </symbol>
      <symbol id="sm-94d">
         <name>__aeabi_errno_addr</name>
         <value>0x43c9</value>
         <object_component_ref idref="oc-38e"/>
      </symbol>
      <symbol id="sm-94e">
         <name>errno</name>
         <value>0x20000120</value>
         <object_component_ref idref="oc-433"/>
      </symbol>
      <symbol id="sm-967">
         <name>wcslen</name>
         <value>0x433d</value>
         <object_component_ref idref="oc-388"/>
      </symbol>
      <symbol id="sm-971">
         <name>__aeabi_idiv0</name>
         <value>0x2063</value>
         <object_component_ref idref="oc-45f"/>
      </symbol>
      <symbol id="sm-972">
         <name>__aeabi_ldiv0</name>
         <value>0x2063</value>
         <object_component_ref idref="oc-45f"/>
      </symbol>
      <symbol id="sm-973">
         <name>__TI_static_base__</name>
         <value>0x0</value>
      </symbol>
      <symbol id="sm-976">
         <name>__mpu_init</name>
         <value>0x0</value>
      </symbol>
      <symbol id="sm-977">
         <name>_system_post_cinit</name>
         <value>0x0</value>
      </symbol>
   </symbol_table>
   <title>Link successful</title>
</link_info>
