<?xml version="1.0" encoding="ISO-8859-1" ?>
<link_info>
   <banner>TI ARM Linker PC v18.12.1.LTS</banner>
   <copyright>Copyright (c) 1996-2018 Texas Instruments Incorporated</copyright>
   <link_time>0x5d8a5d95</link_time>
   <link_errors>0x0</link_errors>
   <output_file>Senscar_teste.out</output_file>
   <entry_point>
      <name>_c_int00_noargs</name>
      <address>0x4c41</address>
   </entry_point>
   <input_file_list>
      <input_file id="fl-2">
         <path>.\</path>
         <kind>object</kind>
         <file>dht11.obj</file>
         <name>dht11.obj</name>
      </input_file>
      <input_file id="fl-3">
         <path>.\</path>
         <kind>object</kind>
         <file>printf.obj</file>
         <name>printf.obj</name>
      </input_file>
      <input_file id="fl-4">
         <path>.\</path>
         <kind>object</kind>
         <file>startup_msp432p401r_ccs.obj</file>
         <name>startup_msp432p401r_ccs.obj</name>
      </input_file>
      <input_file id="fl-5">
         <path>.\</path>
         <kind>object</kind>
         <file>system_msp432p401r.obj</file>
         <name>system_msp432p401r.obj</name>
      </input_file>
      <input_file id="fl-6">
         <path>.\</path>
         <kind>object</kind>
         <file>uart_pc_echo_12mhz_brclk.obj</file>
         <name>uart_pc_echo_12mhz_brclk.obj</name>
      </input_file>
      <input_file id="fl-b">
         <kind>object</kind>
         <file>&lt;internal&gt;</file>
         <name>&lt;internal&gt;</name>
      </input_file>
      <input_file id="fl-c">
         <path>C:\Users\Charles\workspace_v9\msp432_driverlib_3_21_00_05\msp432_driverlib_3_21_00_05\driverlib\MSP432P4xx\ccs\</path>
         <kind>archive</kind>
         <file>msp432p4xx_driverlib.lib</file>
         <name>adc14.o</name>
      </input_file>
      <input_file id="fl-d">
         <path>C:\Users\Charles\workspace_v9\msp432_driverlib_3_21_00_05\msp432_driverlib_3_21_00_05\driverlib\MSP432P4xx\ccs\</path>
         <kind>archive</kind>
         <file>msp432p4xx_driverlib.lib</file>
         <name>cs.o</name>
      </input_file>
      <input_file id="fl-e">
         <path>C:\Users\Charles\workspace_v9\msp432_driverlib_3_21_00_05\msp432_driverlib_3_21_00_05\driverlib\MSP432P4xx\ccs\</path>
         <kind>archive</kind>
         <file>msp432p4xx_driverlib.lib</file>
         <name>gpio.o</name>
      </input_file>
      <input_file id="fl-f">
         <path>C:\Users\Charles\workspace_v9\msp432_driverlib_3_21_00_05\msp432_driverlib_3_21_00_05\driverlib\MSP432P4xx\ccs\</path>
         <kind>archive</kind>
         <file>msp432p4xx_driverlib.lib</file>
         <name>interrupt.o</name>
      </input_file>
      <input_file id="fl-10">
         <path>C:\Users\Charles\workspace_v9\msp432_driverlib_3_21_00_05\msp432_driverlib_3_21_00_05\driverlib\MSP432P4xx\ccs\</path>
         <kind>archive</kind>
         <file>msp432p4xx_driverlib.lib</file>
         <name>sysctl.o</name>
      </input_file>
      <input_file id="fl-11">
         <path>C:\Users\Charles\workspace_v9\msp432_driverlib_3_21_00_05\msp432_driverlib_3_21_00_05\driverlib\MSP432P4xx\ccs\</path>
         <kind>archive</kind>
         <file>msp432p4xx_driverlib.lib</file>
         <name>timer_a.o</name>
      </input_file>
      <input_file id="fl-12">
         <path>C:\Users\Charles\workspace_v9\msp432_driverlib_3_21_00_05\msp432_driverlib_3_21_00_05\driverlib\MSP432P4xx\ccs\</path>
         <kind>archive</kind>
         <file>msp432p4xx_driverlib.lib</file>
         <name>timer32.o</name>
      </input_file>
      <input_file id="fl-13">
         <path>C:\Users\Charles\workspace_v9\msp432_driverlib_3_21_00_05\msp432_driverlib_3_21_00_05\driverlib\MSP432P4xx\ccs\</path>
         <kind>archive</kind>
         <file>msp432p4xx_driverlib.lib</file>
         <name>uart.o</name>
      </input_file>
      <input_file id="fl-14">
         <path>C:\Users\Charles\workspace_v9\msp432_driverlib_3_21_00_05\msp432_driverlib_3_21_00_05\driverlib\MSP432P4xx\ccs\</path>
         <kind>archive</kind>
         <file>msp432p4xx_driverlib.lib</file>
         <name>wdt_a.o</name>
      </input_file>
      <input_file id="fl-15">
         <path>C:\Users\Charles\workspace_v9\msp432_driverlib_3_21_00_05\msp432_driverlib_3_21_00_05\driverlib\MSP432P4xx\ccs\</path>
         <kind>archive</kind>
         <file>msp432p4xx_driverlib.lib</file>
         <name>cpu.o</name>
      </input_file>
      <input_file id="fl-cb">
         <path>C:\ti\ccs901\ccs\tools\compiler\ti-cgt-arm_18.12.1.LTS\lib\</path>
         <kind>archive</kind>
         <file>rtsv7M4_T_le_v4SPD16_eabi.lib</file>
         <name>sprintf.c.obj</name>
      </input_file>
      <input_file id="fl-cc">
         <path>C:\ti\ccs901\ccs\tools\compiler\ti-cgt-arm_18.12.1.LTS\lib\</path>
         <kind>archive</kind>
         <file>rtsv7M4_T_le_v4SPD16_eabi.lib</file>
         <name>fd_mul_t2.asm.obj</name>
      </input_file>
      <input_file id="fl-cd">
         <path>C:\ti\ccs901\ccs\tools\compiler\ti-cgt-arm_18.12.1.LTS\lib\</path>
         <kind>archive</kind>
         <file>rtsv7M4_T_le_v4SPD16_eabi.lib</file>
         <name>fd_toi_t2.asm.obj</name>
      </input_file>
      <input_file id="fl-ce">
         <path>C:\ti\ccs901\ccs\tools\compiler\ti-cgt-arm_18.12.1.LTS\lib\</path>
         <kind>archive</kind>
         <file>rtsv7M4_T_le_v4SPD16_eabi.lib</file>
         <name>i_tofd_t2.asm.obj</name>
      </input_file>
      <input_file id="fl-cf">
         <path>C:\ti\ccs901\ccs\tools\compiler\ti-cgt-arm_18.12.1.LTS\lib\</path>
         <kind>archive</kind>
         <file>rtsv7M4_T_le_v4SPD16_eabi.lib</file>
         <name>memcpy_t2.asm.obj</name>
      </input_file>
      <input_file id="fl-d0">
         <path>C:\ti\ccs901\ccs\tools\compiler\ti-cgt-arm_18.12.1.LTS\lib\</path>
         <kind>archive</kind>
         <file>rtsv7M4_T_le_v4SPD16_eabi.lib</file>
         <name>copy_zero_init.c.obj</name>
      </input_file>
      <input_file id="fl-d1">
         <path>C:\ti\ccs901\ccs\tools\compiler\ti-cgt-arm_18.12.1.LTS\lib\</path>
         <kind>archive</kind>
         <file>rtsv7M4_T_le_v4SPD16_eabi.lib</file>
         <name>copy_decompress_none.c.obj</name>
      </input_file>
      <input_file id="fl-d2">
         <path>C:\ti\ccs901\ccs\tools\compiler\ti-cgt-arm_18.12.1.LTS\lib\</path>
         <kind>archive</kind>
         <file>rtsv7M4_T_le_v4SPD16_eabi.lib</file>
         <name>copy_decompress_lzss.c.obj</name>
      </input_file>
      <input_file id="fl-d3">
         <path>C:\ti\ccs901\ccs\tools\compiler\ti-cgt-arm_18.12.1.LTS\lib\</path>
         <kind>archive</kind>
         <file>rtsv7M4_T_le_v4SPD16_eabi.lib</file>
         <name>strcat.c.obj</name>
      </input_file>
      <input_file id="fl-d4">
         <path>C:\ti\ccs901\ccs\tools\compiler\ti-cgt-arm_18.12.1.LTS\lib\</path>
         <kind>archive</kind>
         <file>rtsv7M4_T_le_v4SPD16_eabi.lib</file>
         <name>strcmp.c.obj</name>
      </input_file>
      <input_file id="fl-d5">
         <path>C:\ti\ccs901\ccs\tools\compiler\ti-cgt-arm_18.12.1.LTS\lib\</path>
         <kind>archive</kind>
         <file>rtsv7M4_T_le_v4SPD16_eabi.lib</file>
         <name>boot_cortex_m.c.obj</name>
      </input_file>
      <input_file id="fl-d6">
         <path>C:\ti\ccs901\ccs\tools\compiler\ti-cgt-arm_18.12.1.LTS\lib\</path>
         <kind>archive</kind>
         <file>rtsv7M4_T_le_v4SPD16_eabi.lib</file>
         <name>_printfi.c.obj</name>
      </input_file>
      <input_file id="fl-d7">
         <path>C:\ti\ccs901\ccs\tools\compiler\ti-cgt-arm_18.12.1.LTS\lib\</path>
         <kind>archive</kind>
         <file>rtsv7M4_T_le_v4SPD16_eabi.lib</file>
         <name>s_frexp.c.obj</name>
      </input_file>
      <input_file id="fl-d8">
         <path>C:\ti\ccs901\ccs\tools\compiler\ti-cgt-arm_18.12.1.LTS\lib\</path>
         <kind>archive</kind>
         <file>rtsv7M4_T_le_v4SPD16_eabi.lib</file>
         <name>s_scalbn.c.obj</name>
      </input_file>
      <input_file id="fl-d9">
         <path>C:\ti\ccs901\ccs\tools\compiler\ti-cgt-arm_18.12.1.LTS\lib\</path>
         <kind>archive</kind>
         <file>rtsv7M4_T_le_v4SPD16_eabi.lib</file>
         <name>s_copysign.c.obj</name>
      </input_file>
      <input_file id="fl-da">
         <path>C:\ti\ccs901\ccs\tools\compiler\ti-cgt-arm_18.12.1.LTS\lib\</path>
         <kind>archive</kind>
         <file>rtsv7M4_T_le_v4SPD16_eabi.lib</file>
         <name>ull_div_t2.asm.obj</name>
      </input_file>
      <input_file id="fl-db">
         <path>C:\ti\ccs901\ccs\tools\compiler\ti-cgt-arm_18.12.1.LTS\lib\</path>
         <kind>archive</kind>
         <file>rtsv7M4_T_le_v4SPD16_eabi.lib</file>
         <name>fd_add_t2.asm.obj</name>
      </input_file>
      <input_file id="fl-dc">
         <path>C:\ti\ccs901\ccs\tools\compiler\ti-cgt-arm_18.12.1.LTS\lib\</path>
         <kind>archive</kind>
         <file>rtsv7M4_T_le_v4SPD16_eabi.lib</file>
         <name>fd_cmp_t2.asm.obj</name>
      </input_file>
      <input_file id="fl-dd">
         <path>C:\ti\ccs901\ccs\tools\compiler\ti-cgt-arm_18.12.1.LTS\lib\</path>
         <kind>archive</kind>
         <file>rtsv7M4_T_le_v4SPD16_eabi.lib</file>
         <name>fd_div_t2.asm.obj</name>
      </input_file>
      <input_file id="fl-de">
         <path>C:\ti\ccs901\ccs\tools\compiler\ti-cgt-arm_18.12.1.LTS\lib\</path>
         <kind>archive</kind>
         <file>rtsv7M4_T_le_v4SPD16_eabi.lib</file>
         <name>memset_t2.asm.obj</name>
      </input_file>
      <input_file id="fl-df">
         <path>C:\ti\ccs901\ccs\tools\compiler\ti-cgt-arm_18.12.1.LTS\lib\</path>
         <kind>archive</kind>
         <file>rtsv7M4_T_le_v4SPD16_eabi.lib</file>
         <name>autoinit.c.obj</name>
      </input_file>
      <input_file id="fl-e0">
         <path>C:\ti\ccs901\ccs\tools\compiler\ti-cgt-arm_18.12.1.LTS\lib\</path>
         <kind>archive</kind>
         <file>rtsv7M4_T_le_v4SPD16_eabi.lib</file>
         <name>pre_init.c.obj</name>
      </input_file>
      <input_file id="fl-e1">
         <path>C:\ti\ccs901\ccs\tools\compiler\ti-cgt-arm_18.12.1.LTS\lib\</path>
         <kind>archive</kind>
         <file>rtsv7M4_T_le_v4SPD16_eabi.lib</file>
         <name>cpy_tbl.c.obj</name>
      </input_file>
      <input_file id="fl-e2">
         <path>C:\ti\ccs901\ccs\tools\compiler\ti-cgt-arm_18.12.1.LTS\lib\</path>
         <kind>archive</kind>
         <file>rtsv7M4_T_le_v4SPD16_eabi.lib</file>
         <name>exit.c.obj</name>
      </input_file>
      <input_file id="fl-e3">
         <path>C:\ti\ccs901\ccs\tools\compiler\ti-cgt-arm_18.12.1.LTS\lib\</path>
         <kind>archive</kind>
         <file>rtsv7M4_T_le_v4SPD16_eabi.lib</file>
         <name>_lock.c.obj</name>
      </input_file>
      <input_file id="fl-e4">
         <path>C:\ti\ccs901\ccs\tools\compiler\ti-cgt-arm_18.12.1.LTS\lib\</path>
         <kind>archive</kind>
         <file>rtsv7M4_T_le_v4SPD16_eabi.lib</file>
         <name>args_main.c.obj</name>
      </input_file>
      <input_file id="fl-e5">
         <path>C:\ti\ccs901\ccs\tools\compiler\ti-cgt-arm_18.12.1.LTS\lib\</path>
         <kind>archive</kind>
         <file>rtsv7M4_T_le_v4SPD16_eabi.lib</file>
         <name>atoi.c.obj</name>
      </input_file>
      <input_file id="fl-e6">
         <path>C:\ti\ccs901\ccs\tools\compiler\ti-cgt-arm_18.12.1.LTS\lib\</path>
         <kind>archive</kind>
         <file>rtsv7M4_T_le_v4SPD16_eabi.lib</file>
         <name>ctype.c.obj</name>
      </input_file>
      <input_file id="fl-e7">
         <path>C:\ti\ccs901\ccs\tools\compiler\ti-cgt-arm_18.12.1.LTS\lib\</path>
         <kind>archive</kind>
         <file>rtsv7M4_T_le_v4SPD16_eabi.lib</file>
         <name>ltoa.c.obj</name>
      </input_file>
      <input_file id="fl-e8">
         <path>C:\ti\ccs901\ccs\tools\compiler\ti-cgt-arm_18.12.1.LTS\lib\</path>
         <kind>archive</kind>
         <file>rtsv7M4_T_le_v4SPD16_eabi.lib</file>
         <name>memccpy.c.obj</name>
      </input_file>
      <input_file id="fl-e9">
         <path>C:\ti\ccs901\ccs\tools\compiler\ti-cgt-arm_18.12.1.LTS\lib\</path>
         <kind>archive</kind>
         <file>rtsv7M4_T_le_v4SPD16_eabi.lib</file>
         <name>strchr.c.obj</name>
      </input_file>
      <input_file id="fl-ea">
         <path>C:\ti\ccs901\ccs\tools\compiler\ti-cgt-arm_18.12.1.LTS\lib\</path>
         <kind>archive</kind>
         <file>rtsv7M4_T_le_v4SPD16_eabi.lib</file>
         <name>strlen.c.obj</name>
      </input_file>
      <input_file id="fl-eb">
         <path>C:\ti\ccs901\ccs\tools\compiler\ti-cgt-arm_18.12.1.LTS\lib\</path>
         <kind>archive</kind>
         <file>rtsv7M4_T_le_v4SPD16_eabi.lib</file>
         <name>errno.c.obj</name>
      </input_file>
      <input_file id="fl-ec">
         <path>C:\ti\ccs901\ccs\tools\compiler\ti-cgt-arm_18.12.1.LTS\lib\</path>
         <kind>archive</kind>
         <file>rtsv7M4_T_le_v4SPD16_eabi.lib</file>
         <name>wcslen.c.obj</name>
      </input_file>
      <input_file id="fl-ed">
         <path>C:\ti\ccs901\ccs\tools\compiler\ti-cgt-arm_18.12.1.LTS\lib\</path>
         <kind>archive</kind>
         <file>rtsv7M4_T_le_v4SPD16_eabi.lib</file>
         <name>div0.asm.obj</name>
      </input_file>
   </input_file_list>
   <object_component_list>
      <object_component id="oc-1f">
         <name>.intvecs:retain</name>
         <load_address>0x0</load_address>
         <run_address>0x0</run_address>
         <size>0x140</size>
         <input_file_ref idref="fl-4"/>
      </object_component>
      <object_component id="oc-66">
         <name>.text</name>
         <load_address>0x140</load_address>
         <run_address>0x140</run_address>
         <size>0x21e4</size>
         <input_file_ref idref="fl-6"/>
      </object_component>
      <object_component id="oc-2cd">
         <name>.text:__TI_printfi</name>
         <load_address>0x2324</load_address>
         <run_address>0x2324</run_address>
         <size>0xa4e</size>
         <input_file_ref idref="fl-d6"/>
      </object_component>
      <object_component id="oc-467">
         <name>.text</name>
         <load_address>0x2d72</load_address>
         <run_address>0x2d72</run_address>
         <size>0x2</size>
         <input_file_ref idref="fl-ed"/>
      </object_component>
      <object_component id="oc-9e">
         <name>.text</name>
         <load_address>0x2d74</load_address>
         <run_address>0x2d74</run_address>
         <size>0x328</size>
         <input_file_ref idref="fl-5"/>
      </object_component>
      <object_component id="oc-393">
         <name>.text:_pconv_a</name>
         <load_address>0x309c</load_address>
         <run_address>0x309c</run_address>
         <size>0x270</size>
         <input_file_ref idref="fl-d6"/>
      </object_component>
      <object_component id="oc-135">
         <name>.text</name>
         <load_address>0x330c</load_address>
         <run_address>0x330c</run_address>
         <size>0x254</size>
         <input_file_ref idref="fl-3"/>
      </object_component>
      <object_component id="oc-381">
         <name>.text:_pconv_g</name>
         <load_address>0x3560</load_address>
         <run_address>0x3560</run_address>
         <size>0x1d0</size>
         <input_file_ref idref="fl-d6"/>
      </object_component>
      <object_component id="oc-123">
         <name>.text</name>
         <load_address>0x3730</load_address>
         <run_address>0x3730</run_address>
         <size>0x1c8</size>
         <input_file_ref idref="fl-2"/>
      </object_component>
      <object_component id="oc-3ff">
         <name>.text</name>
         <load_address>0x38f8</load_address>
         <run_address>0x38f8</run_address>
         <size>0x1b6</size>
         <input_file_ref idref="fl-db"/>
      </object_component>
      <object_component id="oc-23f">
         <name>.text:_getIndexForMemRegister</name>
         <load_address>0x3ab0</load_address>
         <run_address>0x3ab0</run_address>
         <size>0x154</size>
         <input_file_ref idref="fl-c"/>
      </object_component>
      <object_component id="oc-38d">
         <name>.text:_pconv_e</name>
         <load_address>0x3c04</load_address>
         <run_address>0x3c04</run_address>
         <size>0x13c</size>
         <input_file_ref idref="fl-d6"/>
      </object_component>
      <object_component id="oc-3ef">
         <name>.text</name>
         <load_address>0x3d40</load_address>
         <run_address>0x3d40</run_address>
         <size>0x136</size>
         <input_file_ref idref="fl-dd"/>
      </object_component>
      <object_component id="oc-411">
         <name>.text:fcvt</name>
         <load_address>0x3e78</load_address>
         <run_address>0x3e78</run_address>
         <size>0x124</size>
         <input_file_ref idref="fl-d6"/>
      </object_component>
      <object_component id="oc-425">
         <name>.text:scalbn</name>
         <load_address>0x3f9c</load_address>
         <run_address>0x3f9c</run_address>
         <size>0x110</size>
         <input_file_ref idref="fl-d8"/>
      </object_component>
      <object_component id="oc-177">
         <name>.text</name>
         <load_address>0x40ac</load_address>
         <run_address>0x40ac</run_address>
         <size>0xfc</size>
         <input_file_ref idref="fl-cc"/>
      </object_component>
      <object_component id="oc-25a">
         <name>.text:privateTimer_AProcessClockSourceDivider</name>
         <load_address>0x41a8</load_address>
         <run_address>0x41a8</run_address>
         <size>0xb2</size>
         <input_file_ref idref="fl-11"/>
      </object_component>
      <object_component id="oc-376">
         <name>.text:_ltostr</name>
         <load_address>0x425c</load_address>
         <run_address>0x425c</run_address>
         <size>0xb1</size>
         <input_file_ref idref="fl-d6"/>
      </object_component>
      <object_component id="oc-30">
         <name>.text</name>
         <load_address>0x430e</load_address>
         <run_address>0x430e</run_address>
         <size>0x9c</size>
         <input_file_ref idref="fl-cf"/>
      </object_component>
      <object_component id="oc-3e8">
         <name>.text</name>
         <load_address>0x43aa</load_address>
         <run_address>0x43aa</run_address>
         <size>0x96</size>
         <input_file_ref idref="fl-da"/>
      </object_component>
      <object_component id="oc-ff">
         <name>.text:UART_initModule</name>
         <load_address>0x4440</load_address>
         <run_address>0x4440</run_address>
         <size>0x94</size>
         <input_file_ref idref="fl-13"/>
      </object_component>
      <object_component id="oc-37c">
         <name>.text:__aeabi_cdcmple</name>
         <load_address>0x44d4</load_address>
         <run_address>0x44d4</run_address>
         <size>0x86</size>
         <input_file_ref idref="fl-dc"/>
      </object_component>
      <object_component id="oc-3f4">
         <name>.text:__aeabi_cdrcmple</name>
         <load_address>0x455a</load_address>
         <run_address>0x455a</run_address>
         <size>0x86</size>
         <input_file_ref idref="fl-dc"/>
      </object_component>
      <object_component id="oc-86">
         <name>.text</name>
         <load_address>0x45e0</load_address>
         <run_address>0x45e0</run_address>
         <size>0x7a</size>
         <input_file_ref idref="fl-de"/>
      </object_component>
      <object_component id="oc-c3">
         <name>.text:ADC14_configureMultiSequenceMode</name>
         <load_address>0x465c</load_address>
         <run_address>0x465c</run_address>
         <size>0x78</size>
         <input_file_ref idref="fl-c"/>
      </object_component>
      <object_component id="oc-40a">
         <name>.text:_mcpy</name>
         <load_address>0x46d4</load_address>
         <run_address>0x46d4</run_address>
         <size>0x6e</size>
         <input_file_ref idref="fl-d6"/>
      </object_component>
      <object_component id="oc-c9">
         <name>.text:ADC14_configureConversionMemory</name>
         <load_address>0x4744</load_address>
         <run_address>0x4744</run_address>
         <size>0x6c</size>
         <input_file_ref idref="fl-c"/>
      </object_component>
      <object_component id="oc-10">
         <name>.text:decompress:lzss:__TI_decompress_lzss</name>
         <load_address>0x47b0</load_address>
         <run_address>0x47b0</run_address>
         <size>0x68</size>
         <input_file_ref idref="fl-d2"/>
      </object_component>
      <object_component id="oc-d5">
         <name>.text:Interrupt_enableInterrupt</name>
         <load_address>0x4818</load_address>
         <run_address>0x4818</run_address>
         <size>0x64</size>
         <input_file_ref idref="fl-f"/>
      </object_component>
      <object_component id="oc-41f">
         <name>.text:frexp</name>
         <load_address>0x487c</load_address>
         <run_address>0x487c</run_address>
         <size>0x64</size>
         <input_file_ref idref="fl-d7"/>
      </object_component>
      <object_component id="oc-387">
         <name>.text:_pconv_f</name>
         <load_address>0x48e0</load_address>
         <run_address>0x48e0</run_address>
         <size>0x56</size>
         <input_file_ref idref="fl-d6"/>
      </object_component>
      <object_component id="oc-3f9">
         <name>.text:ltoa</name>
         <load_address>0x4936</load_address>
         <run_address>0x4936</run_address>
         <size>0x54</size>
         <input_file_ref idref="fl-e7"/>
      </object_component>
      <object_component id="oc-404">
         <name>.text:_ecpy</name>
         <load_address>0x498a</load_address>
         <run_address>0x498a</run_address>
         <size>0x52</size>
         <input_file_ref idref="fl-d6"/>
      </object_component>
      <object_component id="oc-370">
         <name>.text:atoi</name>
         <load_address>0x49dc</load_address>
         <run_address>0x49dc</run_address>
         <size>0x4c</size>
         <input_file_ref idref="fl-e5"/>
      </object_component>
      <object_component id="oc-bd">
         <name>.text:GPIO_setAsPeripheralModuleFunctionInputPin</name>
         <load_address>0x4a28</load_address>
         <run_address>0x4a28</run_address>
         <size>0x48</size>
         <input_file_ref idref="fl-e"/>
      </object_component>
      <object_component id="oc-26a">
         <name>.text:Timer32_initModule</name>
         <load_address>0x4a70</load_address>
         <run_address>0x4a70</run_address>
         <size>0x48</size>
         <input_file_ref idref="fl-12"/>
      </object_component>
      <object_component id="oc-17c">
         <name>.text</name>
         <load_address>0x4ab8</load_address>
         <run_address>0x4ab8</run_address>
         <size>0x48</size>
         <input_file_ref idref="fl-cd"/>
      </object_component>
      <object_component id="oc-19f">
         <name>.text:ADC14_getMultiSequenceResult</name>
         <load_address>0x4b00</load_address>
         <run_address>0x4b00</run_address>
         <size>0x44</size>
         <input_file_ref idref="fl-c"/>
      </object_component>
      <object_component id="oc-1f2">
         <name>.text:__TI_auto_init_nobinit_nopinit:__TI_auto_init_nobinit_nopinit</name>
         <load_address>0x4b44</load_address>
         <run_address>0x4b44</run_address>
         <size>0x44</size>
         <input_file_ref idref="fl-df"/>
      </object_component>
      <object_component id="oc-163">
         <name>.text:sprintf</name>
         <load_address>0x4b88</load_address>
         <run_address>0x4b88</run_address>
         <size>0x40</size>
         <input_file_ref idref="fl-cb"/>
      </object_component>
      <object_component id="oc-417">
         <name>.text:_fcpy</name>
         <load_address>0x4bc8</load_address>
         <run_address>0x4bc8</run_address>
         <size>0x3e</size>
         <input_file_ref idref="fl-d6"/>
      </object_component>
      <object_component id="oc-b7">
         <name>.text:ADC14_initModule</name>
         <load_address>0x4c08</load_address>
         <run_address>0x4c08</run_address>
         <size>0x38</size>
         <input_file_ref idref="fl-c"/>
      </object_component>
      <object_component id="oc-4e">
         <name>.text:_c_int00_noargs:_c_int00_noargs</name>
         <load_address>0x4c40</load_address>
         <run_address>0x4c40</run_address>
         <size>0x34</size>
         <input_file_ref idref="fl-d5"/>
      </object_component>
      <object_component id="oc-172">
         <name>.text</name>
         <load_address>0x4c74</load_address>
         <run_address>0x4c74</run_address>
         <size>0x2e</size>
         <input_file_ref idref="fl-ce"/>
      </object_component>
      <object_component id="oc-e7">
         <name>.text:ADC14_enableConversion</name>
         <load_address>0x4ca4</load_address>
         <run_address>0x4ca4</run_address>
         <size>0x2c</size>
         <input_file_ref idref="fl-c"/>
      </object_component>
      <object_component id="oc-11d">
         <name>.text:GPIO_setAsInputPin</name>
         <load_address>0x4cd0</load_address>
         <run_address>0x4cd0</run_address>
         <size>0x2c</size>
         <input_file_ref idref="fl-e"/>
      </object_component>
      <object_component id="oc-e1">
         <name>.text:ADC14_enableSampleTimer</name>
         <load_address>0x4cfc</load_address>
         <run_address>0x4cfc</run_address>
         <size>0x28</size>
         <input_file_ref idref="fl-c"/>
      </object_component>
      <object_component id="oc-193">
         <name>.text:ADC14_getEnabledInterruptStatus</name>
         <load_address>0x4d24</load_address>
         <run_address>0x4d24</run_address>
         <size>0x24</size>
         <input_file_ref idref="fl-c"/>
      </object_component>
      <object_component id="oc-ab">
         <name>.text:CS_setDCOCenteredFrequency</name>
         <load_address>0x4d48</load_address>
         <run_address>0x4d48</run_address>
         <size>0x24</size>
         <input_file_ref idref="fl-d"/>
      </object_component>
      <object_component id="oc-111">
         <name>.text:GPIO_setAsOutputPin</name>
         <load_address>0x4d6c</load_address>
         <run_address>0x4d6c</run_address>
         <size>0x24</size>
         <input_file_ref idref="fl-e"/>
      </object_component>
      <object_component id="oc-27c">
         <name>.text:Timer32_setCount</name>
         <load_address>0x4d90</load_address>
         <run_address>0x4d90</run_address>
         <size>0x24</size>
         <input_file_ref idref="fl-12"/>
      </object_component>
      <object_component id="oc-f3">
         <name>.text:Timer_A_configureContinuousMode</name>
         <load_address>0x4db4</load_address>
         <run_address>0x4db4</run_address>
         <size>0x24</size>
         <input_file_ref idref="fl-11"/>
      </object_component>
      <object_component id="oc-1ab">
         <name>.text:UART_receiveData</name>
         <load_address>0x4dd8</load_address>
         <run_address>0x4dd8</run_address>
         <size>0x24</size>
         <input_file_ref idref="fl-13"/>
      </object_component>
      <object_component id="oc-1bb">
         <name>.text:UART_transmitData</name>
         <load_address>0x4dfc</load_address>
         <run_address>0x4dfc</run_address>
         <size>0x24</size>
         <input_file_ref idref="fl-13"/>
      </object_component>
      <object_component id="oc-199">
         <name>.text:ADC14_clearInterruptFlag</name>
         <load_address>0x4e20</load_address>
         <run_address>0x4e20</run_address>
         <size>0x20</size>
         <input_file_ref idref="fl-c"/>
      </object_component>
      <object_component id="oc-1a5">
         <name>.text:ADC14_disableModule</name>
         <load_address>0x4e40</load_address>
         <run_address>0x4e40</run_address>
         <size>0x20</size>
         <input_file_ref idref="fl-c"/>
      </object_component>
      <object_component id="oc-cf">
         <name>.text:ADC14_enableInterrupt</name>
         <load_address>0x4e60</load_address>
         <run_address>0x4e60</run_address>
         <size>0x20</size>
         <input_file_ref idref="fl-c"/>
      </object_component>
      <object_component id="oc-ed">
         <name>.text:ADC14_toggleConversionTrigger</name>
         <load_address>0x4e80</load_address>
         <run_address>0x4e80</run_address>
         <size>0x20</size>
         <input_file_ref idref="fl-c"/>
      </object_component>
      <object_component id="oc-282">
         <name>.text:Timer32_startTimer</name>
         <load_address>0x4ea0</load_address>
         <run_address>0x4ea0</run_address>
         <size>0x20</size>
         <input_file_ref idref="fl-12"/>
      </object_component>
      <object_component id="oc-16c">
         <name>.text:strcat</name>
         <load_address>0x4ec0</load_address>
         <run_address>0x4ec0</run_address>
         <size>0x1e</size>
         <input_file_ref idref="fl-d3"/>
      </object_component>
      <object_component id="oc-2f6">
         <name>.text:ADC14_getInterruptStatus</name>
         <load_address>0x4ee0</load_address>
         <run_address>0x4ee0</run_address>
         <size>0x1c</size>
         <input_file_ref idref="fl-c"/>
      </object_component>
      <object_component id="oc-399">
         <name>.text:memccpy</name>
         <load_address>0x4efc</load_address>
         <run_address>0x4efc</run_address>
         <size>0x1c</size>
         <input_file_ref idref="fl-e8"/>
      </object_component>
      <object_component id="oc-47d">
         <name>.text:copysign</name>
         <load_address>0x4f18</load_address>
         <run_address>0x4f18</run_address>
         <size>0x1a</size>
         <input_file_ref idref="fl-d9"/>
      </object_component>
      <object_component id="oc-129">
         <name>.text:GPIO_getInputPinValue</name>
         <load_address>0x4f34</load_address>
         <run_address>0x4f34</run_address>
         <size>0x18</size>
         <input_file_ref idref="fl-e"/>
      </object_component>
      <object_component id="oc-117">
         <name>.text:GPIO_setOutputLowOnPin</name>
         <load_address>0x4f4c</load_address>
         <run_address>0x4f4c</run_address>
         <size>0x18</size>
         <input_file_ref idref="fl-e"/>
      </object_component>
      <object_component id="oc-a5">
         <name>.text:WDT_A_holdTimer</name>
         <load_address>0x4f64</load_address>
         <run_address>0x4f64</run_address>
         <size>0x18</size>
         <input_file_ref idref="fl-14"/>
      </object_component>
      <object_component id="oc-2d3">
         <name>.text:_outs</name>
         <load_address>0x4f7c</load_address>
         <run_address>0x4f7c</run_address>
         <size>0x18</size>
         <input_file_ref idref="fl-cb"/>
      </object_component>
      <object_component id="oc-14a">
         <name>.text:strcmp</name>
         <load_address>0x4f94</load_address>
         <run_address>0x4f94</run_address>
         <size>0x18</size>
         <input_file_ref idref="fl-d4"/>
      </object_component>
      <object_component id="oc-10b">
         <name>.text:UART_enableInterrupt</name>
         <load_address>0x4fac</load_address>
         <run_address>0x4fac</run_address>
         <size>0x16</size>
         <input_file_ref idref="fl-13"/>
      </object_component>
      <object_component id="oc-42b">
         <name>.text:strchr</name>
         <load_address>0x4fc2</load_address>
         <run_address>0x4fc2</run_address>
         <size>0x16</size>
         <input_file_ref idref="fl-e9"/>
      </object_component>
      <object_component id="oc-232">
         <name>.text:ADCIsConversionRunning</name>
         <load_address>0x4fd8</load_address>
         <run_address>0x4fd8</run_address>
         <size>0x14</size>
         <input_file_ref idref="fl-c"/>
      </object_component>
      <object_component id="oc-12f">
         <name>.text:GPIO_setOutputHighOnPin</name>
         <load_address>0x4fec</load_address>
         <run_address>0x4fec</run_address>
         <size>0x14</size>
         <input_file_ref idref="fl-e"/>
      </object_component>
      <object_component id="oc-144">
         <name>.text:GPIO_toggleOutputOnPin</name>
         <load_address>0x5000</load_address>
         <run_address>0x5000</run_address>
         <size>0x14</size>
         <input_file_ref idref="fl-e"/>
      </object_component>
      <object_component id="oc-36a">
         <name>.text:strlen</name>
         <load_address>0x5014</load_address>
         <run_address>0x5014</run_address>
         <size>0x14</size>
         <input_file_ref idref="fl-ea"/>
      </object_component>
      <object_component id="oc-3c">
         <name>.text:decompress:ZI:__TI_zero_init_nomemset:__TI_zero_init_nomemset</name>
         <load_address>0x5028</load_address>
         <run_address>0x5028</run_address>
         <size>0x12</size>
         <input_file_ref idref="fl-d0"/>
      </object_component>
      <object_component id="oc-60">
         <name>.text</name>
         <load_address>0x503a</load_address>
         <run_address>0x503a</run_address>
         <size>0x12</size>
         <input_file_ref idref="fl-4"/>
      </object_component>
      <object_component id="oc-39f">
         <name>.text:wcslen</name>
         <load_address>0x504c</load_address>
         <run_address>0x504c</run_address>
         <size>0x12</size>
         <input_file_ref idref="fl-ec"/>
      </object_component>
      <object_component id="oc-b1">
         <name>.text:ADC14_enableModule</name>
         <load_address>0x5060</load_address>
         <run_address>0x5060</run_address>
         <size>0x10</size>
         <input_file_ref idref="fl-c"/>
      </object_component>
      <object_component id="oc-db">
         <name>.text:Interrupt_enableMaster</name>
         <load_address>0x5070</load_address>
         <run_address>0x5070</run_address>
         <size>0x10</size>
         <input_file_ref idref="fl-f"/>
      </object_component>
      <object_component id="oc-16">
         <name>.text:decompress:none:__TI_decompress_none</name>
         <load_address>0x5080</load_address>
         <run_address>0x5080</run_address>
         <size>0xe</size>
         <input_file_ref idref="fl-d1"/>
      </object_component>
      <object_component id="oc-250">
         <name>.text:CPU_cpsie</name>
         <load_address>0x508e</load_address>
         <run_address>0x508e</run_address>
         <size>0xc</size>
         <input_file_ref idref="fl-15"/>
      </object_component>
      <object_component id="oc-18d">
         <name>.text:Timer_A_clearInterruptFlag</name>
         <load_address>0x509a</load_address>
         <run_address>0x509a</run_address>
         <size>0xc</size>
         <input_file_ref idref="fl-11"/>
      </object_component>
      <object_component id="oc-105">
         <name>.text:UART_enableModule</name>
         <load_address>0x50a6</load_address>
         <run_address>0x50a6</run_address>
         <size>0xc</size>
         <input_file_ref idref="fl-13"/>
      </object_component>
      <object_component id="oc-270">
         <name>.text:Timer32_disableInterrupt</name>
         <load_address>0x50b2</load_address>
         <run_address>0x50b2</run_address>
         <size>0xa</size>
         <input_file_ref idref="fl-12"/>
      </object_component>
      <object_component id="oc-276">
         <name>.text:Timer32_haltTimer</name>
         <load_address>0x50bc</load_address>
         <run_address>0x50bc</run_address>
         <size>0xa</size>
         <input_file_ref idref="fl-12"/>
      </object_component>
      <object_component id="oc-2d9">
         <name>.text:_outc</name>
         <load_address>0x50c6</load_address>
         <run_address>0x50c6</run_address>
         <size>0xa</size>
         <input_file_ref idref="fl-cb"/>
      </object_component>
      <object_component id="oc-f9">
         <name>.text:Timer_A_startCounter</name>
         <load_address>0x50d0</load_address>
         <run_address>0x50d0</run_address>
         <size>0x8</size>
         <input_file_ref idref="fl-11"/>
      </object_component>
      <object_component id="oc-3a5">
         <name>.text:__aeabi_errno_addr</name>
         <load_address>0x50d8</load_address>
         <run_address>0x50d8</run_address>
         <size>0x8</size>
         <input_file_ref idref="fl-eb"/>
      </object_component>
      <object_component id="oc-288">
         <name>.text:Timer32_getValue</name>
         <load_address>0x50e0</load_address>
         <run_address>0x50e0</run_address>
         <size>0x4</size>
         <input_file_ref idref="fl-12"/>
      </object_component>
      <object_component id="oc-8c">
         <name>.text:_system_pre_init</name>
         <load_address>0x50e4</load_address>
         <run_address>0x50e4</run_address>
         <size>0x4</size>
         <input_file_ref idref="fl-e0"/>
      </object_component>
      <object_component id="oc-1e6">
         <name>.text:abort:abort</name>
         <load_address>0x50e8</load_address>
         <run_address>0x50e8</run_address>
         <size>0x4</size>
         <input_file_ref idref="fl-e2"/>
      </object_component>
      <object_component id="oc-3e3">
         <name>.const:.string:_ctypes_</name>
         <load_address>0x50ec</load_address>
         <run_address>0x50ec</run_address>
         <size>0x101</size>
         <input_file_ref idref="fl-e6"/>
      </object_component>
      <object_component id="oc-1b5">
         <name>.const:.string:$P$T3$4</name>
         <load_address>0x51ed</load_address>
         <run_address>0x51ed</run_address>
         <size>0x2</size>
         <input_file_ref idref="fl-6"/>
      </object_component>
      <object_component id="oc-245">
         <name>.const:_ctlRegs</name>
         <load_address>0x51f0</load_address>
         <run_address>0x51f0</run_address>
         <size>0x80</size>
         <input_file_ref idref="fl-c"/>
      </object_component>
      <object_component id="oc-24b">
         <name>.const</name>
         <load_address>0x5270</load_address>
         <run_address>0x5270</run_address>
         <size>0x40</size>
         <input_file_ref idref="fl-f"/>
      </object_component>
      <object_component id="oc-295">
         <name>.const:dv</name>
         <load_address>0x52b0</load_address>
         <run_address>0x52b0</run_address>
         <size>0x28</size>
         <input_file_ref idref="fl-3"/>
      </object_component>
      <object_component id="oc-159">
         <name>.const:GSM_Config</name>
         <load_address>0x52d8</load_address>
         <run_address>0x52d8</run_address>
         <size>0x24</size>
         <input_file_ref idref="fl-6"/>
      </object_component>
      <object_component id="oc-156">
         <name>.const:uartConfig</name>
         <load_address>0x52fc</load_address>
         <run_address>0x52fc</run_address>
         <size>0x24</size>
         <input_file_ref idref="fl-6"/>
      </object_component>
      <object_component id="oc-181">
         <name>.const:.string:$P$T0$1</name>
         <load_address>0x5320</load_address>
         <run_address>0x5320</run_address>
         <size>0x1e</size>
         <input_file_ref idref="fl-6"/>
      </object_component>
      <object_component id="oc-1b2">
         <name>.const:.string:$P$T2$3</name>
         <load_address>0x533e</load_address>
         <run_address>0x533e</run_address>
         <size>0x14</size>
         <input_file_ref idref="fl-6"/>
      </object_component>
      <object_component id="oc-294">
         <name>.const:.string:hex$1</name>
         <load_address>0x5352</load_address>
         <run_address>0x5352</run_address>
         <size>0x10</size>
         <input_file_ref idref="fl-3"/>
      </object_component>
      <object_component id="oc-1b8">
         <name>.const:.string:$P$T4$5</name>
         <load_address>0x5362</load_address>
         <run_address>0x5362</run_address>
         <size>0x2</size>
         <input_file_ref idref="fl-6"/>
      </object_component>
      <object_component id="oc-153">
         <name>.const:continuousModeConfig</name>
         <load_address>0x5364</load_address>
         <run_address>0x5364</run_address>
         <size>0x10</size>
         <input_file_ref idref="fl-6"/>
      </object_component>
      <object_component id="oc-184">
         <name>.const:.string:$P$T1$2</name>
         <load_address>0x5374</load_address>
         <run_address>0x5374</run_address>
         <size>0x7</size>
         <input_file_ref idref="fl-6"/>
      </object_component>
      <object_component id="oc-4d4">
         <name>.cinit..data.load</name>
         <load_address>0x5380</load_address>
         <run_address>0x5380</run_address>
         <size>0xc1</size>
      </object_component>
      <object_component id="oc-4d2">
         <name>__TI_handler_table</name>
         <load_address>0x5444</load_address>
         <run_address>0x5444</run_address>
         <size>0xc</size>
      </object_component>
      <object_component id="oc-4d5">
         <name>.cinit..bss.load</name>
         <load_address>0x5450</load_address>
         <run_address>0x5450</run_address>
         <size>0x8</size>
      </object_component>
      <object_component id="oc-4d3">
         <name>__TI_cinit_table</name>
         <load_address>0x5458</load_address>
         <run_address>0x5458</run_address>
         <size>0x10</size>
      </object_component>
      <object_component id="oc-224">
         <name>.data</name>
         <load_address>0x20000174</load_address>
         <run_address>0x20000174</run_address>
         <size>0x4</size>
         <input_file_ref idref="fl-5"/>
      </object_component>
      <object_component id="oc-13b">
         <name>.data</name>
         <load_address>0x200000b4</load_address>
         <run_address>0x200000b4</run_address>
         <size>0x50</size>
         <input_file_ref idref="fl-6"/>
      </object_component>
      <object_component id="oc-13e">
         <name>.data:telefone1</name>
         <load_address>0x20000134</load_address>
         <run_address>0x20000134</run_address>
         <size>0xf</size>
         <input_file_ref idref="fl-6"/>
      </object_component>
      <object_component id="oc-141">
         <name>.data:telefone2</name>
         <load_address>0x20000143</load_address>
         <run_address>0x20000143</run_address>
         <size>0xf</size>
         <input_file_ref idref="fl-6"/>
      </object_component>
      <object_component id="oc-169">
         <name>.data:telefone3</name>
         <load_address>0x20000152</load_address>
         <run_address>0x20000152</run_address>
         <size>0xf</size>
         <input_file_ref idref="fl-6"/>
      </object_component>
      <object_component id="oc-1c1">
         <name>.data:telefoneBackdoor</name>
         <load_address>0x20000161</load_address>
         <run_address>0x20000161</run_address>
         <size>0xf</size>
         <input_file_ref idref="fl-6"/>
      </object_component>
      <object_component id="oc-160">
         <name>.data:funcoes_programadas</name>
         <load_address>0x20000000</load_address>
         <run_address>0x20000000</run_address>
         <size>0xb4</size>
         <input_file_ref idref="fl-6"/>
      </object_component>
      <object_component id="oc-23a">
         <name>.data:GPIO_PORT_TO_BASE</name>
         <load_address>0x20000104</load_address>
         <run_address>0x20000104</run_address>
         <size>0x30</size>
         <input_file_ref idref="fl-e"/>
      </object_component>
      <object_component id="oc-43b">
         <name>.data</name>
         <load_address>0x20000170</load_address>
         <run_address>0x20000170</run_address>
         <size>0x4</size>
         <input_file_ref idref="fl-eb"/>
      </object_component>
      <object_component id="oc-28e">
         <name>.bss</name>
         <uninitialized>true</uninitialized>
         <run_address>0x20000238</run_address>
         <size>0x1</size>
         <input_file_ref idref="fl-2"/>
      </object_component>
      <object_component id="oc-187">
         <name>.bss:resultsBuffer</name>
         <uninitialized>true</uninitialized>
         <run_address>0x2000021c</run_address>
         <size>0x10</size>
         <input_file_ref idref="fl-6"/>
      </object_component>
      <object_component id="oc-150">
         <name>.bss</name>
         <uninitialized>true</uninitialized>
         <run_address>0x20000234</run_address>
         <size>0x4</size>
         <input_file_ref idref="fl-6"/>
      </object_component>
      <object_component id="oc-18a">
         <name>.common:values</name>
         <uninitialized>true</uninitialized>
         <run_address>0x2000022c</run_address>
         <size>0x8</size>
      </object_component>
      <object_component id="oc-1b1">
         <name>.common:rxbuff</name>
         <uninitialized>true</uninitialized>
         <run_address>0x20000178</run_address>
         <size>0x64</size>
      </object_component>
      <object_component id="oc-15c">
         <name>.common:num_identificado</name>
         <uninitialized>true</uninitialized>
         <run_address>0x200001fc</run_address>
         <size>0x20</size>
      </object_component>
      <object_component id="oc-15f">
         <name>.common:mensagem_recebida</name>
         <uninitialized>true</uninitialized>
         <run_address>0x200001dc</run_address>
         <size>0x20</size>
      </object_component>
      <object_component id="oc-22">
         <name>.stack</name>
         <uninitialized>true</uninitialized>
         <run_address>0x2000fe00</run_address>
         <size>0x4</size>
         <input_file_ref idref="fl-d5"/>
      </object_component>
      <object_component id="oc-4d6">
         <name>.stack</name>
         <uninitialized>true</uninitialized>
         <run_address>0x2000fe00</run_address>
         <size>0x0</size>
      </object_component>
      <object_component id="oc-18b">
         <name>.debug_info</name>
         <load_address>0x0</load_address>
         <run_address>0x0</run_address>
         <size>0x827</size>
         <input_file_ref idref="fl-2"/>
      </object_component>
      <object_component id="oc-28f">
         <name>.debug_info</name>
         <load_address>0x827</load_address>
         <run_address>0x827</run_address>
         <size>0xe2</size>
         <input_file_ref idref="fl-2"/>
      </object_component>
      <object_component id="oc-125">
         <name>.debug_info</name>
         <load_address>0x909</load_address>
         <run_address>0x909</run_address>
         <size>0x4a7</size>
         <input_file_ref idref="fl-2"/>
      </object_component>
      <object_component id="oc-1d1">
         <name>.debug_info</name>
         <load_address>0xdb0</load_address>
         <run_address>0xdb0</run_address>
         <size>0x26b</size>
         <input_file_ref idref="fl-2"/>
      </object_component>
      <object_component id="oc-2b7">
         <name>.debug_info</name>
         <load_address>0x101b</load_address>
         <run_address>0x101b</run_address>
         <size>0x1055</size>
         <input_file_ref idref="fl-2"/>
      </object_component>
      <object_component id="oc-2f0">
         <name>.debug_info</name>
         <load_address>0x2070</load_address>
         <run_address>0x2070</run_address>
         <size>0x37e2</size>
         <input_file_ref idref="fl-2"/>
      </object_component>
      <object_component id="oc-2bc">
         <name>.debug_info</name>
         <load_address>0x5852</load_address>
         <run_address>0x5852</run_address>
         <size>0x341</size>
         <input_file_ref idref="fl-2"/>
      </object_component>
      <object_component id="oc-1c5">
         <name>.debug_info</name>
         <load_address>0x5b93</load_address>
         <run_address>0x5b93</run_address>
         <size>0x8b</size>
         <input_file_ref idref="fl-2"/>
      </object_component>
      <object_component id="oc-30a">
         <name>.debug_info</name>
         <load_address>0x5c1e</load_address>
         <run_address>0x5c1e</run_address>
         <size>0x297</size>
         <input_file_ref idref="fl-2"/>
      </object_component>
      <object_component id="oc-2c6">
         <name>.debug_info</name>
         <load_address>0x5eb5</load_address>
         <run_address>0x5eb5</run_address>
         <size>0xef</size>
         <input_file_ref idref="fl-2"/>
      </object_component>
      <object_component id="oc-1ca">
         <name>.debug_info</name>
         <load_address>0x5fa4</load_address>
         <run_address>0x5fa4</run_address>
         <size>0xbb</size>
         <input_file_ref idref="fl-2"/>
      </object_component>
      <object_component id="oc-2c1">
         <name>.debug_info</name>
         <load_address>0x605f</load_address>
         <run_address>0x605f</run_address>
         <size>0xee</size>
         <input_file_ref idref="fl-2"/>
      </object_component>
      <object_component id="oc-299">
         <name>.debug_info</name>
         <load_address>0x614d</load_address>
         <run_address>0x614d</run_address>
         <size>0x57e</size>
         <input_file_ref idref="fl-3"/>
      </object_component>
      <object_component id="oc-296">
         <name>.debug_info</name>
         <load_address>0x66cb</load_address>
         <run_address>0x66cb</run_address>
         <size>0xdd</size>
         <input_file_ref idref="fl-3"/>
      </object_component>
      <object_component id="oc-137">
         <name>.debug_info</name>
         <load_address>0x67a8</load_address>
         <run_address>0x67a8</run_address>
         <size>0x5f9</size>
         <input_file_ref idref="fl-3"/>
      </object_component>
      <object_component id="oc-2b">
         <name>.debug_info</name>
         <load_address>0x6da1</load_address>
         <run_address>0x6da1</run_address>
         <size>0x84</size>
         <input_file_ref idref="fl-3"/>
      </object_component>
      <object_component id="oc-29a">
         <name>.debug_info</name>
         <load_address>0x6e25</load_address>
         <run_address>0x6e25</run_address>
         <size>0x2c</size>
         <input_file_ref idref="fl-3"/>
      </object_component>
      <object_component id="oc-6e">
         <name>.debug_info</name>
         <load_address>0x6e51</load_address>
         <run_address>0x6e51</run_address>
         <size>0x388</size>
         <input_file_ref idref="fl-4"/>
      </object_component>
      <object_component id="oc-20">
         <name>.debug_info</name>
         <load_address>0x71d9</load_address>
         <run_address>0x71d9</run_address>
         <size>0x10b</size>
         <input_file_ref idref="fl-4"/>
      </object_component>
      <object_component id="oc-63">
         <name>.debug_info</name>
         <load_address>0x72e4</load_address>
         <run_address>0x72e4</run_address>
         <size>0x272</size>
         <input_file_ref idref="fl-4"/>
      </object_component>
      <object_component id="oc-225">
         <name>.debug_info</name>
         <load_address>0x7556</load_address>
         <run_address>0x7556</run_address>
         <size>0x104</size>
         <input_file_ref idref="fl-5"/>
      </object_component>
      <object_component id="oc-9f">
         <name>.debug_info</name>
         <load_address>0x765a</load_address>
         <run_address>0x765a</run_address>
         <size>0x276</size>
         <input_file_ref idref="fl-5"/>
      </object_component>
      <object_component id="oc-15d">
         <name>.debug_info</name>
         <load_address>0x78d0</load_address>
         <run_address>0x78d0</run_address>
         <size>0x106e</size>
         <input_file_ref idref="fl-6"/>
      </object_component>
      <object_component id="oc-13c">
         <name>.debug_info</name>
         <load_address>0x893e</load_address>
         <run_address>0x893e</run_address>
         <size>0x3c7</size>
         <input_file_ref idref="fl-6"/>
      </object_component>
      <object_component id="oc-13f">
         <name>.debug_info</name>
         <load_address>0x8d05</load_address>
         <run_address>0x8d05</run_address>
         <size>0xfe</size>
         <input_file_ref idref="fl-6"/>
      </object_component>
      <object_component id="oc-142">
         <name>.debug_info</name>
         <load_address>0x8e03</load_address>
         <run_address>0x8e03</run_address>
         <size>0xfe</size>
         <input_file_ref idref="fl-6"/>
      </object_component>
      <object_component id="oc-16a">
         <name>.debug_info</name>
         <load_address>0x8f01</load_address>
         <run_address>0x8f01</run_address>
         <size>0xfe</size>
         <input_file_ref idref="fl-6"/>
      </object_component>
      <object_component id="oc-1c2">
         <name>.debug_info</name>
         <load_address>0x8fff</load_address>
         <run_address>0x8fff</run_address>
         <size>0x10c</size>
         <input_file_ref idref="fl-6"/>
      </object_component>
      <object_component id="oc-161">
         <name>.debug_info</name>
         <load_address>0x910b</load_address>
         <run_address>0x910b</run_address>
         <size>0x112</size>
         <input_file_ref idref="fl-6"/>
      </object_component>
      <object_component id="oc-188">
         <name>.debug_info</name>
         <load_address>0x921d</load_address>
         <run_address>0x921d</run_address>
         <size>0x105</size>
         <input_file_ref idref="fl-6"/>
      </object_component>
      <object_component id="oc-151">
         <name>.debug_info</name>
         <load_address>0x9322</load_address>
         <run_address>0x9322</run_address>
         <size>0x159</size>
         <input_file_ref idref="fl-6"/>
      </object_component>
      <object_component id="oc-157">
         <name>.debug_info</name>
         <load_address>0x947b</load_address>
         <run_address>0x947b</run_address>
         <size>0x100</size>
         <input_file_ref idref="fl-6"/>
      </object_component>
      <object_component id="oc-15a">
         <name>.debug_info</name>
         <load_address>0x957b</load_address>
         <run_address>0x957b</run_address>
         <size>0x100</size>
         <input_file_ref idref="fl-6"/>
      </object_component>
      <object_component id="oc-154">
         <name>.debug_info</name>
         <load_address>0x967b</load_address>
         <run_address>0x967b</run_address>
         <size>0x114</size>
         <input_file_ref idref="fl-6"/>
      </object_component>
      <object_component id="oc-182">
         <name>.debug_info</name>
         <load_address>0x978f</load_address>
         <run_address>0x978f</run_address>
         <size>0xfa</size>
         <input_file_ref idref="fl-6"/>
      </object_component>
      <object_component id="oc-185">
         <name>.debug_info</name>
         <load_address>0x9889</load_address>
         <run_address>0x9889</run_address>
         <size>0xfa</size>
         <input_file_ref idref="fl-6"/>
      </object_component>
      <object_component id="oc-1b3">
         <name>.debug_info</name>
         <load_address>0x9983</load_address>
         <run_address>0x9983</run_address>
         <size>0xfa</size>
         <input_file_ref idref="fl-6"/>
      </object_component>
      <object_component id="oc-1b6">
         <name>.debug_info</name>
         <load_address>0x9a7d</load_address>
         <run_address>0x9a7d</run_address>
         <size>0xfa</size>
         <input_file_ref idref="fl-6"/>
      </object_component>
      <object_component id="oc-1b9">
         <name>.debug_info</name>
         <load_address>0x9b77</load_address>
         <run_address>0x9b77</run_address>
         <size>0xfa</size>
         <input_file_ref idref="fl-6"/>
      </object_component>
      <object_component id="oc-67">
         <name>.debug_info</name>
         <load_address>0x9c71</load_address>
         <run_address>0x9c71</run_address>
         <size>0x29c4</size>
         <input_file_ref idref="fl-6"/>
      </object_component>
      <object_component id="oc-2b2">
         <name>.debug_info</name>
         <load_address>0xc635</load_address>
         <run_address>0xc635</run_address>
         <size>0x37e2</size>
         <input_file_ref idref="fl-6"/>
      </object_component>
      <object_component id="oc-1dd">
         <name>.debug_info</name>
         <load_address>0xfe17</load_address>
         <run_address>0xfe17</run_address>
         <size>0x2c</size>
         <input_file_ref idref="fl-6"/>
      </object_component>
      <object_component id="oc-239">
         <name>.debug_info</name>
         <load_address>0xfe43</load_address>
         <run_address>0xfe43</run_address>
         <size>0x4b3</size>
         <input_file_ref idref="fl-c"/>
      </object_component>
      <object_component id="oc-246">
         <name>.debug_info</name>
         <load_address>0x102f6</load_address>
         <run_address>0x102f6</run_address>
         <size>0xbf</size>
         <input_file_ref idref="fl-c"/>
      </object_component>
      <object_component id="oc-f1">
         <name>.debug_info</name>
         <load_address>0x103b5</load_address>
         <run_address>0x103b5</run_address>
         <size>0x117</size>
         <input_file_ref idref="fl-c"/>
      </object_component>
      <object_component id="oc-236">
         <name>.debug_info</name>
         <load_address>0x104cc</load_address>
         <run_address>0x104cc</run_address>
         <size>0x105</size>
         <input_file_ref idref="fl-c"/>
      </object_component>
      <object_component id="oc-bb">
         <name>.debug_info</name>
         <load_address>0x105d1</load_address>
         <run_address>0x105d1</run_address>
         <size>0x243</size>
         <input_file_ref idref="fl-c"/>
      </object_component>
      <object_component id="oc-243">
         <name>.debug_info</name>
         <load_address>0x10814</load_address>
         <run_address>0x10814</run_address>
         <size>0x1d6</size>
         <input_file_ref idref="fl-c"/>
      </object_component>
      <object_component id="oc-1a3">
         <name>.debug_info</name>
         <load_address>0x109ea</load_address>
         <run_address>0x109ea</run_address>
         <size>0x161</size>
         <input_file_ref idref="fl-c"/>
      </object_component>
      <object_component id="oc-2fa">
         <name>.debug_info</name>
         <load_address>0x10b4b</load_address>
         <run_address>0x10b4b</run_address>
         <size>0x122</size>
         <input_file_ref idref="fl-c"/>
      </object_component>
      <object_component id="oc-197">
         <name>.debug_info</name>
         <load_address>0x10c6d</load_address>
         <run_address>0x10c6d</run_address>
         <size>0x14b</size>
         <input_file_ref idref="fl-c"/>
      </object_component>
      <object_component id="oc-e5">
         <name>.debug_info</name>
         <load_address>0x10db8</load_address>
         <run_address>0x10db8</run_address>
         <size>0x17f</size>
         <input_file_ref idref="fl-c"/>
      </object_component>
      <object_component id="oc-b5">
         <name>.debug_info</name>
         <load_address>0x10f37</load_address>
         <run_address>0x10f37</run_address>
         <size>0xfa</size>
         <input_file_ref idref="fl-c"/>
      </object_component>
      <object_component id="oc-d3">
         <name>.debug_info</name>
         <load_address>0x11031</load_address>
         <run_address>0x11031</run_address>
         <size>0x114</size>
         <input_file_ref idref="fl-c"/>
      </object_component>
      <object_component id="oc-eb">
         <name>.debug_info</name>
         <load_address>0x11145</load_address>
         <run_address>0x11145</run_address>
         <size>0x12c</size>
         <input_file_ref idref="fl-c"/>
      </object_component>
      <object_component id="oc-1a9">
         <name>.debug_info</name>
         <load_address>0x11271</load_address>
         <run_address>0x11271</run_address>
         <size>0x11d</size>
         <input_file_ref idref="fl-c"/>
      </object_component>
      <object_component id="oc-c7">
         <name>.debug_info</name>
         <load_address>0x1138e</load_address>
         <run_address>0x1138e</run_address>
         <size>0x224</size>
         <input_file_ref idref="fl-c"/>
      </object_component>
      <object_component id="oc-cd">
         <name>.debug_info</name>
         <load_address>0x115b2</load_address>
         <run_address>0x115b2</run_address>
         <size>0x284</size>
         <input_file_ref idref="fl-c"/>
      </object_component>
      <object_component id="oc-19d">
         <name>.debug_info</name>
         <load_address>0x11836</load_address>
         <run_address>0x11836</run_address>
         <size>0x11a</size>
         <input_file_ref idref="fl-c"/>
      </object_component>
      <object_component id="oc-338">
         <name>.debug_info</name>
         <load_address>0x11950</load_address>
         <run_address>0x11950</run_address>
         <size>0x103e</size>
         <input_file_ref idref="fl-c"/>
      </object_component>
      <object_component id="oc-22a">
         <name>.debug_info</name>
         <load_address>0x1298e</load_address>
         <run_address>0x1298e</run_address>
         <size>0x18b</size>
         <input_file_ref idref="fl-c"/>
      </object_component>
      <object_component id="oc-22f">
         <name>.debug_info</name>
         <load_address>0x12b19</load_address>
         <run_address>0x12b19</run_address>
         <size>0x5ef</size>
         <input_file_ref idref="fl-d"/>
      </object_component>
      <object_component id="oc-ad">
         <name>.debug_info</name>
         <load_address>0x13108</load_address>
         <run_address>0x13108</run_address>
         <size>0x132</size>
         <input_file_ref idref="fl-d"/>
      </object_component>
      <object_component id="oc-333">
         <name>.debug_info</name>
         <load_address>0x1323a</load_address>
         <run_address>0x1323a</run_address>
         <size>0x1b5</size>
         <input_file_ref idref="fl-d"/>
      </object_component>
      <object_component id="oc-23e">
         <name>.debug_info</name>
         <load_address>0x133ef</load_address>
         <run_address>0x133ef</run_address>
         <size>0x4a4</size>
         <input_file_ref idref="fl-e"/>
      </object_component>
      <object_component id="oc-23b">
         <name>.debug_info</name>
         <load_address>0x13893</load_address>
         <run_address>0x13893</run_address>
         <size>0xd0</size>
         <input_file_ref idref="fl-e"/>
      </object_component>
      <object_component id="oc-146">
         <name>.debug_info</name>
         <load_address>0x13963</load_address>
         <run_address>0x13963</run_address>
         <size>0x183</size>
         <input_file_ref idref="fl-e"/>
      </object_component>
      <object_component id="oc-119">
         <name>.debug_info</name>
         <load_address>0x13ae6</load_address>
         <run_address>0x13ae6</run_address>
         <size>0x183</size>
         <input_file_ref idref="fl-e"/>
      </object_component>
      <object_component id="oc-131">
         <name>.debug_info</name>
         <load_address>0x13c69</load_address>
         <run_address>0x13c69</run_address>
         <size>0x185</size>
         <input_file_ref idref="fl-e"/>
      </object_component>
      <object_component id="oc-bf">
         <name>.debug_info</name>
         <load_address>0x13dee</load_address>
         <run_address>0x13dee</run_address>
         <size>0x1db</size>
         <input_file_ref idref="fl-e"/>
      </object_component>
      <object_component id="oc-113">
         <name>.debug_info</name>
         <load_address>0x13fc9</load_address>
         <run_address>0x13fc9</run_address>
         <size>0x19c</size>
         <input_file_ref idref="fl-e"/>
      </object_component>
      <object_component id="oc-11f">
         <name>.debug_info</name>
         <load_address>0x14165</load_address>
         <run_address>0x14165</run_address>
         <size>0x19a</size>
         <input_file_ref idref="fl-e"/>
      </object_component>
      <object_component id="oc-12b">
         <name>.debug_info</name>
         <load_address>0x142ff</load_address>
         <run_address>0x142ff</run_address>
         <size>0x185</size>
         <input_file_ref idref="fl-e"/>
      </object_component>
      <object_component id="oc-24f">
         <name>.debug_info</name>
         <load_address>0x14484</load_address>
         <run_address>0x14484</run_address>
         <size>0x432</size>
         <input_file_ref idref="fl-f"/>
      </object_component>
      <object_component id="oc-24c">
         <name>.debug_info</name>
         <load_address>0x148b6</load_address>
         <run_address>0x148b6</run_address>
         <size>0x173</size>
         <input_file_ref idref="fl-f"/>
      </object_component>
      <object_component id="oc-dd">
         <name>.debug_info</name>
         <load_address>0x14a29</load_address>
         <run_address>0x14a29</run_address>
         <size>0x122</size>
         <input_file_ref idref="fl-f"/>
      </object_component>
      <object_component id="oc-d7">
         <name>.debug_info</name>
         <load_address>0x14b4b</load_address>
         <run_address>0x14b4b</run_address>
         <size>0x16b</size>
         <input_file_ref idref="fl-f"/>
      </object_component>
      <object_component id="oc-261">
         <name>.debug_info</name>
         <load_address>0x14cb6</load_address>
         <run_address>0x14cb6</run_address>
         <size>0x4f5</size>
         <input_file_ref idref="fl-11"/>
      </object_component>
      <object_component id="oc-fa">
         <name>.debug_info</name>
         <load_address>0x151ab</load_address>
         <run_address>0x151ab</run_address>
         <size>0x160</size>
         <input_file_ref idref="fl-11"/>
      </object_component>
      <object_component id="oc-25b">
         <name>.debug_info</name>
         <load_address>0x1530b</load_address>
         <run_address>0x1530b</run_address>
         <size>0x1af</size>
         <input_file_ref idref="fl-11"/>
      </object_component>
      <object_component id="oc-f5">
         <name>.debug_info</name>
         <load_address>0x154ba</load_address>
         <run_address>0x154ba</run_address>
         <size>0x198</size>
         <input_file_ref idref="fl-11"/>
      </object_component>
      <object_component id="oc-18e">
         <name>.debug_info</name>
         <load_address>0x15652</load_address>
         <run_address>0x15652</run_address>
         <size>0x139</size>
         <input_file_ref idref="fl-11"/>
      </object_component>
      <object_component id="oc-34f">
         <name>.debug_info</name>
         <load_address>0x1578b</load_address>
         <run_address>0x1578b</run_address>
         <size>0x341</size>
         <input_file_ref idref="fl-11"/>
      </object_component>
      <object_component id="oc-35c">
         <name>.debug_info</name>
         <load_address>0x15acc</load_address>
         <run_address>0x15acc</run_address>
         <size>0x486</size>
         <input_file_ref idref="fl-12"/>
      </object_component>
      <object_component id="oc-283">
         <name>.debug_info</name>
         <load_address>0x15f52</load_address>
         <run_address>0x15f52</run_address>
         <size>0x154</size>
         <input_file_ref idref="fl-12"/>
      </object_component>
      <object_component id="oc-27d">
         <name>.debug_info</name>
         <load_address>0x160a6</load_address>
         <run_address>0x160a6</run_address>
         <size>0x148</size>
         <input_file_ref idref="fl-12"/>
      </object_component>
      <object_component id="oc-26b">
         <name>.debug_info</name>
         <load_address>0x161ee</load_address>
         <run_address>0x161ee</run_address>
         <size>0x1b8</size>
         <input_file_ref idref="fl-12"/>
      </object_component>
      <object_component id="oc-277">
         <name>.debug_info</name>
         <load_address>0x163a6</load_address>
         <run_address>0x163a6</run_address>
         <size>0x124</size>
         <input_file_ref idref="fl-12"/>
      </object_component>
      <object_component id="oc-289">
         <name>.debug_info</name>
         <load_address>0x164ca</load_address>
         <run_address>0x164ca</run_address>
         <size>0x126</size>
         <input_file_ref idref="fl-12"/>
      </object_component>
      <object_component id="oc-271">
         <name>.debug_info</name>
         <load_address>0x165f0</load_address>
         <run_address>0x165f0</run_address>
         <size>0x132</size>
         <input_file_ref idref="fl-12"/>
      </object_component>
      <object_component id="oc-264">
         <name>.debug_info</name>
         <load_address>0x16722</load_address>
         <run_address>0x16722</run_address>
         <size>0x498</size>
         <input_file_ref idref="fl-13"/>
      </object_component>
      <object_component id="oc-1bf">
         <name>.debug_info</name>
         <load_address>0x16bba</load_address>
         <run_address>0x16bba</run_address>
         <size>0x181</size>
         <input_file_ref idref="fl-13"/>
      </object_component>
      <object_component id="oc-1ac">
         <name>.debug_info</name>
         <load_address>0x16d3b</load_address>
         <run_address>0x16d3b</run_address>
         <size>0x141</size>
         <input_file_ref idref="fl-13"/>
      </object_component>
      <object_component id="oc-100">
         <name>.debug_info</name>
         <load_address>0x16e7c</load_address>
         <run_address>0x16e7c</run_address>
         <size>0x169</size>
         <input_file_ref idref="fl-13"/>
      </object_component>
      <object_component id="oc-106">
         <name>.debug_info</name>
         <load_address>0x16fe5</load_address>
         <run_address>0x16fe5</run_address>
         <size>0x13f</size>
         <input_file_ref idref="fl-13"/>
      </object_component>
      <object_component id="oc-10c">
         <name>.debug_info</name>
         <load_address>0x17124</load_address>
         <run_address>0x17124</run_address>
         <size>0x168</size>
         <input_file_ref idref="fl-13"/>
      </object_component>
      <object_component id="oc-356">
         <name>.debug_info</name>
         <load_address>0x1728c</load_address>
         <run_address>0x1728c</run_address>
         <size>0xee</size>
         <input_file_ref idref="fl-13"/>
      </object_component>
      <object_component id="oc-a6">
         <name>.debug_info</name>
         <load_address>0x1737a</load_address>
         <run_address>0x1737a</run_address>
         <size>0x115</size>
         <input_file_ref idref="fl-14"/>
      </object_component>
      <object_component id="oc-251">
         <name>.debug_info</name>
         <load_address>0x1748f</load_address>
         <run_address>0x1748f</run_address>
         <size>0xe7</size>
         <input_file_ref idref="fl-15"/>
      </object_component>
      <object_component id="oc-2e0">
         <name>.debug_info</name>
         <load_address>0x17576</load_address>
         <run_address>0x17576</run_address>
         <size>0x337</size>
         <input_file_ref idref="fl-cb"/>
      </object_component>
      <object_component id="oc-166">
         <name>.debug_info</name>
         <load_address>0x178ad</load_address>
         <run_address>0x178ad</run_address>
         <size>0x1d5</size>
         <input_file_ref idref="fl-cb"/>
      </object_component>
      <object_component id="oc-2d6">
         <name>.debug_info</name>
         <load_address>0x17a82</load_address>
         <run_address>0x17a82</run_address>
         <size>0x191</size>
         <input_file_ref idref="fl-cb"/>
      </object_component>
      <object_component id="oc-2da">
         <name>.debug_info</name>
         <load_address>0x17c13</load_address>
         <run_address>0x17c13</run_address>
         <size>0x171</size>
         <input_file_ref idref="fl-cb"/>
      </object_component>
      <object_component id="oc-442">
         <name>.debug_info</name>
         <load_address>0x17d84</load_address>
         <run_address>0x17d84</run_address>
         <size>0x2c</size>
         <input_file_ref idref="fl-cb"/>
      </object_component>
      <object_component id="oc-17a">
         <name>.debug_info</name>
         <load_address>0x17db0</load_address>
         <run_address>0x17db0</run_address>
         <size>0x13e</size>
         <input_file_ref idref="fl-cc"/>
      </object_component>
      <object_component id="oc-17d">
         <name>.debug_info</name>
         <load_address>0x17eee</load_address>
         <run_address>0x17eee</run_address>
         <size>0x132</size>
         <input_file_ref idref="fl-cd"/>
      </object_component>
      <object_component id="oc-174">
         <name>.debug_info</name>
         <load_address>0x18020</load_address>
         <run_address>0x18020</run_address>
         <size>0x130</size>
         <input_file_ref idref="fl-ce"/>
      </object_component>
      <object_component id="oc-31">
         <name>.debug_info</name>
         <load_address>0x18150</load_address>
         <run_address>0x18150</run_address>
         <size>0x11d</size>
         <input_file_ref idref="fl-cf"/>
      </object_component>
      <object_component id="oc-85">
         <name>.debug_info</name>
         <load_address>0x1826d</load_address>
         <run_address>0x1826d</run_address>
         <size>0x2d8</size>
         <input_file_ref idref="fl-d0"/>
      </object_component>
      <object_component id="oc-40">
         <name>.debug_info</name>
         <load_address>0x18545</load_address>
         <run_address>0x18545</run_address>
         <size>0x1c3</size>
         <input_file_ref idref="fl-d0"/>
      </object_component>
      <object_component id="oc-80">
         <name>.debug_info</name>
         <load_address>0x18708</load_address>
         <run_address>0x18708</run_address>
         <size>0x46</size>
         <input_file_ref idref="fl-d0"/>
      </object_component>
      <object_component id="oc-3b">
         <name>.debug_info</name>
         <load_address>0x1874e</load_address>
         <run_address>0x1874e</run_address>
         <size>0x2ac</size>
         <input_file_ref idref="fl-d1"/>
      </object_component>
      <object_component id="oc-17">
         <name>.debug_info</name>
         <load_address>0x189fa</load_address>
         <run_address>0x189fa</run_address>
         <size>0x1ee</size>
         <input_file_ref idref="fl-d1"/>
      </object_component>
      <object_component id="oc-36">
         <name>.debug_info</name>
         <load_address>0x18be8</load_address>
         <run_address>0x18be8</run_address>
         <size>0x46</size>
         <input_file_ref idref="fl-d1"/>
      </object_component>
      <object_component id="oc-78">
         <name>.debug_info</name>
         <load_address>0x18c2e</load_address>
         <run_address>0x18c2e</run_address>
         <size>0x2c</size>
         <input_file_ref idref="fl-d1"/>
      </object_component>
      <object_component id="oc-76">
         <name>.debug_info</name>
         <load_address>0x18c5a</load_address>
         <run_address>0x18c5a</run_address>
         <size>0x2a2</size>
         <input_file_ref idref="fl-d2"/>
      </object_component>
      <object_component id="oc-12">
         <name>.debug_info</name>
         <load_address>0x18efc</load_address>
         <run_address>0x18efc</run_address>
         <size>0x254</size>
         <input_file_ref idref="fl-d2"/>
      </object_component>
      <object_component id="oc-26">
         <name>.debug_info</name>
         <load_address>0x19150</load_address>
         <run_address>0x19150</run_address>
         <size>0x60</size>
         <input_file_ref idref="fl-d2"/>
      </object_component>
      <object_component id="oc-1d6">
         <name>.debug_info</name>
         <load_address>0x191b0</load_address>
         <run_address>0x191b0</run_address>
         <size>0x46</size>
         <input_file_ref idref="fl-d2"/>
      </object_component>
      <object_component id="oc-71">
         <name>.debug_info</name>
         <load_address>0x191f6</load_address>
         <run_address>0x191f6</run_address>
         <size>0x39</size>
         <input_file_ref idref="fl-d2"/>
      </object_component>
      <object_component id="oc-2e4">
         <name>.debug_info</name>
         <load_address>0x1922f</load_address>
         <run_address>0x1922f</run_address>
         <size>0x2a8</size>
         <input_file_ref idref="fl-d3"/>
      </object_component>
      <object_component id="oc-16d">
         <name>.debug_info</name>
         <load_address>0x194d7</load_address>
         <run_address>0x194d7</run_address>
         <size>0x271</size>
         <input_file_ref idref="fl-d3"/>
      </object_component>
      <object_component id="oc-2a7">
         <name>.debug_info</name>
         <load_address>0x19748</load_address>
         <run_address>0x19748</run_address>
         <size>0x28e</size>
         <input_file_ref idref="fl-d4"/>
      </object_component>
      <object_component id="oc-14d">
         <name>.debug_info</name>
         <load_address>0x199d6</load_address>
         <run_address>0x199d6</run_address>
         <size>0x27d</size>
         <input_file_ref idref="fl-d4"/>
      </object_component>
      <object_component id="oc-23">
         <name>.debug_info</name>
         <load_address>0x19c53</load_address>
         <run_address>0x19c53</run_address>
         <size>0x10f</size>
         <input_file_ref idref="fl-d5"/>
      </object_component>
      <object_component id="oc-4f">
         <name>.debug_info</name>
         <load_address>0x19d62</load_address>
         <run_address>0x19d62</run_address>
         <size>0x1ad</size>
         <input_file_ref idref="fl-d5"/>
      </object_component>
      <object_component id="oc-3ac">
         <name>.debug_info</name>
         <load_address>0x19f0f</load_address>
         <run_address>0x19f0f</run_address>
         <size>0x57f</size>
         <input_file_ref idref="fl-d6"/>
      </object_component>
      <object_component id="oc-379">
         <name>.debug_info</name>
         <load_address>0x1a48e</load_address>
         <run_address>0x1a48e</run_address>
         <size>0x222</size>
         <input_file_ref idref="fl-d6"/>
      </object_component>
      <object_component id="oc-407">
         <name>.debug_info</name>
         <load_address>0x1a6b0</load_address>
         <run_address>0x1a6b0</run_address>
         <size>0x1b7</size>
         <input_file_ref idref="fl-d6"/>
      </object_component>
      <object_component id="oc-40e">
         <name>.debug_info</name>
         <load_address>0x1a867</load_address>
         <run_address>0x1a867</run_address>
         <size>0x21f</size>
         <input_file_ref idref="fl-d6"/>
      </object_component>
      <object_component id="oc-384">
         <name>.debug_info</name>
         <load_address>0x1aa86</load_address>
         <run_address>0x1aa86</run_address>
         <size>0x3bf</size>
         <input_file_ref idref="fl-d6"/>
      </object_component>
      <object_component id="oc-415">
         <name>.debug_info</name>
         <load_address>0x1ae45</load_address>
         <run_address>0x1ae45</run_address>
         <size>0x309</size>
         <input_file_ref idref="fl-d6"/>
      </object_component>
      <object_component id="oc-41b">
         <name>.debug_info</name>
         <load_address>0x1b14e</load_address>
         <run_address>0x1b14e</run_address>
         <size>0x219</size>
         <input_file_ref idref="fl-d6"/>
      </object_component>
      <object_component id="oc-38a">
         <name>.debug_info</name>
         <load_address>0x1b367</load_address>
         <run_address>0x1b367</run_address>
         <size>0x219</size>
         <input_file_ref idref="fl-d6"/>
      </object_component>
[...]
      </symbol>
      <symbol id="sm-3ef">
         <name>mensagem_SMS</name>
         <value>0x1d89</value>
         <object_component_ref idref="oc-66"/>
      </symbol>
      <symbol id="sm-3f0">
         <name>leituraSensoresMensagem</name>
         <value>0xcd5</value>
         <object_component_ref idref="oc-66"/>
      </symbol>
      <symbol id="sm-3f1">
         <name>continuousModeConfig</name>
         <value>0x5364</value>
         <object_component_ref idref="oc-153"/>
      </symbol>
      <symbol id="sm-3f2">
         <name>rxposin</name>
         <value>0x200000b8</value>
         <object_component_ref idref="oc-13b"/>
      </symbol>
      <symbol id="sm-3f3">
         <name>EUSCIA2_IRQHandler</name>
         <value>0x1369</value>
         <object_component_ref idref="oc-66"/>
      </symbol>
      <symbol id="sm-3f4">
         <name>flag_mensagem</name>
         <value>0x200000d8</value>
         <object_component_ref idref="oc-13b"/>
      </symbol>
      <symbol id="sm-3f5">
         <name>reinicializaSistema</name>
         <value>0xc29</value>
         <object_component_ref idref="oc-66"/>
      </symbol>
      <symbol id="sm-3f6">
         <name>main</name>
         <value>0x141</value>
         <object_component_ref idref="oc-66"/>
      </symbol>
      <symbol id="sm-3f7">
         <name>identifica</name>
         <value>0x200000c4</value>
         <object_component_ref idref="oc-13b"/>
      </symbol>
      <symbol id="sm-3f8">
         <name>pos_mensagem</name>
         <value>0x200000d4</value>
         <object_component_ref idref="oc-13b"/>
      </symbol>
      <symbol id="sm-3f9">
         <name>ADC14_IRQHandler</name>
         <value>0x11eb</value>
         <object_component_ref idref="oc-66"/>
      </symbol>
      <symbol id="sm-3fa">
         <name>GSM_Config</name>
         <value>0x52d8</value>
         <object_component_ref idref="oc-159"/>
      </symbol>
      <symbol id="sm-3fb">
         <name>cont_min</name>
         <value>0x20000100</value>
         <object_component_ref idref="oc-13b"/>
      </symbol>
      <symbol id="sm-3fc">
         <name>funcoes_programadas</name>
         <value>0x20000000</value>
         <object_component_ref idref="oc-160"/>
      </symbol>
      <symbol id="sm-3fd">
         <name>leituraSensorGas</name>
         <value>0xe79</value>
         <object_component_ref idref="oc-66"/>
      </symbol>
      <symbol id="sm-3fe">
         <name>EUSCIA0_IRQHandler</name>
         <value>0x1229</value>
         <object_component_ref idref="oc-66"/>
      </symbol>
      <symbol id="sm-3ff">
         <name>enviarDados_backdoor</name>
         <value>0x17b1</value>
         <object_component_ref idref="oc-66"/>
      </symbol>
      <symbol id="sm-400">
         <name>telefone1</name>
         <value>0x20000134</value>
         <object_component_ref idref="oc-13e"/>
      </symbol>
      <symbol id="sm-401">
         <name>telefone3</name>
         <value>0x20000152</value>
         <object_component_ref idref="oc-169"/>
      </symbol>
      <symbol id="sm-402">
         <name>telefone2</name>
         <value>0x20000143</value>
         <object_component_ref idref="oc-141"/>
      </symbol>
      <symbol id="sm-403">
         <name>flag_erro</name>
         <value>0x200000f8</value>
         <object_component_ref idref="oc-13b"/>
      </symbol>
      <symbol id="sm-404">
         <name>init_flag</name>
         <value>0x200000f0</value>
         <object_component_ref idref="oc-13b"/>
      </symbol>
      <symbol id="sm-405">
         <name>mensagem_SMS_Extra</name>
         <value>0x20cd</value>
         <object_component_ref idref="oc-66"/>
      </symbol>
      <symbol id="sm-406">
         <name>cont_init</name>
         <value>0x200000f4</value>
         <object_component_ref idref="oc-13b"/>
      </symbol>
      <symbol id="sm-407">
         <name>tamanho_mensagem</name>
         <value>0x200000dc</value>
         <object_component_ref idref="oc-13b"/>
      </symbol>
      <symbol id="sm-408">
         <name>cont_erro</name>
         <value>0x200000e4</value>
         <object_component_ref idref="oc-13b"/>
      </symbol>
      <symbol id="sm-409">
         <name>TA0_N_IRQHandler</name>
         <value>0x1185</value>
         <object_component_ref idref="oc-66"/>
      </symbol>
      <symbol id="sm-40a">
         <name>pos_identificado</name>
         <value>0x200000c8</value>
         <object_component_ref idref="oc-13b"/>
      </symbol>
      <symbol id="sm-40b">
         <name>confirma</name>
         <value>0x200000bc</value>
         <object_component_ref idref="oc-13b"/>
      </symbol>
      <symbol id="sm-40c">
         <name>leituraTemperatura</name>
         <value>0xf55</value>
         <object_component_ref idref="oc-66"/>
      </symbol>
      <symbol id="sm-4f8">
         <name>ADC14_enableInterrupt</name>
         <value>0x4e61</value>
         <object_component_ref idref="oc-cf"/>
      </symbol>
      <symbol id="sm-4f9">
         <name>ADC14_getInterruptStatus</name>
         <value>0x4ee1</value>
         <object_component_ref idref="oc-2f6"/>
      </symbol>
      <symbol id="sm-4fa">
         <name>ADC14_disableModule</name>
         <value>0x4e41</value>
         <object_component_ref idref="oc-1a5"/>
      </symbol>
      <symbol id="sm-4fb">
         <name>ADC14_enableSampleTimer</name>
         <value>0x4cfd</value>
         <object_component_ref idref="oc-e1"/>
      </symbol>
      <symbol id="sm-4fc">
         <name>ADC14_enableConversion</name>
         <value>0x4ca5</value>
         <object_component_ref idref="oc-e7"/>
      </symbol>
      <symbol id="sm-4fd">
         <name>ADC14_toggleConversionTrigger</name>
         <value>0x4e81</value>
         <object_component_ref idref="oc-ed"/>
      </symbol>
      <symbol id="sm-4fe">
         <name>ADC14_getEnabledInterruptStatus</name>
         <value>0x4d25</value>
         <object_component_ref idref="oc-193"/>
      </symbol>
      <symbol id="sm-4ff">
         <name>ADC14_getMultiSequenceResult</name>
         <value>0x4b01</value>
         <object_component_ref idref="oc-19f"/>
      </symbol>
      <symbol id="sm-500">
         <name>ADC14_initModule</name>
         <value>0x4c09</value>
         <object_component_ref idref="oc-b7"/>
      </symbol>
      <symbol id="sm-501">
         <name>ADC14_configureMultiSequenceMode</name>
         <value>0x465d</value>
         <object_component_ref idref="oc-c3"/>
      </symbol>
      <symbol id="sm-502">
         <name>ADC14_clearInterruptFlag</name>
         <value>0x4e21</value>
         <object_component_ref idref="oc-199"/>
      </symbol>
      <symbol id="sm-503">
         <name>ADC14_configureConversionMemory</name>
         <value>0x4745</value>
         <object_component_ref idref="oc-c9"/>
      </symbol>
      <symbol id="sm-504">
         <name>ADC14_enableModule</name>
         <value>0x5061</value>
         <object_component_ref idref="oc-b1"/>
      </symbol>
      <symbol id="sm-51a">
         <name>CS_setDCOCenteredFrequency</name>
         <value>0x4d49</value>
         <object_component_ref idref="oc-ab"/>
      </symbol>
      <symbol id="sm-571">
         <name>GPIO_setAsInputPin</name>
         <value>0x4cd1</value>
         <object_component_ref idref="oc-11d"/>
      </symbol>
      <symbol id="sm-572">
         <name>GPIO_setOutputHighOnPin</name>
         <value>0x4fed</value>
         <object_component_ref idref="oc-12f"/>
      </symbol>
      <symbol id="sm-573">
         <name>GPIO_setAsOutputPin</name>
         <value>0x4d6d</value>
         <object_component_ref idref="oc-111"/>
      </symbol>
      <symbol id="sm-574">
         <name>GPIO_setOutputLowOnPin</name>
         <value>0x4f4d</value>
         <object_component_ref idref="oc-117"/>
      </symbol>
      <symbol id="sm-575">
         <name>GPIO_toggleOutputOnPin</name>
         <value>0x5001</value>
         <object_component_ref idref="oc-144"/>
      </symbol>
      <symbol id="sm-576">
         <name>GPIO_getInputPinValue</name>
         <value>0x4f35</value>
         <object_component_ref idref="oc-129"/>
      </symbol>
      <symbol id="sm-577">
         <name>GPIO_setAsPeripheralModuleFunctionInputPin</name>
         <value>0x4a29</value>
         <object_component_ref idref="oc-bd"/>
      </symbol>
      <symbol id="sm-5a7">
         <name>Interrupt_enableMaster</name>
         <value>0x5071</value>
         <object_component_ref idref="oc-db"/>
      </symbol>
      <symbol id="sm-5a8">
         <name>Interrupt_enableInterrupt</name>
         <value>0x4819</value>
         <object_component_ref idref="oc-d5"/>
      </symbol>
      <symbol id="sm-5e0">
         <name>Timer_A_startCounter</name>
         <value>0x50d1</value>
         <object_component_ref idref="oc-f9"/>
      </symbol>
      <symbol id="sm-5e1">
         <name>Timer_A_clearInterruptFlag</name>
         <value>0x509b</value>
         <object_component_ref idref="oc-18d"/>
      </symbol>
      <symbol id="sm-5e2">
         <name>Timer_A_configureContinuousMode</name>
         <value>0x4db5</value>
         <object_component_ref idref="oc-f3"/>
      </symbol>
      <symbol id="sm-623">
         <name>Timer32_startTimer</name>
         <value>0x4ea1</value>
         <object_component_ref idref="oc-282"/>
      </symbol>
      <symbol id="sm-624">
         <name>Timer32_setCount</name>
         <value>0x4d91</value>
         <object_component_ref idref="oc-27c"/>
      </symbol>
      <symbol id="sm-625">
         <name>Timer32_getValue</name>
         <value>0x50e1</value>
         <object_component_ref idref="oc-288"/>
      </symbol>
      <symbol id="sm-626">
         <name>Timer32_haltTimer</name>
         <value>0x50bd</value>
         <object_component_ref idref="oc-276"/>
      </symbol>
      <symbol id="sm-627">
         <name>Timer32_disableInterrupt</name>
         <value>0x50b3</value>
         <object_component_ref idref="oc-270"/>
      </symbol>
      <symbol id="sm-628">
         <name>Timer32_initModule</name>
         <value>0x4a71</value>
         <object_component_ref idref="oc-26a"/>
      </symbol>
      <symbol id="sm-669">
         <name>UART_enableInterrupt</name>
         <value>0x4fad</value>
         <object_component_ref idref="oc-10b"/>
      </symbol>
      <symbol id="sm-66a">
         <name>UART_receiveData</name>
         <value>0x4dd9</value>
         <object_component_ref idref="oc-1ab"/>
      </symbol>
      <symbol id="sm-66b">
         <name>UART_enableModule</name>
         <value>0x50a7</value>
         <object_component_ref idref="oc-105"/>
      </symbol>
      <symbol id="sm-66c">
         <name>UART_transmitData</name>
         <value>0x4dfd</value>
         <object_component_ref idref="oc-1bb"/>
      </symbol>
      <symbol id="sm-66d">
         <name>UART_initModule</name>
         <value>0x4441</value>
         <object_component_ref idref="oc-ff"/>
      </symbol>
      <symbol id="sm-679">
         <name>WDT_A_holdTimer</name>
         <value>0x4f65</value>
         <object_component_ref idref="oc-a5"/>
      </symbol>
      <symbol id="sm-683">
         <name>CPU_cpsie</name>
         <value>0x508f</value>
         <object_component_ref idref="oc-250"/>
      </symbol>
      <symbol id="sm-6aa">
         <name>sprintf</name>
         <value>0x4b89</value>
         <object_component_ref idref="oc-163"/>
      </symbol>
      <symbol id="sm-6b5">
         <name>__aeabi_dmul</name>
         <value>0x40ad</value>
         <object_component_ref idref="oc-177"/>
      </symbol>
      <symbol id="sm-6bf">
         <name>__aeabi_d2iz</name>
         <value>0x4ab9</value>
         <object_component_ref idref="oc-17c"/>
      </symbol>
      <symbol id="sm-6c9">
         <name>__aeabi_i2d</name>
         <value>0x4c75</value>
         <object_component_ref idref="oc-172"/>
      </symbol>
      <symbol id="sm-6e4">
         <name>memcpy</name>
         <value>0x430f</value>
         <object_component_ref idref="oc-30"/>
      </symbol>
      <symbol id="sm-6e5">
         <name>__aeabi_memcpy</name>
         <value>0x430f</value>
         <object_component_ref idref="oc-30"/>
      </symbol>
      <symbol id="sm-6e6">
         <name>__aeabi_memcpy8</name>
         <value>0x430f</value>
         <object_component_ref idref="oc-30"/>
      </symbol>
      <symbol id="sm-6e7">
         <name>__aeabi_memcpy4</name>
         <value>0x430f</value>
         <object_component_ref idref="oc-30"/>
      </symbol>
      <symbol id="sm-6fb">
         <name>__TI_zero_init_nomemset</name>
         <value>0x5029</value>
         <object_component_ref idref="oc-3c"/>
      </symbol>
      <symbol id="sm-712">
         <name>__TI_decompress_none</name>
         <value>0x5081</value>
         <object_component_ref idref="oc-16"/>
      </symbol>
      <symbol id="sm-735">
         <name>__TI_decompress_lzss</name>
         <value>0x47b1</value>
         <object_component_ref idref="oc-10"/>
      </symbol>
      <symbol id="sm-745">
         <name>strcat</name>
         <value>0x4ec1</value>
         <object_component_ref idref="oc-16c"/>
      </symbol>
      <symbol id="sm-754">
         <name>strcmp</name>
         <value>0x4f95</value>
         <object_component_ref idref="oc-14a"/>
      </symbol>
      <symbol id="sm-767">
         <name>__stack</name>
         <value>0x2000fe00</value>
         <object_component_ref idref="oc-22"/>
      </symbol>
      <symbol id="sm-768">
         <name>_c_int00_noargs</name>
         <value>0x4c41</value>
         <object_component_ref idref="oc-4e"/>
      </symbol>
      <symbol id="sm-8cd">
         <name>__TI_printfi</name>
         <value>0x2325</value>
         <object_component_ref idref="oc-2cd"/>
      </symbol>
      <symbol id="sm-8ed">
         <name>frexpl</name>
         <value>0x487d</value>
         <object_component_ref idref="oc-41f"/>
      </symbol>
      <symbol id="sm-8ee">
         <name>frexp</name>
         <value>0x487d</value>
         <object_component_ref idref="oc-41f"/>
      </symbol>
      <symbol id="sm-90b">
         <name>scalbn</name>
         <value>0x3f9d</value>
         <object_component_ref idref="oc-425"/>
      </symbol>
      <symbol id="sm-90c">
         <name>scalbnl</name>
         <value>0x3f9d</value>
         <object_component_ref idref="oc-425"/>
      </symbol>
      <symbol id="sm-90d">
         <name>ldexpl</name>
         <value>0x3f9d</value>
         <object_component_ref idref="oc-425"/>
      </symbol>
      <symbol id="sm-90e">
         <name>ldexp</name>
         <value>0x3f9d</value>
         <object_component_ref idref="oc-425"/>
      </symbol>
      <symbol id="sm-918">
         <name>copysign</name>
         <value>0x4f19</value>
         <object_component_ref idref="oc-47d"/>
      </symbol>
      <symbol id="sm-919">
         <name>copysignl</name>
         <value>0x4f19</value>
         <object_component_ref idref="oc-47d"/>
      </symbol>
      <symbol id="sm-926">
         <name>__aeabi_uldivmod</name>
         <value>0x43ab</value>
         <object_component_ref idref="oc-3e8"/>
      </symbol>
      <symbol id="sm-93d">
         <name>__aeabi_dsub</name>
         <value>0x38f9</value>
         <object_component_ref idref="oc-3ff"/>
      </symbol>
      <symbol id="sm-93e">
         <name>__aeabi_dadd</name>
         <value>0x3903</value>
         <object_component_ref idref="oc-3ff"/>
      </symbol>
      <symbol id="sm-960">
         <name>__aeabi_cdcmpeq</name>
         <value>0x44d5</value>
         <object_component_ref idref="oc-37c"/>
      </symbol>
      <symbol id="sm-961">
         <name>__aeabi_cdcmple</name>
         <value>0x44d5</value>
         <object_component_ref idref="oc-37c"/>
      </symbol>
      <symbol id="sm-962">
         <name>__aeabi_cdrcmple</name>
         <value>0x455b</value>
         <object_component_ref idref="oc-3f4"/>
      </symbol>
      <symbol id="sm-976">
         <name>__aeabi_ddiv</name>
         <value>0x3d41</value>
         <object_component_ref idref="oc-3ef"/>
      </symbol>
      <symbol id="sm-985">
         <name>__aeabi_memset</name>
         <value>0x45e3</value>
         <object_component_ref idref="oc-86"/>
      </symbol>
      <symbol id="sm-986">
         <name>memset</name>
         <value>0x45e9</value>
         <object_component_ref idref="oc-86"/>
      </symbol>
      <symbol id="sm-987">
         <name>__aeabi_memset8</name>
         <value>0x45e3</value>
         <object_component_ref idref="oc-86"/>
      </symbol>
      <symbol id="sm-988">
         <name>__aeabi_memset4</name>
         <value>0x45e3</value>
         <object_component_ref idref="oc-86"/>
      </symbol>
      <symbol id="sm-989">
         <name>__aeabi_memclr8</name>
         <value>0x45e1</value>
         <object_component_ref idref="oc-86"/>
      </symbol>
      <symbol id="sm-98a">
         <name>__aeabi_memclr4</name>
         <value>0x45e1</value>
         <object_component_ref idref="oc-86"/>
      </symbol>
      <symbol id="sm-98b">
         <name>__aeabi_memclr</name>
         <value>0x45e1</value>
         <object_component_ref idref="oc-86"/>
      </symbol>
      <symbol id="sm-9b3">
         <name>__TI_auto_init_nobinit_nopinit</name>
         <value>0x4b45</value>
         <object_component_ref idref="oc-1f2"/>
      </symbol>
      <symbol id="sm-9bd">
         <name>_system_pre_init</name>
         <value>0x50e5</value>
         <object_component_ref idref="oc-8c"/>
      </symbol>
      <symbol id="sm-9c9">
         <name>C$$EXIT</name>
         <value>0x50e9</value>
         <object_component_ref idref="oc-1e6"/>
      </symbol>
      <symbol id="sm-9ca">
         <name>abort</name>
         <value>0x50e9</value>
         <object_component_ref idref="oc-1e6"/>
      </symbol>
      <symbol id="sm-9e2">
         <name>atoi</name>
         <value>0x49dd</value>
         <object_component_ref idref="oc-370"/>
      </symbol>
      <symbol id="sm-9ed">
         <name>_ctypes_</name>
         <value>0x50ec</value>
         <object_component_ref idref="oc-3e3"/>
      </symbol>
      <symbol id="sm-9fc">
         <name>ltoa</name>
         <value>0x4937</value>
         <object_component_ref idref="oc-3f9"/>
      </symbol>
      <symbol id="sm-a0c">
         <name>memccpy</name>
         <value>0x4efd</value>
         <object_component_ref idref="oc-399"/>
      </symbol>
      <symbol id="sm-a1c">
         <name>strchr</name>
         <value>0x4fc3</value>
         <object_component_ref idref="oc-42b"/>
      </symbol>
      <symbol id="sm-a2a">
         <name>strlen</name>
         <value>0x5015</value>
         <object_component_ref idref="oc-36a"/>
      </symbol>
      <symbol id="sm-a40">
         <name>__aeabi_errno_addr</name>
         <value>0x50d9</value>
         <object_component_ref idref="oc-3a5"/>
      </symbol>
      <symbol id="sm-a41">
         <name>errno</name>
         <value>0x20000170</value>
         <object_component_ref idref="oc-43b"/>
      </symbol>
      <symbol id="sm-a5a">
         <name>wcslen</name>
         <value>0x504d</value>
         <object_component_ref idref="oc-39f"/>
      </symbol>
      <symbol id="sm-a64">
         <name>__aeabi_idiv0</name>
         <value>0x2d73</value>
         <object_component_ref idref="oc-467"/>
      </symbol>
      <symbol id="sm-a65">
         <name>__aeabi_ldiv0</name>
         <value>0x2d73</value>
         <object_component_ref idref="oc-467"/>
      </symbol>
      <symbol id="sm-a66">
         <name>__TI_static_base__</name>
         <value>0x0</value>
      </symbol>
      <symbol id="sm-a69">
         <name>__mpu_init</name>
         <value>0x0</value>
      </symbol>
      <symbol id="sm-a6a">
         <name>_system_post_cinit</name>
         <value>0x0</value>
      </symbol>
   </symbol_table>
   <title>Link successful</title>
</link_info>
